******************************************************************************
               TMS320C6x Linker PC v7.4.4                      
******************************************************************************
>> Linked Wed Dec 23 20:40:40 2020

OUTPUT FILE NAME:   <hw1_bilinear.out>
ENTRY POINT SYMBOL: "_c_int00"  address: 00409ce0


MEMORY CONFIGURATION

         name            origin    length      used     unused   attr    fill
----------------------  --------  ---------  --------  --------  ----  --------
  IRAM                  00000000   00500000  0040a8f4  000f570c  RWIX
  EMIFA_CS0             80000000   10000000  00000000  10000000  RWIX
  EMIFA_CS1             90000000   10000000  00000000  10000000  RWIX
  EMIFA_CS2             a0000000   10000000  00000000  10000000  RWIX
  EMIFA_CS3             b0000000   10000000  00000000  10000000  RWIX


SECTION ALLOCATION MAP

 output                                  attributes/
section   page    origin      length       input sections
--------  ----  ----------  ----------   ----------------
.stack     0    00000000    00200000     UNINITIALIZED
                  00000000    00000008     rts6400.lib : boot.obj (.stack)
                  00000008    001ffff8     --HOLE--

.bss       0    00000000    00000000     UNINITIALIZED

.data      0    00000000    00000000     UNINITIALIZED

.pinit     0    00000000    00000000     UNINITIALIZED

.sysmem    0    00200000    00200000     UNINITIALIZED
                  00200000    00000008     rts6400.lib : memory.obj (.sysmem)
                  00200008    001ffff8     --HOLE--

.text      0    00400000    0000a080     
                  00400000    00000820     main.obj (.text)
                  00400820    00000620     rts6400.lib : _printfi.obj (.text:__getarg_diouxp)
                  00400e40    000005c0                 : divd.obj (.text:__divd)
                  00401400    00000580                 : fwrite.obj (.text:_fwrite)
                  00401980    000004e0                 : _printfi.obj (.text:__setfield)
                  00401e60    000004c0                 : _printfi.obj (.text:__printfi)
                  00402320    00000420                 : fputs.obj (.text:_fputs)
                  00402740    00000400                 : _printfi.obj (.text:_fcvt)
                  00402b40    000003e0                 : _printfi.obj (.text:__pproc_fge)
                  00402f20    000003c0                 : _printfi.obj (.text:_ecvt)
                  004032e0    000003a0                 : divf.obj (.text:__divf)
                  00403680    00000380                 : addf.obj (.text:__addf)
                  00403a00    00000320                 : _printfi.obj (.text:__pconv_e)
                  00403d20    00000300                 : _printfi.obj (.text:__pproc_fwp)
                  00404020    00000300                 : fread.obj (.text:_fread)
                  00404320    000002e0                 : memory.obj (.text:_free)
                  00404600    000002c0                 : imath64.obj (.text:__divull)
                  004048c0    000002a0                 : _printfi.obj (.text:__pproc_diouxp)
                  00404b60    00000280                 : mpyd.obj (.text:__mpyd)
                  00404de0    00000260                 : frcaddd.obj (.text:__frcaddd)
                  00405040    00000260                 : _printfi.obj (.text:__pproc_str)
                  004052a0    00000260                 : fputc.obj (.text:_fputc)
                  00405500    00000240                 : addd.obj (.text:__addd)
                  00405740    00000240                 : mpyf.obj (.text:__mpyf)
                  00405980    00000240                 : _printfi.obj (.text:__pconv_g)
                  00405bc0    00000240                 : setvbuf.obj (.text:_setvbuf)
                  00405e00    00000200                 : trgdrv.obj (.text:_HOSTrename)
                  00406000    00000200                 : _printfi.obj (.text:__mcpy)
                  00406200    000001e0                 : fopen.obj (.text:__openfile)
                  004063e0    000001c0                 : memory.obj (.text:_malloc)
                  004065a0    000001c0                 : lowlev.obj (.text:_open)
                  00406760    000001a0                 : imath40.obj (.text:__divul)
                  00406900    00000180                 : fseek.obj (.text:_fseek)
                  00406a80    00000180                 : lowlev.obj (.text:_getdevice)
                  00406c00    00000160                 : _printfi.obj (.text:__ltostr)
                  00406d60    00000160                 : _printfi.obj (.text:__pproc_fflags)
                  00406ec0    00000140                 : fclose.obj (.text:__closefile)
                  00407000    00000140                 : fopen.obj (.text:__search_fp)
                  00407140    00000120                 : trgdrv.obj (.text:_HOSTlseek)
                  00407260    00000120                 : _bufread.obj (.text:__buff_read)
                  00407380    00000120                 : frcmpyd.obj (.text:__frcmpyd)
                  004074a0    00000120                 : _io_perm.obj (.text:__wrt_ok)
                  004075c0    00000120                 : atoi.obj (.text:_atoi)
                  004076e0    00000100                 : trgdrv.obj (.text:_HOSTopen)
                  004077e0    00000100                 : trgdrv.obj (.text:_HOSTread)
                  004078e0    00000100                 : trgdrv.obj (.text:_HOSTwrite)
                  004079e0    00000100                 : frcmpyd_div.obj (.text:__frcmpyd_div)
                  00407ae0    00000100                 : lowlev.obj (.text:_close)
                  00407be0    00000100                 : ltoa.obj (.text:_ltoa)
                  00407ce0    00000100                 : memset.obj (.text:_memset)
                  00407de0    000000e0                 : trgdrv.obj (.text:_HOSTunlink)
                  00407ec0    000000e0                 : autoinit.obj (.text:__auto_init)
                  00407fa0    000000e0                 : cmpd.obj (.text:__cmpd)
                  00408080    000000e0                 : _printfi.obj (.text:__div)
                  00408160    000000e0                 : fflush.obj (.text:__doflush)
                  00408240    000000e0                 : _printfi.obj (.text:__pconv_f)
                  00408320    000000e0                 : memcpy64.obj (.text:_memcpy)
                  00408400    000000e0                 : modf.obj (.text:_modf)
                  004084e0    000000e0                 : memory.obj (.text:_mremove)
                  004085c0    000000e0                 : printf.obj (.text:_printf)
                  004086a0    000000c0                 : trgdrv.obj (.text:_HOSTclose)
                  00408760    000000c0                 : fopen.obj (.text:__cleanup)
                  00408820    000000c0                 : cvtdf.obj (.text:__cvtdf)
                  004088e0    000000c0                 : divu.obj (.text:__divu)
                  004089a0    000000c0                 : _printfi.obj (.text:__ecpy)
                  00408a60    000000c0                 : _printfi.obj (.text:__fcpy)
                  00408b20    000000c0                 : _io_perm.obj (.text:__rd_ok)
                  00408be0    000000c0                 : exit.obj (.text:_exit)
                  00408ca0    000000c0                 : lowlev.obj (.text:_lseek)
                  00408d60    000000c0                 : memory.obj (.text:_minsert)
                  00408e20    000000c0                 : lowlev.obj (.text:_read)
                  00408ee0    000000c0                 : lowlev.obj (.text:_write)
                  00408fa0    000000a0                 : imath40.obj (.text:__divli)
                  00409040    000000a0                 : fixdi.obj (.text:__fixdi)
                  004090e0    000000a0                 : fixdli.obj (.text:__fixdli)
                  00409180    000000a0                 : fixfu.obj (.text:__fixfu)
                  00409220    000000a0                 : renormd.obj (.text:__renormd)
                  004092c0    000000a0                 : cpy_tbl.obj (.text:_copy_in)
                  00409360    000000a0                 : lowlev.obj (.text:_finddevice)
                  00409400    000000a0                 : lowlev.obj (.text:_tabinit)
                  004094a0    00000080                 : cpp_init.obj (.text:___TI_cpp_init)
                  00409520    00000080                 : fixfi.obj (.text:__fixfi)
                  004095a0    00000080                 : fltlid.obj (.text:__fltlid)
                  00409620    00000080                 : llshift.obj (.text:__llshl)
                  004096a0    00000080                 : mpyll.obj (.text:__mpyll)
                  00409720    00000080                 : ceil.obj (.text:_ceil)
                  004097a0    00000080                 : fclose.obj (.text:_fclose)
                  00409820    00000080                 : floor.obj (.text:_floor)
                  004098a0    00000080                 : fopen.obj (.text:_fopen)
                  00409920    00000080                 : memccpy.obj (.text:_memccpy)
                  004099a0    00000080                 : trgmsg.obj (.text:_readmsg)
                  00409a20    00000080                 : lowlev.obj (.text:_unlink)
                  00409aa0    00000060                 : cvtfd.obj (.text:__cvtfd)
                  00409b00    00000060                 : fltif.obj (.text:__fltif)
                  00409b60    00000060                 : frcmpyf.obj (.text:__frcmpyf)
                  00409bc0    00000060                 : llshift.obj (.text:__llshru)
                  00409c20    00000060                 : imath40.obj (.text:__remli)
                  00409c80    00000060                 : imath64.obj (.text:__subcull)
                  00409ce0    00000060                 : boot.obj (.text:_c_int00)
                  00409d40    00000060                 : trgmsg.obj (.text:_writemsg)
                  00409da0    00000040                 : isinf.obj (.text:___isinf)
                  00409de0    00000040                 : _printfi.obj (.text:___isnan)
                  00409e20    00000040                 : args_main.obj (.text:__args_main)
                  00409e60    00000040                 : fltuf.obj (.text:__fltuf)
                  00409ea0    00000040                 : frcmpyf_div.obj (.text:__frcmpyf_div)
                  00409ee0    00000040                 : negd.obj (.text:__negd)
                  00409f20    00000040                 : subd.obj (.text:__subd)
                  00409f60    00000040                 : subf.obj (.text:__subf)
                  00409fa0    00000020                 : negll.obj (.text:__negll)
                  00409fc0    00000020                 : _lock.obj (.text:__nop)
                  00409fe0    00000020                 : printf.obj (.text:__outc)
                  0040a000    00000020                 : printf.obj (.text:__outs)
                  0040a020    00000020                 : exit.obj (.text:_abort)
                  0040a040    00000020                 : remove.obj (.text:_remove)
                  0040a060    00000020                 : rewind.obj (.text:_rewind)

.far       0    0040a080    00000468     UNINITIALIZED
                  0040a080    00000324     rts6400.lib : defs.obj (.far)
                  0040a3a4    00000004                 : fopen.obj (.far)
                  0040a3a8    0000011c                 : lowlev.obj (.far)
                  0040a4c4    0000000c                 : exit.obj (.far)
                  0040a4d0    00000008                 : _lock.obj (.far)
                  0040a4d8    00000008                 : memory.obj (.far)
                  0040a4e0    00000008                 : trgdrv.obj (.far)

.const     0    0040a4e8    00000198     
                  0040a4e8    00000101     rts6400.lib : ctype.obj (.const:.string:__ctypes_)
                  0040a5e9    00000002                 : fputs.obj (.const:.string)
                  0040a5eb    00000001     --HOLE-- [fill = 0]
                  0040a5ec    00000034     main.obj (.const:.string)
                  0040a620    00000023     rts6400.lib : _printfi.obj (.const:.string)
                  0040a643    00000005     --HOLE-- [fill = 0]
                  0040a648    0000000c     main.obj (.const:.string:_iFileName)
                  0040a654    00000004     --HOLE-- [fill = 0]
                  0040a658    0000000c     main.obj (.const:.string:_oFileName)
                  0040a664    00000004     --HOLE-- [fill = 0]
                  0040a668    00000008     rts6400.lib : divd.obj (.const:.string:_initial_approx$1)
                  0040a670    00000008                 : divf.obj (.const:.string:_initial_approx$1)
                  0040a678    00000008     main.obj (.const:_output_size)

.cinit     0    0040a680    00000154     
                  0040a680    0000005c     rts6400.lib : defs.obj (.cinit)
                  0040a6dc    00000004     --HOLE-- [fill = 0]
                  0040a6e0    0000005c                 : lowlev.obj (.cinit)
                  0040a73c    00000004     --HOLE-- [fill = 0]
                  0040a740    0000002c                 : exit.obj (.cinit)
                  0040a76c    00000004     --HOLE-- [fill = 0]
                  0040a770    0000002c                 : memory.obj (.cinit)
                  0040a79c    00000004     --HOLE-- [fill = 0]
                  0040a7a0    0000001c                 : _lock.obj (.cinit)
                  0040a7bc    00000004     --HOLE-- [fill = 0]
                  0040a7c0    0000000c                 : fopen.obj (.cinit)
                  0040a7cc    00000004     --HOLE-- [fill = 0]
                  0040a7d0    00000004     (.pad.cinit) [fill = 0]

.cio       0    0040a7d8    00000120     UNINITIALIZED
                  0040a7d8    00000120     rts6400.lib : trgmsg.obj (.cio)


GLOBAL SYMBOLS: SORTED ALPHABETICALLY BY Name 

address    name
--------   ----
00000000   $bss
00000000   .bss
00000000   .data
00400000   .text
0040a020   C$$EXIT
00409d98   C$$IO$$
004086a0   _HOSTclose
00407140   _HOSTlseek
004076e0   _HOSTopen
004077e0   _HOSTread
00405e00   _HOSTrename
00407de0   _HOSTunlink
004078e0   _HOSTwrite
0040a7d8   __CIOBUF_
00200000   __STACK_END
00200000   __STACK_SIZE
00200000   __SYSMEM_SIZE
00000001   __TI_args_main
004094a0   ___TI_cpp_init
0040a4cc   ___TI_enable_exit_profile_output
ffffffff   ___TI_pprof_out_hndl
ffffffff   ___TI_prof_data_size
ffffffff   ___TI_prof_data_start
ffffffff   ___binit__
00000000   ___bss__
ffffffff   ___c_args__
0040a680   ___cinit__
00000000   ___data__
00000000   ___edata__
00000000   ___end__
0040a080   ___etext__
00409da0   ___isinf
ffffffff   ___pinit__
00400000   ___text__
00405500   __addd
00403680   __addf
00409e20   __args_main
00407ec0   __auto_init
00407260   __buff_read
004088e0   __c6xabi_divu
00408760   __cleanup
0040a4c4   __cleanup_ptr
00406ec0   __closefile
00407fa0   __cmpd
0040a4e8   __ctypes_
00408820   __cvtdf
00409aa0   __cvtfd
00400e40   __divd
004032e0   __divf
00408fa0   __divli
004088e0   __divu
00406760   __divul
00404600   __divull
00408160   __doflush
0040a4c8   __dtors_ptr
00409040   __fixdi
004090e0   __fixdli
00409520   __fixfi
00409180   __fixfu
00409b00   __fltif
004095a0   __fltlid
00409e60   __fltuf
00404de0   __frcaddd
00407380   __frcmpyd
004079e0   __frcmpyd_div
00409b60   __frcmpyf
00409ea0   __frcmpyf_div
0040a3a0   __ft_end
0040a080   __ftable
00409620   __llshl
00409bc0   __llshru
0040a4d0   __lock
00404b60   __mpyd
00405740   __mpyf
004096a0   __mpyll
00409ee0   __negd
00409fa0   __negll
00409fc0   __nop
00401e60   __printfi
00408b20   __rd_ok
00409c20   __remli
00409220   __renormd
00000000   __stack
00409c80   __subcull
00409f20   __subd
00409f60   __subf
00200000   __sys_memory
0040a260   __tmpnams
0040a4d4   __unlock
004074a0   __wrt_ok
0040a020   _abort
004075c0   _atoi
00409ce0   _c_int00
00409720   _ceil
00407ae0   _close
004092c0   _copy_in
00408be0   _exit
004097a0   _fclose
00409820   _floor
004098a0   _fopen
004052a0   _fputc
00402320   _fputs
00404020   _fread
00404320   _free
00406900   _fseek
00401400   _fwrite
0040a648   _iFileName
004003c4   _imresize
00408ca0   _lseek
00407be0   _ltoa
00400000   _main
004063e0   _malloc
00409920   _memccpy
00408320   _memcpy
00407ce0   _memset
00408400   _modf
0040a658   _oFileName
004065a0   _open
0040a678   _output_size
004085c0   _printf
004052a0   _putc
00408e20   _read
004099a0   _readmsg
0040a040   _remove
0040a060   _rewind
00405bc0   _setvbuf
00409a20   _unlink
00408ee0   _write
00409d40   _writemsg
ffffffff   binit
0040a680   cinit
00000000   edata
00000000   end
0040a080   etext
ffffffff   pinit


GLOBAL SYMBOLS: SORTED BY Symbol Address 

address    name
--------   ----
00000000   $bss
00000000   .bss
00000000   .data
00000000   ___bss__
00000000   ___data__
00000000   ___edata__
00000000   ___end__
00000000   __stack
00000000   edata
00000000   end
00000001   __TI_args_main
00200000   __STACK_END
00200000   __STACK_SIZE
00200000   __SYSMEM_SIZE
00200000   __sys_memory
00400000   .text
00400000   ___text__
00400000   _main
004003c4   _imresize
00400e40   __divd
00401400   _fwrite
00401e60   __printfi
00402320   _fputs
004032e0   __divf
00403680   __addf
00404020   _fread
00404320   _free
00404600   __divull
00404b60   __mpyd
00404de0   __frcaddd
004052a0   _fputc
004052a0   _putc
00405500   __addd
00405740   __mpyf
00405bc0   _setvbuf
00405e00   _HOSTrename
004063e0   _malloc
004065a0   _open
00406760   __divul
00406900   _fseek
00406ec0   __closefile
00407140   _HOSTlseek
00407260   __buff_read
00407380   __frcmpyd
004074a0   __wrt_ok
004075c0   _atoi
004076e0   _HOSTopen
004077e0   _HOSTread
004078e0   _HOSTwrite
004079e0   __frcmpyd_div
00407ae0   _close
00407be0   _ltoa
00407ce0   _memset
00407de0   _HOSTunlink
00407ec0   __auto_init
00407fa0   __cmpd
00408160   __doflush
00408320   _memcpy
00408400   _modf
004085c0   _printf
004086a0   _HOSTclose
00408760   __cleanup
00408820   __cvtdf
004088e0   __c6xabi_divu
004088e0   __divu
00408b20   __rd_ok
00408be0   _exit
00408ca0   _lseek
00408e20   _read
00408ee0   _write
00408fa0   __divli
00409040   __fixdi
004090e0   __fixdli
00409180   __fixfu
00409220   __renormd
004092c0   _copy_in
004094a0   ___TI_cpp_init
00409520   __fixfi
004095a0   __fltlid
00409620   __llshl
004096a0   __mpyll
00409720   _ceil
004097a0   _fclose
00409820   _floor
004098a0   _fopen
00409920   _memccpy
004099a0   _readmsg
00409a20   _unlink
00409aa0   __cvtfd
00409b00   __fltif
00409b60   __frcmpyf
00409bc0   __llshru
00409c20   __remli
00409c80   __subcull
00409ce0   _c_int00
00409d40   _writemsg
00409d98   C$$IO$$
00409da0   ___isinf
00409e20   __args_main
00409e60   __fltuf
00409ea0   __frcmpyf_div
00409ee0   __negd
00409f20   __subd
00409f60   __subf
00409fa0   __negll
00409fc0   __nop
0040a020   C$$EXIT
0040a020   _abort
0040a040   _remove
0040a060   _rewind
0040a080   ___etext__
0040a080   __ftable
0040a080   etext
0040a260   __tmpnams
0040a3a0   __ft_end
0040a4c4   __cleanup_ptr
0040a4c8   __dtors_ptr
0040a4cc   ___TI_enable_exit_profile_output
0040a4d0   __lock
0040a4d4   __unlock
0040a4e8   __ctypes_
0040a648   _iFileName
0040a658   _oFileName
0040a678   _output_size
0040a680   ___cinit__
0040a680   cinit
0040a7d8   __CIOBUF_
ffffffff   ___TI_pprof_out_hndl
ffffffff   ___TI_prof_data_size
ffffffff   ___TI_prof_data_start
ffffffff   ___binit__
ffffffff   ___c_args__
ffffffff   ___pinit__
ffffffff   binit
ffffffff   pinit

[135 symbols]
