<?xml version="1.0"?>
<link_info>
   <banner>TMS320C6x Linker PC v7.4.4</banner>
   <copyright>Copyright (c) 1996-2013 Texas Instruments Incorporated</copyright>
   <link_time>0x5fe33ac8</link_time>
   <output_file>hw1_bilinear.out</output_file>
   <entry_point>
      <name>_c_int00</name>
      <address>0x409ce0</address>
   </entry_point>
   <input_file_list>
      <input_file id="fl-2">
         <path>.\</path>
         <kind>object</kind>
         <file>main.obj</file>
         <name>main.obj</name>
      </input_file>
      <input_file id="fl-7d">
         <path>C:\Program Files\ccsv5\tools\compiler\c6000_7.4.4\lib\</path>
         <kind>archive</kind>
         <file>rts6400.lib</file>
         <name>addf.obj</name>
      </input_file>
      <input_file id="fl-7e">
         <path>C:\Program Files\ccsv5\tools\compiler\c6000_7.4.4\lib\</path>
         <kind>archive</kind>
         <file>rts6400.lib</file>
         <name>boot.obj</name>
      </input_file>
      <input_file id="fl-7f">
         <path>C:\Program Files\ccsv5\tools\compiler\c6000_7.4.4\lib\</path>
         <kind>archive</kind>
         <file>rts6400.lib</file>
         <name>ceil.obj</name>
      </input_file>
      <input_file id="fl-80">
         <path>C:\Program Files\ccsv5\tools\compiler\c6000_7.4.4\lib\</path>
         <kind>archive</kind>
         <file>rts6400.lib</file>
         <name>cmpd.obj</name>
      </input_file>
      <input_file id="fl-81">
         <path>C:\Program Files\ccsv5\tools\compiler\c6000_7.4.4\lib\</path>
         <kind>archive</kind>
         <file>rts6400.lib</file>
         <name>cvtdf.obj</name>
      </input_file>
      <input_file id="fl-82">
         <path>C:\Program Files\ccsv5\tools\compiler\c6000_7.4.4\lib\</path>
         <kind>archive</kind>
         <file>rts6400.lib</file>
         <name>cvtfd.obj</name>
      </input_file>
      <input_file id="fl-83">
         <path>C:\Program Files\ccsv5\tools\compiler\c6000_7.4.4\lib\</path>
         <kind>archive</kind>
         <file>rts6400.lib</file>
         <name>divf.obj</name>
      </input_file>
      <input_file id="fl-84">
         <path>C:\Program Files\ccsv5\tools\compiler\c6000_7.4.4\lib\</path>
         <kind>archive</kind>
         <file>rts6400.lib</file>
         <name>exit.obj</name>
      </input_file>
      <input_file id="fl-85">
         <path>C:\Program Files\ccsv5\tools\compiler\c6000_7.4.4\lib\</path>
         <kind>archive</kind>
         <file>rts6400.lib</file>
         <name>fclose.obj</name>
      </input_file>
      <input_file id="fl-86">
         <path>C:\Program Files\ccsv5\tools\compiler\c6000_7.4.4\lib\</path>
         <kind>archive</kind>
         <file>rts6400.lib</file>
         <name>fflush.obj</name>
      </input_file>
      <input_file id="fl-87">
         <path>C:\Program Files\ccsv5\tools\compiler\c6000_7.4.4\lib\</path>
         <kind>archive</kind>
         <file>rts6400.lib</file>
         <name>fixfi.obj</name>
      </input_file>
      <input_file id="fl-88">
         <path>C:\Program Files\ccsv5\tools\compiler\c6000_7.4.4\lib\</path>
         <kind>archive</kind>
         <file>rts6400.lib</file>
         <name>fixfu.obj</name>
      </input_file>
      <input_file id="fl-89">
         <path>C:\Program Files\ccsv5\tools\compiler\c6000_7.4.4\lib\</path>
         <kind>archive</kind>
         <file>rts6400.lib</file>
         <name>floor.obj</name>
      </input_file>
      <input_file id="fl-8a">
         <path>C:\Program Files\ccsv5\tools\compiler\c6000_7.4.4\lib\</path>
         <kind>archive</kind>
         <file>rts6400.lib</file>
         <name>fltif.obj</name>
      </input_file>
      <input_file id="fl-8b">
         <path>C:\Program Files\ccsv5\tools\compiler\c6000_7.4.4\lib\</path>
         <kind>archive</kind>
         <file>rts6400.lib</file>
         <name>fltuf.obj</name>
      </input_file>
      <input_file id="fl-8c">
         <path>C:\Program Files\ccsv5\tools\compiler\c6000_7.4.4\lib\</path>
         <kind>archive</kind>
         <file>rts6400.lib</file>
         <name>fopen.obj</name>
      </input_file>
      <input_file id="fl-8d">
         <path>C:\Program Files\ccsv5\tools\compiler\c6000_7.4.4\lib\</path>
         <kind>archive</kind>
         <file>rts6400.lib</file>
         <name>frcmpyf_div.obj</name>
      </input_file>
      <input_file id="fl-8e">
         <path>C:\Program Files\ccsv5\tools\compiler\c6000_7.4.4\lib\</path>
         <kind>archive</kind>
         <file>rts6400.lib</file>
         <name>fread.obj</name>
      </input_file>
      <input_file id="fl-8f">
         <path>C:\Program Files\ccsv5\tools\compiler\c6000_7.4.4\lib\</path>
         <kind>archive</kind>
         <file>rts6400.lib</file>
         <name>fwrite.obj</name>
      </input_file>
      <input_file id="fl-90">
         <path>C:\Program Files\ccsv5\tools\compiler\c6000_7.4.4\lib\</path>
         <kind>archive</kind>
         <file>rts6400.lib</file>
         <name>lowlev.obj</name>
      </input_file>
      <input_file id="fl-91">
         <path>C:\Program Files\ccsv5\tools\compiler\c6000_7.4.4\lib\</path>
         <kind>archive</kind>
         <file>rts6400.lib</file>
         <name>memcpy64.obj</name>
      </input_file>
      <input_file id="fl-92">
         <path>C:\Program Files\ccsv5\tools\compiler\c6000_7.4.4\lib\</path>
         <kind>archive</kind>
         <file>rts6400.lib</file>
         <name>memory.obj</name>
      </input_file>
      <input_file id="fl-93">
         <path>C:\Program Files\ccsv5\tools\compiler\c6000_7.4.4\lib\</path>
         <kind>archive</kind>
         <file>rts6400.lib</file>
         <name>memset.obj</name>
      </input_file>
      <input_file id="fl-94">
         <path>C:\Program Files\ccsv5\tools\compiler\c6000_7.4.4\lib\</path>
         <kind>archive</kind>
         <file>rts6400.lib</file>
         <name>modf.obj</name>
      </input_file>
      <input_file id="fl-95">
         <path>C:\Program Files\ccsv5\tools\compiler\c6000_7.4.4\lib\</path>
         <kind>archive</kind>
         <file>rts6400.lib</file>
         <name>mpyf.obj</name>
      </input_file>
      <input_file id="fl-96">
         <path>C:\Program Files\ccsv5\tools\compiler\c6000_7.4.4\lib\</path>
         <kind>archive</kind>
         <file>rts6400.lib</file>
         <name>printf.obj</name>
      </input_file>
      <input_file id="fl-97">
         <path>C:\Program Files\ccsv5\tools\compiler\c6000_7.4.4\lib\</path>
         <kind>archive</kind>
         <file>rts6400.lib</file>
         <name>remove.obj</name>
      </input_file>
      <input_file id="fl-98">
         <path>C:\Program Files\ccsv5\tools\compiler\c6000_7.4.4\lib\</path>
         <kind>archive</kind>
         <file>rts6400.lib</file>
         <name>rewind.obj</name>
      </input_file>
      <input_file id="fl-99">
         <path>C:\Program Files\ccsv5\tools\compiler\c6000_7.4.4\lib\</path>
         <kind>archive</kind>
         <file>rts6400.lib</file>
         <name>subd.obj</name>
      </input_file>
      <input_file id="fl-9a">
         <path>C:\Program Files\ccsv5\tools\compiler\c6000_7.4.4\lib\</path>
         <kind>archive</kind>
         <file>rts6400.lib</file>
         <name>subf.obj</name>
      </input_file>
      <input_file id="fl-9b">
         <path>C:\Program Files\ccsv5\tools\compiler\c6000_7.4.4\lib\</path>
         <kind>archive</kind>
         <file>rts6400.lib</file>
         <name>trgdrv.obj</name>
      </input_file>
      <input_file id="fl-9c">
         <path>C:\Program Files\ccsv5\tools\compiler\c6000_7.4.4\lib\</path>
         <kind>archive</kind>
         <file>rts6400.lib</file>
         <name>trgmsg.obj</name>
      </input_file>
      <input_file id="fl-9d">
         <path>C:\Program Files\ccsv5\tools\compiler\c6000_7.4.4\lib\</path>
         <kind>archive</kind>
         <file>rts6400.lib</file>
         <name>_bufread.obj</name>
      </input_file>
      <input_file id="fl-9e">
         <path>C:\Program Files\ccsv5\tools\compiler\c6000_7.4.4\lib\</path>
         <kind>archive</kind>
         <file>rts6400.lib</file>
         <name>_io_perm.obj</name>
      </input_file>
      <input_file id="fl-9f">
         <path>C:\Program Files\ccsv5\tools\compiler\c6000_7.4.4\lib\</path>
         <kind>archive</kind>
         <file>rts6400.lib</file>
         <name>_lock.obj</name>
      </input_file>
      <input_file id="fl-a0">
         <path>C:\Program Files\ccsv5\tools\compiler\c6000_7.4.4\lib\</path>
         <kind>archive</kind>
         <file>rts6400.lib</file>
         <name>_printfi.obj</name>
      </input_file>
      <input_file id="fl-a1">
         <path>C:\Program Files\ccsv5\tools\compiler\c6000_7.4.4\lib\</path>
         <kind>archive</kind>
         <file>rts6400.lib</file>
         <name>addd.obj</name>
      </input_file>
      <input_file id="fl-a2">
         <path>C:\Program Files\ccsv5\tools\compiler\c6000_7.4.4\lib\</path>
         <kind>archive</kind>
         <file>rts6400.lib</file>
         <name>args_main.obj</name>
      </input_file>
      <input_file id="fl-a3">
         <path>C:\Program Files\ccsv5\tools\compiler\c6000_7.4.4\lib\</path>
         <kind>archive</kind>
         <file>rts6400.lib</file>
         <name>atoi.obj</name>
      </input_file>
      <input_file id="fl-a4">
         <path>C:\Program Files\ccsv5\tools\compiler\c6000_7.4.4\lib\</path>
         <kind>archive</kind>
         <file>rts6400.lib</file>
         <name>autoinit.obj</name>
      </input_file>
      <input_file id="fl-a5">
         <path>C:\Program Files\ccsv5\tools\compiler\c6000_7.4.4\lib\</path>
         <kind>archive</kind>
         <file>rts6400.lib</file>
         <name>cpp_init.obj</name>
      </input_file>
      <input_file id="fl-a6">
         <path>C:\Program Files\ccsv5\tools\compiler\c6000_7.4.4\lib\</path>
         <kind>archive</kind>
         <file>rts6400.lib</file>
         <name>cpy_tbl.obj</name>
      </input_file>
      <input_file id="fl-a7">
         <path>C:\Program Files\ccsv5\tools\compiler\c6000_7.4.4\lib\</path>
         <kind>archive</kind>
         <file>rts6400.lib</file>
         <name>ctype.obj</name>
      </input_file>
      <input_file id="fl-a8">
         <path>C:\Program Files\ccsv5\tools\compiler\c6000_7.4.4\lib\</path>
         <kind>archive</kind>
         <file>rts6400.lib</file>
         <name>defs.obj</name>
      </input_file>
      <input_file id="fl-a9">
         <path>C:\Program Files\ccsv5\tools\compiler\c6000_7.4.4\lib\</path>
         <kind>archive</kind>
         <file>rts6400.lib</file>
         <name>divd.obj</name>
      </input_file>
      <input_file id="fl-aa">
         <path>C:\Program Files\ccsv5\tools\compiler\c6000_7.4.4\lib\</path>
         <kind>archive</kind>
         <file>rts6400.lib</file>
         <name>divu.obj</name>
      </input_file>
      <input_file id="fl-ab">
         <path>C:\Program Files\ccsv5\tools\compiler\c6000_7.4.4\lib\</path>
         <kind>archive</kind>
         <file>rts6400.lib</file>
         <name>fixdi.obj</name>
      </input_file>
      <input_file id="fl-ac">
         <path>C:\Program Files\ccsv5\tools\compiler\c6000_7.4.4\lib\</path>
         <kind>archive</kind>
         <file>rts6400.lib</file>
         <name>fixdli.obj</name>
      </input_file>
      <input_file id="fl-ad">
         <path>C:\Program Files\ccsv5\tools\compiler\c6000_7.4.4\lib\</path>
         <kind>archive</kind>
         <file>rts6400.lib</file>
         <name>fltlid.obj</name>
      </input_file>
      <input_file id="fl-ae">
         <path>C:\Program Files\ccsv5\tools\compiler\c6000_7.4.4\lib\</path>
         <kind>archive</kind>
         <file>rts6400.lib</file>
         <name>fputc.obj</name>
      </input_file>
      <input_file id="fl-af">
         <path>C:\Program Files\ccsv5\tools\compiler\c6000_7.4.4\lib\</path>
         <kind>archive</kind>
         <file>rts6400.lib</file>
         <name>fputs.obj</name>
      </input_file>
      <input_file id="fl-b0">
         <path>C:\Program Files\ccsv5\tools\compiler\c6000_7.4.4\lib\</path>
         <kind>archive</kind>
         <file>rts6400.lib</file>
         <name>frcaddd.obj</name>
      </input_file>
      <input_file id="fl-b1">
         <path>C:\Program Files\ccsv5\tools\compiler\c6000_7.4.4\lib\</path>
         <kind>archive</kind>
         <file>rts6400.lib</file>
         <name>frcmpyd_div.obj</name>
      </input_file>
      <input_file id="fl-b2">
         <path>C:\Program Files\ccsv5\tools\compiler\c6000_7.4.4\lib\</path>
         <kind>archive</kind>
         <file>rts6400.lib</file>
         <name>frcmpyf.obj</name>
      </input_file>
      <input_file id="fl-b3">
         <path>C:\Program Files\ccsv5\tools\compiler\c6000_7.4.4\lib\</path>
         <kind>archive</kind>
         <file>rts6400.lib</file>
         <name>fseek.obj</name>
      </input_file>
      <input_file id="fl-b4">
         <path>C:\Program Files\ccsv5\tools\compiler\c6000_7.4.4\lib\</path>
         <kind>archive</kind>
         <file>rts6400.lib</file>
         <name>imath40.obj</name>
      </input_file>
      <input_file id="fl-b5">
         <path>C:\Program Files\ccsv5\tools\compiler\c6000_7.4.4\lib\</path>
         <kind>archive</kind>
         <file>rts6400.lib</file>
         <name>imath64.obj</name>
      </input_file>
      <input_file id="fl-b6">
         <path>C:\Program Files\ccsv5\tools\compiler\c6000_7.4.4\lib\</path>
         <kind>archive</kind>
         <file>rts6400.lib</file>
         <name>isinf.obj</name>
      </input_file>
      <input_file id="fl-b7">
         <path>C:\Program Files\ccsv5\tools\compiler\c6000_7.4.4\lib\</path>
         <kind>archive</kind>
         <file>rts6400.lib</file>
         <name>llshift.obj</name>
      </input_file>
      <input_file id="fl-b8">
         <path>C:\Program Files\ccsv5\tools\compiler\c6000_7.4.4\lib\</path>
         <kind>archive</kind>
         <file>rts6400.lib</file>
         <name>ltoa.obj</name>
      </input_file>
      <input_file id="fl-b9">
         <path>C:\Program Files\ccsv5\tools\compiler\c6000_7.4.4\lib\</path>
         <kind>archive</kind>
         <file>rts6400.lib</file>
         <name>memccpy.obj</name>
      </input_file>
      <input_file id="fl-ba">
         <path>C:\Program Files\ccsv5\tools\compiler\c6000_7.4.4\lib\</path>
         <kind>archive</kind>
         <file>rts6400.lib</file>
         <name>mpyd.obj</name>
      </input_file>
      <input_file id="fl-bb">
         <path>C:\Program Files\ccsv5\tools\compiler\c6000_7.4.4\lib\</path>
         <kind>archive</kind>
         <file>rts6400.lib</file>
         <name>mpyll.obj</name>
      </input_file>
      <input_file id="fl-bc">
         <path>C:\Program Files\ccsv5\tools\compiler\c6000_7.4.4\lib\</path>
         <kind>archive</kind>
         <file>rts6400.lib</file>
         <name>negd.obj</name>
      </input_file>
      <input_file id="fl-bd">
         <path>C:\Program Files\ccsv5\tools\compiler\c6000_7.4.4\lib\</path>
         <kind>archive</kind>
         <file>rts6400.lib</file>
         <name>negll.obj</name>
      </input_file>
      <input_file id="fl-be">
         <path>C:\Program Files\ccsv5\tools\compiler\c6000_7.4.4\lib\</path>
         <kind>archive</kind>
         <file>rts6400.lib</file>
         <name>renormd.obj</name>
      </input_file>
      <input_file id="fl-bf">
         <path>C:\Program Files\ccsv5\tools\compiler\c6000_7.4.4\lib\</path>
         <kind>archive</kind>
         <file>rts6400.lib</file>
         <name>setvbuf.obj</name>
      </input_file>
      <input_file id="fl-c0">
         <path>C:\Program Files\ccsv5\tools\compiler\c6000_7.4.4\lib\</path>
         <kind>archive</kind>
         <file>rts6400.lib</file>
         <name>abs.obj</name>
      </input_file>
      <input_file id="fl-c1">
         <path>C:\Program Files\ccsv5\tools\compiler\c6000_7.4.4\lib\</path>
         <kind>archive</kind>
         <file>rts6400.lib</file>
         <name>frcmpyd.obj</name>
      </input_file>
   </input_file_list>
   <object_component_list>
      <object_component id="oc-10a">
         <name>.text</name>
         <load_address>0x400000</load_address>
         <run_address>0x400000</run_address>
         <size>0x820</size>
         <input_file_ref idref="fl-2"/>
      </object_component>
      <object_component id="oc-15a">
         <name>.text:__getarg_diouxp</name>
         <load_address>0x400820</load_address>
         <run_address>0x400820</run_address>
         <size>0x620</size>
         <input_file_ref idref="fl-a0"/>
      </object_component>
      <object_component id="oc-163">
         <name>.text:__divd</name>
         <load_address>0x400e40</load_address>
         <run_address>0x400e40</run_address>
         <size>0x5c0</size>
         <input_file_ref idref="fl-a9"/>
      </object_component>
      <object_component id="oc-115">
         <name>.text:_fwrite</name>
         <load_address>0x401400</load_address>
         <run_address>0x401400</run_address>
         <size>0x580</size>
         <input_file_ref idref="fl-8f"/>
      </object_component>
      <object_component id="oc-142">
         <name>.text:__setfield</name>
         <load_address>0x401980</load_address>
         <run_address>0x401980</run_address>
         <size>0x4e0</size>
         <input_file_ref idref="fl-a0"/>
      </object_component>
      <object_component id="oc-12c">
         <name>.text:__printfi</name>
         <load_address>0x401e60</load_address>
         <run_address>0x401e60</run_address>
         <size>0x4c0</size>
         <input_file_ref idref="fl-a0"/>
      </object_component>
      <object_component id="oc-13f">
         <name>.text:_fputs</name>
         <load_address>0x402320</load_address>
         <run_address>0x402320</run_address>
         <size>0x420</size>
         <input_file_ref idref="fl-af"/>
      </object_component>
      <object_component id="oc-160">
         <name>.text:_fcvt</name>
         <load_address>0x402740</load_address>
         <run_address>0x402740</run_address>
         <size>0x400</size>
         <input_file_ref idref="fl-a0"/>
      </object_component>
      <object_component id="oc-14d">
         <name>.text:__pproc_fge</name>
         <load_address>0x402b40</load_address>
         <run_address>0x402b40</run_address>
         <size>0x3e0</size>
         <input_file_ref idref="fl-a0"/>
      </object_component>
      <object_component id="oc-15d">
         <name>.text:_ecvt</name>
         <load_address>0x402f20</load_address>
         <run_address>0x402f20</run_address>
         <size>0x3c0</size>
         <input_file_ref idref="fl-a0"/>
      </object_component>
      <object_component id="oc-11a">
         <name>.text:__divf</name>
         <load_address>0x4032e0</load_address>
         <run_address>0x4032e0</run_address>
         <size>0x3a0</size>
         <input_file_ref idref="fl-83"/>
      </object_component>
      <object_component id="oc-120">
         <name>.text:__addf</name>
         <load_address>0x403680</load_address>
         <run_address>0x403680</run_address>
         <size>0x380</size>
         <input_file_ref idref="fl-7d"/>
      </object_component>
      <object_component id="oc-159">
         <name>.text:__pconv_e</name>
         <load_address>0x403a00</load_address>
         <run_address>0x403a00</run_address>
         <size>0x320</size>
         <input_file_ref idref="fl-a0"/>
      </object_component>
      <object_component id="oc-141">
         <name>.text:__pproc_fwp</name>
         <load_address>0x403d20</load_address>
         <run_address>0x403d20</run_address>
         <size>0x300</size>
         <input_file_ref idref="fl-a0"/>
      </object_component>
      <object_component id="oc-111">
         <name>.text:_fread</name>
         <load_address>0x404020</load_address>
         <run_address>0x404020</run_address>
         <size>0x300</size>
         <input_file_ref idref="fl-8e"/>
      </object_component>
      <object_component id="oc-146">
         <name>.text:_free</name>
         <load_address>0x404320</load_address>
         <run_address>0x404320</run_address>
         <size>0x2e0</size>
         <input_file_ref idref="fl-92"/>
      </object_component>
      <object_component id="oc-16e">
         <name>.text:__divull</name>
         <load_address>0x404600</load_address>
         <run_address>0x404600</run_address>
         <size>0x2c0</size>
         <input_file_ref idref="fl-b5"/>
      </object_component>
      <object_component id="oc-14e">
         <name>.text:__pproc_diouxp</name>
         <load_address>0x4048c0</load_address>
         <run_address>0x4048c0</run_address>
         <size>0x2a0</size>
         <input_file_ref idref="fl-a0"/>
      </object_component>
      <object_component id="oc-162">
         <name>.text:__mpyd</name>
         <load_address>0x404b60</load_address>
         <run_address>0x404b60</run_address>
         <size>0x280</size>
         <input_file_ref idref="fl-ba"/>
      </object_component>
      <object_component id="oc-149">
         <name>.text:__frcaddd</name>
         <load_address>0x404de0</load_address>
         <run_address>0x404de0</run_address>
         <size>0x260</size>
         <input_file_ref idref="fl-b0"/>
      </object_component>
      <object_component id="oc-143">
         <name>.text:__pproc_str</name>
         <load_address>0x405040</load_address>
         <run_address>0x405040</run_address>
         <size>0x260</size>
         <input_file_ref idref="fl-a0"/>
      </object_component>
      <object_component id="oc-144">
         <name>.text:_fputc</name>
         <load_address>0x4052a0</load_address>
         <run_address>0x4052a0</run_address>
         <size>0x260</size>
         <input_file_ref idref="fl-ae"/>
      </object_component>
      <object_component id="oc-13b">
         <name>.text:__addd</name>
         <load_address>0x405500</load_address>
         <run_address>0x405500</run_address>
         <size>0x240</size>
         <input_file_ref idref="fl-a1"/>
      </object_component>
      <object_component id="oc-11b">
         <name>.text:__mpyf</name>
         <load_address>0x405740</load_address>
         <run_address>0x405740</run_address>
         <size>0x240</size>
         <input_file_ref idref="fl-95"/>
      </object_component>
      <object_component id="oc-157">
         <name>.text:__pconv_g</name>
         <load_address>0x405980</load_address>
         <run_address>0x405980</run_address>
         <size>0x240</size>
         <input_file_ref idref="fl-a0"/>
      </object_component>
      <object_component id="oc-13e">
         <name>.text:_setvbuf</name>
         <load_address>0x405bc0</load_address>
         <run_address>0x405bc0</run_address>
         <size>0x240</size>
         <input_file_ref idref="fl-bf"/>
      </object_component>
      <object_component id="oc-105">
         <name>.text:_HOSTrename</name>
         <load_address>0x405e00</load_address>
         <run_address>0x405e00</run_address>
         <size>0x200</size>
         <input_file_ref idref="fl-9b"/>
      </object_component>
      <object_component id="oc-15f">
         <name>.text:__mcpy</name>
         <load_address>0x406000</load_address>
         <run_address>0x406000</run_address>
         <size>0x200</size>
         <input_file_ref idref="fl-a0"/>
      </object_component>
      <object_component id="oc-126">
         <name>.text:__openfile</name>
         <load_address>0x406200</load_address>
         <run_address>0x406200</run_address>
         <size>0x1e0</size>
         <input_file_ref idref="fl-8c"/>
      </object_component>
      <object_component id="oc-116">
         <name>.text:_malloc</name>
         <load_address>0x4063e0</load_address>
         <run_address>0x4063e0</run_address>
         <size>0x1c0</size>
         <input_file_ref idref="fl-92"/>
      </object_component>
      <object_component id="oc-13d">
         <name>.text:_open</name>
         <load_address>0x4065a0</load_address>
         <run_address>0x4065a0</run_address>
         <size>0x1c0</size>
         <input_file_ref idref="fl-90"/>
      </object_component>
      <object_component id="oc-16d">
         <name>.text:__divul</name>
         <load_address>0x406760</load_address>
         <run_address>0x406760</run_address>
         <size>0x1a0</size>
         <input_file_ref idref="fl-b4"/>
      </object_component>
      <object_component id="oc-12e">
         <name>.text:_fseek</name>
         <load_address>0x406900</load_address>
         <run_address>0x406900</run_address>
         <size>0x180</size>
         <input_file_ref idref="fl-b3"/>
      </object_component>
      <object_component id="oc-14b">
         <name>.text:_getdevice</name>
         <load_address>0x406a80</load_address>
         <run_address>0x406a80</run_address>
         <size>0x180</size>
         <input_file_ref idref="fl-90"/>
      </object_component>
      <object_component id="oc-15c">
         <name>.text:__ltostr</name>
         <load_address>0x406c00</load_address>
         <run_address>0x406c00</run_address>
         <size>0x160</size>
         <input_file_ref idref="fl-a0"/>
      </object_component>
      <object_component id="oc-140">
         <name>.text:__pproc_fflags</name>
         <load_address>0x406d60</load_address>
         <run_address>0x406d60</run_address>
         <size>0x160</size>
         <input_file_ref idref="fl-a0"/>
      </object_component>
      <object_component id="oc-134">
         <name>.text:__closefile</name>
         <load_address>0x406ec0</load_address>
         <run_address>0x406ec0</run_address>
         <size>0x140</size>
         <input_file_ref idref="fl-85"/>
      </object_component>
      <object_component id="oc-125">
         <name>.text:__search_fp</name>
         <load_address>0x407000</load_address>
         <run_address>0x407000</run_address>
         <size>0x140</size>
         <input_file_ref idref="fl-8c"/>
      </object_component>
      <object_component id="oc-103">
         <name>.text:_HOSTlseek</name>
         <load_address>0x407140</load_address>
         <run_address>0x407140</run_address>
         <size>0x120</size>
         <input_file_ref idref="fl-9b"/>
      </object_component>
      <object_component id="oc-128">
         <name>.text:__buff_read</name>
         <load_address>0x407260</load_address>
         <run_address>0x407260</run_address>
         <size>0x120</size>
         <input_file_ref idref="fl-9d"/>
      </object_component>
      <object_component id="oc-16a">
         <name>.text:__frcmpyd</name>
         <load_address>0x407380</load_address>
         <run_address>0x407380</run_address>
         <size>0x120</size>
         <input_file_ref idref="fl-c1"/>
      </object_component>
      <object_component id="oc-12f">
         <name>.text:__wrt_ok</name>
         <load_address>0x4074a0</load_address>
         <run_address>0x4074a0</run_address>
         <size>0x120</size>
         <input_file_ref idref="fl-9e"/>
      </object_component>
      <object_component id="oc-14c">
         <name>.text:_atoi</name>
         <load_address>0x4075c0</load_address>
         <run_address>0x4075c0</run_address>
         <size>0x120</size>
         <input_file_ref idref="fl-a3"/>
      </object_component>
      <object_component id="oc-ff">
         <name>.text:_HOSTopen</name>
         <load_address>0x4076e0</load_address>
         <run_address>0x4076e0</run_address>
         <size>0x100</size>
         <input_file_ref idref="fl-9b"/>
      </object_component>
      <object_component id="oc-101">
         <name>.text:_HOSTread</name>
         <load_address>0x4077e0</load_address>
         <run_address>0x4077e0</run_address>
         <size>0x100</size>
         <input_file_ref idref="fl-9b"/>
      </object_component>
      <object_component id="oc-102">
         <name>.text:_HOSTwrite</name>
         <load_address>0x4078e0</load_address>
         <run_address>0x4078e0</run_address>
         <size>0x100</size>
         <input_file_ref idref="fl-9b"/>
      </object_component>
      <object_component id="oc-16c">
         <name>.text:__frcmpyd_div</name>
         <load_address>0x4079e0</load_address>
         <run_address>0x4079e0</run_address>
         <size>0x100</size>
         <input_file_ref idref="fl-b1"/>
      </object_component>
      <object_component id="oc-147">
         <name>.text:_close</name>
         <load_address>0x407ae0</load_address>
         <run_address>0x407ae0</run_address>
         <size>0x100</size>
         <input_file_ref idref="fl-90"/>
      </object_component>
      <object_component id="oc-167">
         <name>.text:_ltoa</name>
         <load_address>0x407be0</load_address>
         <run_address>0x407be0</run_address>
         <size>0x100</size>
         <input_file_ref idref="fl-b8"/>
      </object_component>
      <object_component id="oc-117">
         <name>.text:_memset</name>
         <load_address>0x407ce0</load_address>
         <run_address>0x407ce0</run_address>
         <size>0x100</size>
         <input_file_ref idref="fl-93"/>
      </object_component>
      <object_component id="oc-104">
         <name>.text:_HOSTunlink</name>
         <load_address>0x407de0</load_address>
         <run_address>0x407de0</run_address>
         <size>0xe0</size>
         <input_file_ref idref="fl-9b"/>
      </object_component>
      <object_component id="oc-fc">
         <name>.text:__auto_init</name>
         <load_address>0x407ec0</load_address>
         <run_address>0x407ec0</run_address>
         <size>0xe0</size>
         <input_file_ref idref="fl-a4"/>
      </object_component>
      <object_component id="oc-139">
         <name>.text:__cmpd</name>
         <load_address>0x407fa0</load_address>
         <run_address>0x407fa0</run_address>
         <size>0xe0</size>
         <input_file_ref idref="fl-80"/>
      </object_component>
      <object_component id="oc-164">
         <name>.text:__div</name>
         <load_address>0x408080</load_address>
         <run_address>0x408080</run_address>
         <size>0xe0</size>
         <input_file_ref idref="fl-a0"/>
      </object_component>
      <object_component id="oc-130">
         <name>.text:__doflush</name>
         <load_address>0x408160</load_address>
         <run_address>0x408160</run_address>
         <size>0xe0</size>
         <input_file_ref idref="fl-86"/>
      </object_component>
      <object_component id="oc-158">
         <name>.text:__pconv_f</name>
         <load_address>0x408240</load_address>
         <run_address>0x408240</run_address>
         <size>0xe0</size>
         <input_file_ref idref="fl-a0"/>
      </object_component>
      <object_component id="oc-108">
         <name>.text:_memcpy</name>
         <load_address>0x408320</load_address>
         <run_address>0x408320</run_address>
         <size>0xe0</size>
         <input_file_ref idref="fl-91"/>
      </object_component>
      <object_component id="oc-138">
         <name>.text:_modf</name>
         <load_address>0x408400</load_address>
         <run_address>0x408400</run_address>
         <size>0xe0</size>
         <input_file_ref idref="fl-94"/>
      </object_component>
      <object_component id="oc-132">
         <name>.text:_mremove</name>
         <load_address>0x4084e0</load_address>
         <run_address>0x4084e0</run_address>
         <size>0xe0</size>
         <input_file_ref idref="fl-92"/>
      </object_component>
      <object_component id="oc-112">
         <name>.text:_printf</name>
         <load_address>0x4085c0</load_address>
         <run_address>0x4085c0</run_address>
         <size>0xe0</size>
         <input_file_ref idref="fl-96"/>
      </object_component>
      <object_component id="oc-100">
         <name>.text:_HOSTclose</name>
         <load_address>0x4086a0</load_address>
         <run_address>0x4086a0</run_address>
         <size>0xc0</size>
         <input_file_ref idref="fl-9b"/>
      </object_component>
      <object_component id="oc-13c">
         <name>.text:__cleanup</name>
         <load_address>0x408760</load_address>
         <run_address>0x408760</run_address>
         <size>0xc0</size>
         <input_file_ref idref="fl-8c"/>
      </object_component>
      <object_component id="oc-11e">
         <name>.text:__cvtdf</name>
         <load_address>0x408820</load_address>
         <run_address>0x408820</run_address>
         <size>0xc0</size>
         <input_file_ref idref="fl-81"/>
      </object_component>
      <object_component id="oc-129">
         <name>.text:__divu</name>
         <load_address>0x4088e0</load_address>
         <run_address>0x4088e0</run_address>
         <size>0xc0</size>
         <input_file_ref idref="fl-aa"/>
      </object_component>
      <object_component id="oc-15e">
         <name>.text:__ecpy</name>
         <load_address>0x4089a0</load_address>
         <run_address>0x4089a0</run_address>
         <size>0xc0</size>
         <input_file_ref idref="fl-a0"/>
      </object_component>
      <object_component id="oc-161">
         <name>.text:__fcpy</name>
         <load_address>0x408a60</load_address>
         <run_address>0x408a60</run_address>
         <size>0xc0</size>
         <input_file_ref idref="fl-a0"/>
      </object_component>
      <object_component id="oc-127">
         <name>.text:__rd_ok</name>
         <load_address>0x408b20</load_address>
         <run_address>0x408b20</run_address>
         <size>0xc0</size>
         <input_file_ref idref="fl-9e"/>
      </object_component>
      <object_component id="oc-fe">
         <name>.text:_exit</name>
         <load_address>0x408be0</load_address>
         <run_address>0x408be0</run_address>
         <size>0xc0</size>
         <input_file_ref idref="fl-84"/>
      </object_component>
      <object_component id="oc-145">
         <name>.text:_lseek</name>
         <load_address>0x408ca0</load_address>
         <run_address>0x408ca0</run_address>
         <size>0xc0</size>
         <input_file_ref idref="fl-90"/>
      </object_component>
      <object_component id="oc-133">
         <name>.text:_minsert</name>
         <load_address>0x408d60</load_address>
         <run_address>0x408d60</run_address>
         <size>0xc0</size>
         <input_file_ref idref="fl-92"/>
      </object_component>
      <object_component id="oc-12a">
         <name>.text:_read</name>
         <load_address>0x408e20</load_address>
         <run_address>0x408e20</run_address>
         <size>0xc0</size>
         <input_file_ref idref="fl-90"/>
      </object_component>
      <object_component id="oc-131">
         <name>.text:_write</name>
         <load_address>0x408ee0</load_address>
         <run_address>0x408ee0</run_address>
         <size>0xc0</size>
         <input_file_ref idref="fl-90"/>
      </object_component>
      <object_component id="oc-170">
         <name>.text:__divli</name>
         <load_address>0x408fa0</load_address>
         <run_address>0x408fa0</run_address>
         <size>0xa0</size>
         <input_file_ref idref="fl-b4"/>
      </object_component>
      <object_component id="oc-169">
         <name>.text:__fixdi</name>
         <load_address>0x409040</load_address>
         <run_address>0x409040</run_address>
         <size>0xa0</size>
         <input_file_ref idref="fl-ab"/>
      </object_component>
      <object_component id="oc-166">
         <name>.text:__fixdli</name>
         <load_address>0x4090e0</load_address>
         <run_address>0x4090e0</run_address>
         <size>0xa0</size>
         <input_file_ref idref="fl-ac"/>
      </object_component>
      <object_component id="oc-124">
         <name>.text:__fixfu</name>
         <load_address>0x409180</load_address>
         <run_address>0x409180</run_address>
         <size>0xa0</size>
         <input_file_ref idref="fl-88"/>
      </object_component>
      <object_component id="oc-151">
         <name>.text:__renormd</name>
         <load_address>0x409220</load_address>
         <run_address>0x409220</run_address>
         <size>0xa0</size>
         <input_file_ref idref="fl-be"/>
      </object_component>
      <object_component id="oc-107">
         <name>.text:_copy_in</name>
         <load_address>0x4092c0</load_address>
         <run_address>0x4092c0</run_address>
         <size>0xa0</size>
         <input_file_ref idref="fl-a6"/>
      </object_component>
      <object_component id="oc-152">
         <name>.text:_finddevice</name>
         <load_address>0x409360</load_address>
         <run_address>0x409360</run_address>
         <size>0xa0</size>
         <input_file_ref idref="fl-90"/>
      </object_component>
      <object_component id="oc-14a">
         <name>.text:_tabinit</name>
         <load_address>0x409400</load_address>
         <run_address>0x409400</run_address>
         <size>0xa0</size>
         <input_file_ref idref="fl-90"/>
      </object_component>
      <object_component id="oc-109">
         <name>.text:___TI_cpp_init</name>
         <load_address>0x4094a0</load_address>
         <run_address>0x4094a0</run_address>
         <size>0x80</size>
         <input_file_ref idref="fl-a5"/>
      </object_component>
      <object_component id="oc-121">
         <name>.text:__fixfi</name>
         <load_address>0x409520</load_address>
         <run_address>0x409520</run_address>
         <size>0x80</size>
         <input_file_ref idref="fl-87"/>
      </object_component>
      <object_component id="oc-168">
         <name>.text:__fltlid</name>
         <load_address>0x4095a0</load_address>
         <run_address>0x4095a0</run_address>
         <size>0x80</size>
         <input_file_ref idref="fl-ad"/>
      </object_component>
      <object_component id="oc-171">
         <name>.text:__llshl</name>
         <load_address>0x409620</load_address>
         <run_address>0x409620</run_address>
         <size>0x80</size>
         <input_file_ref idref="fl-b7"/>
      </object_component>
      <object_component id="oc-165">
         <name>.text:__mpyll</name>
         <load_address>0x4096a0</load_address>
         <run_address>0x4096a0</run_address>
         <size>0x80</size>
         <input_file_ref idref="fl-bb"/>
      </object_component>
      <object_component id="oc-11f">
         <name>.text:_ceil</name>
         <load_address>0x409720</load_address>
         <run_address>0x409720</run_address>
         <size>0x80</size>
         <input_file_ref idref="fl-7f"/>
      </object_component>
      <object_component id="oc-118">
         <name>.text:_fclose</name>
         <load_address>0x4097a0</load_address>
         <run_address>0x4097a0</run_address>
         <size>0x80</size>
         <input_file_ref idref="fl-85"/>
      </object_component>
      <object_component id="oc-11d">
         <name>.text:_floor</name>
         <load_address>0x409820</load_address>
         <run_address>0x409820</run_address>
         <size>0x80</size>
         <input_file_ref idref="fl-89"/>
      </object_component>
      <object_component id="oc-10e">
         <name>.text:_fopen</name>
         <load_address>0x4098a0</load_address>
         <run_address>0x4098a0</run_address>
         <size>0x80</size>
         <input_file_ref idref="fl-8c"/>
      </object_component>
      <object_component id="oc-14f">
         <name>.text:_memccpy</name>
         <load_address>0x409920</load_address>
         <run_address>0x409920</run_address>
         <size>0x80</size>
         <input_file_ref idref="fl-b9"/>
      </object_component>
      <object_component id="oc-10d">
         <name>.text:_readmsg</name>
         <load_address>0x4099a0</load_address>
         <run_address>0x4099a0</run_address>
         <size>0x80</size>
         <input_file_ref idref="fl-9c"/>
      </object_component>
      <object_component id="oc-150">
         <name>.text:_unlink</name>
         <load_address>0x409a20</load_address>
         <run_address>0x409a20</run_address>
         <size>0x80</size>
         <input_file_ref idref="fl-90"/>
      </object_component>
      <object_component id="oc-11c">
         <name>.text:__cvtfd</name>
         <load_address>0x409aa0</load_address>
         <run_address>0x409aa0</run_address>
         <size>0x60</size>
         <input_file_ref idref="fl-82"/>
      </object_component>
      <object_component id="oc-119">
         <name>.text:__fltif</name>
         <load_address>0x409b00</load_address>
         <run_address>0x409b00</run_address>
         <size>0x60</size>
         <input_file_ref idref="fl-8a"/>
      </object_component>
      <object_component id="oc-137">
         <name>.text:__frcmpyf</name>
         <load_address>0x409b60</load_address>
         <run_address>0x409b60</run_address>
         <size>0x60</size>
         <input_file_ref idref="fl-b2"/>
      </object_component>
      <object_component id="oc-173">
         <name>.text:__llshru</name>
         <load_address>0x409bc0</load_address>
         <run_address>0x409bc0</run_address>
         <size>0x60</size>
         <input_file_ref idref="fl-b7"/>
      </object_component>
      <object_component id="oc-16f">
         <name>.text:__remli</name>
         <load_address>0x409c20</load_address>
         <run_address>0x409c20</run_address>
         <size>0x60</size>
         <input_file_ref idref="fl-b4"/>
      </object_component>
      <object_component id="oc-172">
         <name>.text:__subcull</name>
         <load_address>0x409c80</load_address>
         <run_address>0x409c80</run_address>
         <size>0x60</size>
         <input_file_ref idref="fl-b5"/>
      </object_component>
      <object_component id="oc-17">
         <name>.text:_c_int00</name>
         <load_address>0x409ce0</load_address>
         <run_address>0x409ce0</run_address>
         <size>0x60</size>
         <input_file_ref idref="fl-7e"/>
      </object_component>
      <object_component id="oc-10c">
         <name>.text:_writemsg</name>
         <load_address>0x409d40</load_address>
         <run_address>0x409d40</run_address>
         <size>0x60</size>
         <input_file_ref idref="fl-9c"/>
      </object_component>
      <object_component id="oc-155">
         <name>.text:___isinf</name>
         <load_address>0x409da0</load_address>
         <run_address>0x409da0</run_address>
         <size>0x40</size>
         <input_file_ref idref="fl-b6"/>
      </object_component>
      <object_component id="oc-154">
         <name>.text:___isnan</name>
         <load_address>0x409de0</load_address>
         <run_address>0x409de0</run_address>
         <size>0x40</size>
         <input_file_ref idref="fl-a0"/>
      </object_component>
      <object_component id="oc-fd">
         <name>.text:__args_main</name>
         <load_address>0x409e20</load_address>
         <run_address>0x409e20</run_address>
         <size>0x40</size>
         <input_file_ref idref="fl-a2"/>
      </object_component>
      <object_component id="oc-122">
         <name>.text:__fltuf</name>
         <load_address>0x409e60</load_address>
         <run_address>0x409e60</run_address>
         <size>0x40</size>
         <input_file_ref idref="fl-8b"/>
      </object_component>
      <object_component id="oc-136">
         <name>.text:__frcmpyf_div</name>
         <load_address>0x409ea0</load_address>
         <run_address>0x409ea0</run_address>
         <size>0x40</size>
         <input_file_ref idref="fl-8d"/>
      </object_component>
      <object_component id="oc-156">
         <name>.text:__negd</name>
         <load_address>0x409ee0</load_address>
         <run_address>0x409ee0</run_address>
         <size>0x40</size>
         <input_file_ref idref="fl-bc"/>
      </object_component>
      <object_component id="oc-13a">
         <name>.text:__subd</name>
         <load_address>0x409f20</load_address>
         <run_address>0x409f20</run_address>
         <size>0x40</size>
         <input_file_ref idref="fl-99"/>
      </object_component>
      <object_component id="oc-123">
         <name>.text:__subf</name>
         <load_address>0x409f60</load_address>
         <run_address>0x409f60</run_address>
         <size>0x40</size>
         <input_file_ref idref="fl-9a"/>
      </object_component>
      <object_component id="oc-15b">
         <name>.text:__negll</name>
         <load_address>0x409fa0</load_address>
         <run_address>0x409fa0</run_address>
         <size>0x20</size>
         <input_file_ref idref="fl-bd"/>
      </object_component>
      <object_component id="oc-106">
         <name>.text:__nop</name>
         <load_address>0x409fc0</load_address>
         <run_address>0x409fc0</run_address>
         <size>0x20</size>
         <input_file_ref idref="fl-9f"/>
      </object_component>
      <object_component id="oc-12d">
         <name>.text:__outc</name>
         <load_address>0x409fe0</load_address>
         <run_address>0x409fe0</run_address>
         <size>0x20</size>
         <input_file_ref idref="fl-96"/>
      </object_component>
      <object_component id="oc-12b">
         <name>.text:__outs</name>
         <load_address>0x40a000</load_address>
         <run_address>0x40a000</run_address>
         <size>0x20</size>
         <input_file_ref idref="fl-96"/>
      </object_component>
      <object_component id="oc-10b">
         <name>.text:_abort</name>
         <load_address>0x40a020</load_address>
         <run_address>0x40a020</run_address>
         <size>0x20</size>
         <input_file_ref idref="fl-84"/>
      </object_component>
      <object_component id="oc-148">
         <name>.text:_remove</name>
         <load_address>0x40a040</load_address>
         <run_address>0x40a040</run_address>
         <size>0x20</size>
         <input_file_ref idref="fl-97"/>
      </object_component>
      <object_component id="oc-113">
         <name>.text:_rewind</name>
         <load_address>0x40a060</load_address>
         <run_address>0x40a060</run_address>
         <size>0x20</size>
         <input_file_ref idref="fl-98"/>
      </object_component>
      <object_component id="oc-21">
         <name>.stack</name>
         <uninitialized>true</uninitialized>
         <run_address>0x0</run_address>
         <size>0x8</size>
         <input_file_ref idref="fl-7e"/>
      </object_component>
      <object_component id="oc-192">
         <name>.stack</name>
         <uninitialized>true</uninitialized>
         <run_address>0x0</run_address>
         <size>0x0</size>
      </object_component>
      <object_component id="oc-86">
         <name>.cio</name>
         <uninitialized>true</uninitialized>
         <run_address>0x40a7d8</run_address>
         <size>0x120</size>
         <input_file_ref idref="fl-9c"/>
      </object_component>
      <object_component id="oc-153">
         <name>.const:.string:__ctypes_</name>
         <load_address>0x40a4e8</load_address>
         <run_address>0x40a4e8</run_address>
         <size>0x101</size>
         <input_file_ref idref="fl-a7"/>
      </object_component>
      <object_component id="oc-c3">
         <name>.const:.string</name>
         <load_address>0x40a5e9</load_address>
         <run_address>0x40a5e9</run_address>
         <size>0x2</size>
         <input_file_ref idref="fl-af"/>
      </object_component>
      <object_component id="oc-19">
         <name>.const:.string</name>
         <load_address>0x40a5ec</load_address>
         <run_address>0x40a5ec</run_address>
         <size>0x34</size>
         <input_file_ref idref="fl-2"/>
      </object_component>
      <object_component id="oc-95">
         <name>.const:.string</name>
         <load_address>0x40a620</load_address>
         <run_address>0x40a620</run_address>
         <size>0x23</size>
         <input_file_ref idref="fl-a0"/>
      </object_component>
      <object_component id="oc-10f">
         <name>.const:.string:_iFileName</name>
         <load_address>0x40a648</load_address>
         <run_address>0x40a648</run_address>
         <size>0xc</size>
         <input_file_ref idref="fl-2"/>
      </object_component>
      <object_component id="oc-110">
         <name>.const:.string:_oFileName</name>
         <load_address>0x40a658</load_address>
         <run_address>0x40a658</run_address>
         <size>0xc</size>
         <input_file_ref idref="fl-2"/>
      </object_component>
      <object_component id="oc-16b">
         <name>.const:.string:_initial_approx$1</name>
         <load_address>0x40a668</load_address>
         <run_address>0x40a668</run_address>
         <size>0x8</size>
         <input_file_ref idref="fl-a9"/>
      </object_component>
      <object_component id="oc-135">
         <name>.const:.string:_initial_approx$1</name>
         <load_address>0x40a670</load_address>
         <run_address>0x40a670</run_address>
         <size>0x8</size>
         <input_file_ref idref="fl-83"/>
      </object_component>
      <object_component id="oc-114">
         <name>.const:_output_size</name>
         <load_address>0x40a678</load_address>
         <run_address>0x40a678</run_address>
         <size>0x8</size>
         <input_file_ref idref="fl-2"/>
      </object_component>
      <object_component id="oc-66">
         <name>.sysmem</name>
         <uninitialized>true</uninitialized>
         <run_address>0x200000</run_address>
         <size>0x8</size>
         <input_file_ref idref="fl-92"/>
      </object_component>
      <object_component id="oc-193">
         <name>.sysmem</name>
         <uninitialized>true</uninitialized>
         <run_address>0x200000</run_address>
         <size>0x0</size>
      </object_component>
      <object_component id="oc-35">
         <name>.far</name>
         <uninitialized>true</uninitialized>
         <run_address>0x40a4c4</run_address>
         <size>0xc</size>
         <input_file_ref idref="fl-84"/>
      </object_component>
      <object_component id="oc-4f">
         <name>.far</name>
         <uninitialized>true</uninitialized>
         <run_address>0x40a3a4</run_address>
         <size>0x4</size>
         <input_file_ref idref="fl-8c"/>
      </object_component>
      <object_component id="oc-5d">
         <name>.far</name>
         <uninitialized>true</uninitialized>
         <run_address>0x40a3a8</run_address>
         <size>0x11c</size>
         <input_file_ref idref="fl-90"/>
      </object_component>
      <object_component id="oc-65">
         <name>.far</name>
         <uninitialized>true</uninitialized>
         <run_address>0x40a4d8</run_address>
         <size>0x8</size>
         <input_file_ref idref="fl-92"/>
      </object_component>
      <object_component id="oc-82">
         <name>.far</name>
         <uninitialized>true</uninitialized>
         <run_address>0x40a4e0</run_address>
         <size>0x8</size>
         <input_file_ref idref="fl-9b"/>
      </object_component>
      <object_component id="oc-91">
         <name>.far</name>
         <uninitialized>true</uninitialized>
         <run_address>0x40a4d0</run_address>
         <size>0x8</size>
         <input_file_ref idref="fl-9f"/>
      </object_component>
      <object_component id="oc-ae">
         <name>.far</name>
         <uninitialized>true</uninitialized>
         <run_address>0x40a080</run_address>
         <size>0x324</size>
         <input_file_ref idref="fl-a8"/>
      </object_component>
      <object_component id="oc-ad">
         <name>.cinit</name>
         <load_address>0x40a680</load_address>
         <run_address>0x40a680</run_address>
         <size>0x5c</size>
         <input_file_ref idref="fl-a8"/>
      </object_component>
      <object_component id="oc-5c">
         <name>.cinit</name>
         <load_address>0x40a6e0</load_address>
         <run_address>0x40a6e0</run_address>
         <size>0x5c</size>
         <input_file_ref idref="fl-90"/>
      </object_component>
      <object_component id="oc-34">
         <name>.cinit</name>
         <load_address>0x40a740</load_address>
         <run_address>0x40a740</run_address>
         <size>0x2c</size>
         <input_file_ref idref="fl-84"/>
      </object_component>
      <object_component id="oc-64">
         <name>.cinit</name>
         <load_address>0x40a770</load_address>
         <run_address>0x40a770</run_address>
         <size>0x2c</size>
         <input_file_ref idref="fl-92"/>
      </object_component>
      <object_component id="oc-90">
         <name>.cinit</name>
         <load_address>0x40a7a0</load_address>
         <run_address>0x40a7a0</run_address>
         <size>0x1c</size>
         <input_file_ref idref="fl-9f"/>
      </object_component>
      <object_component id="oc-4e">
         <name>.cinit</name>
         <load_address>0x40a7c0</load_address>
         <run_address>0x40a7c0</run_address>
         <size>0xc</size>
         <input_file_ref idref="fl-8c"/>
      </object_component>
      <object_component id="oc-18">
         <name>.debug_info</name>
         <load_address>0x0</load_address>
         <run_address>0x0</run_address>
         <size>0x144b</size>
         <input_file_ref idref="fl-2"/>
      </object_component>
      <object_component id="oc-1d">
         <name>.debug_info</name>
         <load_address>0x144b</load_address>
         <run_address>0x144b</run_address>
         <size>0x6b1</size>
         <input_file_ref idref="fl-7d"/>
      </object_component>
      <object_component id="oc-20">
         <name>.debug_info</name>
         <load_address>0x1afc</load_address>
         <run_address>0x1afc</run_address>
         <size>0x6f5</size>
         <input_file_ref idref="fl-7e"/>
      </object_component>
      <object_component id="oc-24">
         <name>.debug_info</name>
         <load_address>0x21f1</load_address>
         <run_address>0x21f1</run_address>
         <size>0x64e</size>
         <input_file_ref idref="fl-7f"/>
      </object_component>
      <object_component id="oc-27">
         <name>.debug_info</name>
         <load_address>0x283f</load_address>
         <run_address>0x283f</run_address>
         <size>0x68f</size>
         <input_file_ref idref="fl-80"/>
      </object_component>
      <object_component id="oc-2a">
         <name>.debug_info</name>
         <load_address>0x2ece</load_address>
         <run_address>0x2ece</run_address>
         <size>0x68e</size>
         <input_file_ref idref="fl-81"/>
      </object_component>
      <object_component id="oc-2d">
         <name>.debug_info</name>
         <load_address>0x355c</load_address>
         <run_address>0x355c</run_address>
         <size>0x688</size>
         <input_file_ref idref="fl-82"/>
      </object_component>
      <object_component id="oc-30">
         <name>.debug_info</name>
         <load_address>0x3be4</load_address>
         <run_address>0x3be4</run_address>
         <size>0x993</size>
         <input_file_ref idref="fl-83"/>
      </object_component>
      <object_component id="oc-33">
         <name>.debug_info</name>
         <load_address>0x4577</load_address>
         <run_address>0x4577</run_address>
         <size>0x7c2</size>
         <input_file_ref idref="fl-84"/>
      </object_component>
      <object_component id="oc-38">
         <name>.debug_info</name>
         <load_address>0x4d39</load_address>
         <run_address>0x4d39</run_address>
         <size>0x86a</size>
         <input_file_ref idref="fl-85"/>
      </object_component>
      <object_component id="oc-3b">
         <name>.debug_info</name>
         <load_address>0x55a3</load_address>
         <run_address>0x55a3</run_address>
         <size>0x76b</size>
         <input_file_ref idref="fl-86"/>
      </object_component>
      <object_component id="oc-3e">
         <name>.debug_info</name>
         <load_address>0x5d0e</load_address>
         <run_address>0x5d0e</run_address>
         <size>0x636</size>
         <input_file_ref idref="fl-87"/>
      </object_component>
      <object_component id="oc-41">
         <name>.debug_info</name>
         <load_address>0x6344</load_address>
         <run_address>0x6344</run_address>
         <size>0x630</size>
         <input_file_ref idref="fl-88"/>
      </object_component>
      <object_component id="oc-44">
         <name>.debug_info</name>
         <load_address>0x6974</load_address>
         <run_address>0x6974</run_address>
         <size>0x653</size>
         <input_file_ref idref="fl-89"/>
      </object_component>
      <object_component id="oc-47">
         <name>.debug_info</name>
         <load_address>0x6fc7</load_address>
         <run_address>0x6fc7</run_address>
         <size>0x649</size>
         <input_file_ref idref="fl-8a"/>
      </object_component>
      <object_component id="oc-4a">
         <name>.debug_info</name>
         <load_address>0x7610</load_address>
         <run_address>0x7610</run_address>
         <size>0x649</size>
         <input_file_ref idref="fl-8b"/>
      </object_component>
      <object_component id="oc-4d">
         <name>.debug_info</name>
         <load_address>0x7c59</load_address>
         <run_address>0x7c59</run_address>
         <size>0xa95</size>
         <input_file_ref idref="fl-8c"/>
      </object_component>
      <object_component id="oc-52">
         <name>.debug_info</name>
         <load_address>0x86ee</load_address>
         <run_address>0x86ee</run_address>
         <size>0x656</size>
         <input_file_ref idref="fl-8d"/>
      </object_component>
      <object_component id="oc-55">
         <name>.debug_info</name>
         <load_address>0x8d44</load_address>
         <run_address>0x8d44</run_address>
         <size>0x931</size>
         <input_file_ref idref="fl-8e"/>
      </object_component>
      <object_component id="oc-58">
         <name>.debug_info</name>
         <load_address>0x9675</load_address>
         <run_address>0x9675</run_address>
         <size>0xac9</size>
         <input_file_ref idref="fl-8f"/>
      </object_component>
      <object_component id="oc-5b">
         <name>.debug_info</name>
         <load_address>0xa13e</load_address>
         <run_address>0xa13e</run_address>
         <size>0x10c7</size>
         <input_file_ref idref="fl-90"/>
      </object_component>
      <object_component id="oc-60">
         <name>.debug_info</name>
         <load_address>0xb205</load_address>
         <run_address>0xb205</run_address>
         <size>0xcb</size>
         <input_file_ref idref="fl-91"/>
      </object_component>
      <object_component id="oc-63">
         <name>.debug_info</name>
         <load_address>0xb2d0</load_address>
         <run_address>0xb2d0</run_address>
         <size>0xac2</size>
         <input_file_ref idref="fl-92"/>
      </object_component>
      <object_component id="oc-69">
         <name>.debug_info</name>
         <load_address>0xbd92</load_address>
         <run_address>0xbd92</run_address>
         <size>0x7a0</size>
         <input_file_ref idref="fl-93"/>
      </object_component>
      <object_component id="oc-6c">
         <name>.debug_info</name>
         <load_address>0xc532</load_address>
         <run_address>0xc532</run_address>
         <size>0x671</size>
         <input_file_ref idref="fl-94"/>
      </object_component>
      <object_component id="oc-6f">
         <name>.debug_info</name>
         <load_address>0xcba3</load_address>
         <run_address>0xcba3</run_address>
         <size>0x69c</size>
         <input_file_ref idref="fl-95"/>
      </object_component>
      <object_component id="oc-72">
         <name>.debug_info</name>
         <load_address>0xd23f</load_address>
         <run_address>0xd23f</run_address>
         <size>0x8ec</size>
         <input_file_ref idref="fl-96"/>
      </object_component>
      <object_component id="oc-75">
         <name>.debug_info</name>
         <load_address>0xdb2b</load_address>
         <run_address>0xdb2b</run_address>
         <size>0x64e</size>
         <input_file_ref idref="fl-97"/>
      </object_component>
      <object_component id="oc-78">
         <name>.debug_info</name>
         <load_address>0xe179</load_address>
         <run_address>0xe179</run_address>
         <size>0x6ce</size>
         <input_file_ref idref="fl-98"/>
      </object_component>
      <object_component id="oc-7b">
         <name>.debug_info</name>
         <load_address>0xe847</load_address>
         <run_address>0xe847</run_address>
         <size>0x62e</size>
         <input_file_ref idref="fl-99"/>
      </object_component>
      <object_component id="oc-7e">
         <name>.debug_info</name>
         <load_address>0xee75</load_address>
         <run_address>0xee75</run_address>
         <size>0x62e</size>
         <input_file_ref idref="fl-9a"/>
      </object_component>
      <object_component id="oc-81">
         <name>.debug_info</name>
         <load_address>0xf4a3</load_address>
         <run_address>0xf4a3</run_address>
         <size>0xdc6</size>
         <input_file_ref idref="fl-9b"/>
      </object_component>
      <object_component id="oc-85">
         <name>.debug_info</name>
         <load_address>0x10269</load_address>
         <run_address>0x10269</run_address>
         <size>0x853</size>
         <input_file_ref idref="fl-9c"/>
      </object_component>
      <object_component id="oc-89">
         <name>.debug_info</name>
         <load_address>0x10abc</load_address>
         <run_address>0x10abc</run_address>
         <size>0x7d0</size>
         <input_file_ref idref="fl-9d"/>
      </object_component>
      <object_component id="oc-8c">
         <name>.debug_info</name>
         <load_address>0x1128c</load_address>
         <run_address>0x1128c</run_address>
         <size>0x7b7</size>
         <input_file_ref idref="fl-9e"/>
      </object_component>
      <object_component id="oc-8f">
         <name>.debug_info</name>
         <load_address>0x11a43</load_address>
         <run_address>0x11a43</run_address>
         <size>0x636</size>
         <input_file_ref idref="fl-9f"/>
      </object_component>
      <object_component id="oc-94">
         <name>.debug_info</name>
         <load_address>0x12079</load_address>
         <run_address>0x12079</run_address>
         <size>0x292c</size>
         <input_file_ref idref="fl-a0"/>
      </object_component>
      <object_component id="oc-98">
         <name>.debug_info</name>
         <load_address>0x149a5</load_address>
         <run_address>0x149a5</run_address>
         <size>0x6d4</size>
         <input_file_ref idref="fl-a1"/>
      </object_component>
      <object_component id="oc-9b">
         <name>.debug_info</name>
         <load_address>0x15079</load_address>
         <run_address>0x15079</run_address>
         <size>0x6cb</size>
         <input_file_ref idref="fl-a2"/>
      </object_component>
      <object_component id="oc-9e">
         <name>.debug_info</name>
         <load_address>0x15744</load_address>
         <run_address>0x15744</run_address>
         <size>0x6d8</size>
         <input_file_ref idref="fl-a3"/>
      </object_component>
      <object_component id="oc-a1">
         <name>.debug_info</name>
         <load_address>0x15e1c</load_address>
         <run_address>0x15e1c</run_address>
         <size>0x841</size>
         <input_file_ref idref="fl-a4"/>
      </object_component>
      <object_component id="oc-a4">
         <name>.debug_info</name>
         <load_address>0x1665d</load_address>
         <run_address>0x1665d</run_address>
         <size>0x6b9</size>
         <input_file_ref idref="fl-a5"/>
      </object_component>
      <object_component id="oc-a7">
         <name>.debug_info</name>
         <load_address>0x16d16</load_address>
         <run_address>0x16d16</run_address>
         <size>0x7af</size>
         <input_file_ref idref="fl-a6"/>
      </object_component>
      <object_component id="oc-aa">
         <name>.debug_info</name>
         <load_address>0x174c5</load_address>
         <run_address>0x174c5</run_address>
         <size>0x5e4</size>
         <input_file_ref idref="fl-a7"/>
      </object_component>
      <object_component id="oc-ac">
         <name>.debug_info</name>
         <load_address>0x17aa9</load_address>
         <run_address>0x17aa9</run_address>
         <size>0x6d1</size>
         <input_file_ref idref="fl-a8"/>
      </object_component>
      <object_component id="oc-b0">
         <name>.debug_info</name>
         <load_address>0x1817a</load_address>
         <run_address>0x1817a</run_address>
         <size>0x993</size>
         <input_file_ref idref="fl-a9"/>
      </object_component>
      <object_component id="oc-b3">
         <name>.debug_info</name>
         <load_address>0x18b0d</load_address>
         <run_address>0x18b0d</run_address>
         <size>0xbc</size>
         <input_file_ref idref="fl-aa"/>
      </object_component>
      <object_component id="oc-b6">
         <name>.debug_info</name>
         <load_address>0x18bc9</load_address>
         <run_address>0x18bc9</run_address>
         <size>0x67e</size>
         <input_file_ref idref="fl-ab"/>
      </object_component>
      <object_component id="oc-b9">
         <name>.debug_info</name>
         <load_address>0x19247</load_address>
         <run_address>0x19247</run_address>
         <size>0x681</size>
         <input_file_ref idref="fl-ac"/>
      </object_component>
      <object_component id="oc-bc">
         <name>.debug_info</name>
         <load_address>0x198c8</load_address>
         <run_address>0x198c8</run_address>
         <size>0x69a</size>
         <input_file_ref idref="fl-ad"/>
      </object_component>
      <object_component id="oc-bf">
         <name>.debug_info</name>
         <load_address>0x19f62</load_address>
         <run_address>0x19f62</run_address>
         <size>0x814</size>
         <input_file_ref idref="fl-ae"/>
      </object_component>
      <object_component id="oc-c2">
         <name>.debug_info</name>
         <load_address>0x1a776</load_address>
         <run_address>0x1a776</run_address>
         <size>0xab3</size>
         <input_file_ref idref="fl-af"/>
      </object_component>
      <object_component id="oc-c6">
         <name>.debug_info</name>
         <load_address>0x1b229</load_address>
         <run_address>0x1b229</run_address>
         <size>0x6e0</size>
         <input_file_ref idref="fl-b0"/>
      </object_component>
      <object_component id="oc-c9">
         <name>.debug_info</name>
         <load_address>0x1b909</load_address>
         <run_address>0x1b909</run_address>
         <size>0x68e</size>
         <input_file_ref idref="fl-b1"/>
      </object_component>
      <object_component id="oc-cc">
         <name>.debug_info</name>
         <load_address>0x1bf97</load_address>
         <run_address>0x1bf97</run_address>
         <size>0x685</size>
         <input_file_ref idref="fl-b2"/>
      </object_component>
      <object_component id="oc-cf">
         <name>.debug_info</name>
         <load_address>0x1c61c</load_address>
         <run_address>0x1c61c</run_address>
         <size>0x7a3</size>
         <input_file_ref idref="fl-b3"/>
      </object_component>
      <object_component id="oc-d2">
         <name>.debug_info</name>
         <load_address>0x1cdbf</load_address>
         <run_address>0x1cdbf</run_address>
         <size>0x78d</size>
         <input_file_ref idref="fl-b4"/>
      </object_component>
      <object_component id="oc-d5">
         <name>.debug_info</name>
         <load_address>0x1d54c</load_address>
         <run_address>0x1d54c</run_address>
         <size>0x788</size>
         <input_file_ref idref="fl-b5"/>
      </object_component>
      <object_component id="oc-d8">
         <name>.debug_info</name>
         <load_address>0x1dcd4</load_address>
         <run_address>0x1dcd4</run_address>
         <size>0x800</size>
         <input_file_ref idref="fl-b6"/>
      </object_component>
      <object_component id="oc-db">
         <name>.debug_info</name>
         <load_address>0x1e4d4</load_address>
         <run_address>0x1e4d4</run_address>
         <size>0x6eb</size>
         <input_file_ref idref="fl-b7"/>
      </object_component>
      <object_component id="oc-de">
         <name>.debug_info</name>
         <load_address>0x1ebbf</load_address>
         <run_address>0x1ebbf</run_address>
         <size>0x719</size>
         <input_file_ref idref="fl-b8"/>
      </object_component>
      <object_component id="oc-e1">
         <name>.debug_info</name>
         <load_address>0x1f2d8</load_address>
         <run_address>0x1f2d8</run_address>
         <size>0x6bc</size>
         <input_file_ref idref="fl-b9"/>
      </object_component>
      <object_component id="oc-e4">
         <name>.debug_info</name>
         <load_address>0x1f994</load_address>
         <run_address>0x1f994</run_address>
         <size>0x6cf</size>
         <input_file_ref idref="fl-ba"/>
      </object_component>
      <object_component id="oc-e7">
         <name>.debug_info</name>
         <load_address>0x20063</load_address>
         <run_address>0x20063</run_address>
         <size>0x6a1</size>
         <input_file_ref idref="fl-bb"/>
      </object_component>
      <object_component id="oc-ea">
         <name>.debug_info</name>
         <load_address>0x20704</load_address>
         <run_address>0x20704</run_address>
         <size>0x607</size>
         <input_file_ref idref="fl-bc"/>
      </object_component>
      <object_component id="oc-ed">
         <name>.debug_info</name>
         <load_address>0x20d0b</load_address>
         <run_address>0x20d0b</run_address>
         <size>0x602</size>
         <input_file_ref idref="fl-bd"/>
      </object_component>
      <object_component id="oc-f0">
         <name>.debug_info</name>
         <load_address>0x2130d</load_address>
         <run_address>0x2130d</run_address>
         <size>0x6f8</size>
         <input_file_ref idref="fl-be"/>
      </object_component>
      <object_component id="oc-f3">
         <name>.debug_info</name>
         <load_address>0x21a05</load_address>
         <run_address>0x21a05</run_address>
         <size>0x7f6</size>
         <input_file_ref idref="fl-bf"/>
      </object_component>
      <object_component id="oc-f6">
         <name>.debug_info</name>
         <load_address>0x221fb</load_address>
         <run_address>0x221fb</run_address>
         <size>0x5b6</size>
         <input_file_ref idref="fl-c0"/>
      </object_component>
      <object_component id="oc-f9">
         <name>.debug_info</name>
         <load_address>0x227b1</load_address>
         <run_address>0x227b1</run_address>
         <size>0x71c</size>
         <input_file_ref idref="fl-c1"/>
      </object_component>
      <object_component id="oc-1e3">
         <name>.debug_info</name>
         <load_address>0x22ecd</load_address>
         <run_address>0x22ecd</run_address>
         <size>0x6d</size>
      </object_component>
      <object_component id="oc-1a">
         <name>.debug_frame</name>
         <load_address>0x0</load_address>
         <run_address>0x0</run_address>
         <size>0x289</size>
         <input_file_ref idref="fl-2"/>
      </object_component>
      <object_component id="oc-1b">
         <name>.debug_line</name>
         <load_address>0x0</load_address>
         <run_address>0x0</run_address>
         <size>0xe4</size>
         <input_file_ref idref="fl-2"/>
      </object_component>
      <object_component id="oc-1e">
         <name>.debug_line</name>
         <load_address>0xe4</load_address>
         <run_address>0xe4</run_address>
         <size>0x59</size>
         <input_file_ref idref="fl-7d"/>
      </object_component>
      <object_component id="oc-22">
         <name>.debug_line</name>
         <load_address>0x13d</load_address>
         <run_address>0x13d</run_address>
         <size>0x3d</size>
         <input_file_ref idref="fl-7e"/>
      </object_component>
      <object_component id="oc-25">
         <name>.debug_line</name>
         <load_address>0x17a</load_address>
         <run_address>0x17a</run_address>
         <size>0x37</size>
         <input_file_ref idref="fl-7f"/>
      </object_component>
      <object_component id="oc-28">
         <name>.debug_line</name>
         <load_address>0x1b1</load_address>
         <run_address>0x1b1</run_address>
         <size>0x37</size>
         <input_file_ref idref="fl-80"/>
      </object_component>
      <object_component id="oc-2b">
         <name>.debug_line</name>
         <load_address>0x1e8</load_address>
         <run_address>0x1e8</run_address>
         <size>0x3d</size>
         <input_file_ref idref="fl-81"/>
      </object_component>
      <object_component id="oc-2e">
         <name>.debug_line</name>
         <load_address>0x225</load_address>
         <run_address>0x225</run_address>
         <size>0x3d</size>
         <input_file_ref idref="fl-82"/>
      </object_component>
      <object_component id="oc-31">
         <name>.debug_line</name>
         <load_address>0x262</load_address>
         <run_address>0x262</run_address>
         <size>0x5a</size>
         <input_file_ref idref="fl-83"/>
      </object_component>
      <object_component id="oc-36">
         <name>.debug_line</name>
         <load_address>0x2bc</load_address>
         <run_address>0x2bc</run_address>
         <size>0x4f</size>
         <input_file_ref idref="fl-84"/>
      </object_component>
      <object_component id="oc-39">
         <name>.debug_line</name>
         <load_address>0x30b</load_address>
         <run_address>0x30b</run_address>
         <size>0x53</size>
         <input_file_ref idref="fl-85"/>
      </object_component>
      <object_component id="oc-3c">
         <name>.debug_line</name>
         <load_address>0x35e</load_address>
         <run_address>0x35e</run_address>
         <size>0x3e</size>
         <input_file_ref idref="fl-86"/>
      </object_component>
      <object_component id="oc-3f">
         <name>.debug_line</name>
         <load_address>0x39c</load_address>
         <run_address>0x39c</run_address>
         <size>0x3d</size>
         <input_file_ref idref="fl-87"/>
      </object_component>
      <object_component id="oc-42">
         <name>.debug_line</name>
         <load_address>0x3d9</load_address>
         <run_address>0x3d9</run_address>
         <size>0x3d</size>
         <input_file_ref idref="fl-88"/>
      </object_component>
      <object_component id="oc-45">
         <name>.debug_line</name>
         <load_address>0x416</load_address>
         <run_address>0x416</run_address>
         <size>0x38</size>
         <input_file_ref idref="fl-89"/>
      </object_component>
      <object_component id="oc-48">
         <name>.debug_line</name>
         <load_address>0x44e</load_address>
         <run_address>0x44e</run_address>
         <size>0x3d</size>
         <input_file_ref idref="fl-8a"/>
      </object_component>
      <object_component id="oc-4b">
         <name>.debug_line</name>
         <load_address>0x48b</load_address>
         <run_address>0x48b</run_address>
         <size>0x3d</size>
         <input_file_ref idref="fl-8b"/>
      </object_component>
      <object_component id="oc-50">
         <name>.debug_line</name>
         <load_address>0x4c8</load_address>
         <run_address>0x4c8</run_address>
         <size>0x91</size>
         <input_file_ref idref="fl-8c"/>
      </object_component>
      <object_component id="oc-53">
         <name>.debug_line</name>
         <load_address>0x559</load_address>
         <run_address>0x559</run_address>
         <size>0x40</size>
         <input_file_ref idref="fl-8d"/>
      </object_component>
      <object_component id="oc-56">
         <name>.debug_line</name>
         <load_address>0x599</load_address>
         <run_address>0x599</run_address>
         <size>0x4e</size>
         <input_file_ref idref="fl-8e"/>
      </object_component>
      <object_component id="oc-59">
         <name>.debug_line</name>
         <load_address>0x5e7</load_address>
         <run_address>0x5e7</run_address>
         <size>0x93</size>
         <input_file_ref idref="fl-8f"/>
      </object_component>
      <object_component id="oc-5e">
         <name>.debug_line</name>
         <load_address>0x67a</load_address>
         <run_address>0x67a</run_address>
         <size>0x145</size>
         <input_file_ref idref="fl-90"/>
      </object_component>
      <object_component id="oc-61">
         <name>.debug_line</name>
         <load_address>0x7bf</load_address>
         <run_address>0x7bf</run_address>
         <size>0x4f</size>
         <input_file_ref idref="fl-91"/>
      </object_component>
      <object_component id="oc-67">
         <name>.debug_line</name>
         <load_address>0x80e</load_address>
         <run_address>0x80e</run_address>
         <size>0xa7</size>
         <input_file_ref idref="fl-92"/>
      </object_component>
      <object_component id="oc-6a">
         <name>.debug_line</name>
         <load_address>0x8b5</load_address>
         <run_address>0x8b5</run_address>
         <size>0x46</size>
         <input_file_ref idref="fl-93"/>
      </object_component>
      <object_component id="oc-6d">
         <name>.debug_line</name>
         <load_address>0x8fb</load_address>
         <run_address>0x8fb</run_address>
         <size>0x37</size>
         <input_file_ref idref="fl-94"/>
      </object_component>
      <object_component id="oc-70">
         <name>.debug_line</name>
         <load_address>0x932</load_address>
         <run_address>0x932</run_address>
         <size>0x3c</size>
         <input_file_ref idref="fl-95"/>
      </object_component>
      <object_component id="oc-73">
         <name>.debug_line</name>
         <load_address>0x96e</load_address>
         <run_address>0x96e</run_address>
         <size>0x6a</size>
         <input_file_ref idref="fl-96"/>
      </object_component>
      <object_component id="oc-76">
         <name>.debug_line</name>
         <load_address>0x9d8</load_address>
         <run_address>0x9d8</run_address>
[...]
         <name>pinit</name>
         <value>0xffffffff</value>
      </symbol>
      <symbol id="sm-3">
         <name>___pinit__</name>
         <value>0xffffffff</value>
      </symbol>
      <symbol id="sm-4">
         <name>binit</name>
         <value>0xffffffff</value>
      </symbol>
      <symbol id="sm-5">
         <name>___binit__</name>
         <value>0xffffffff</value>
      </symbol>
      <symbol id="sm-6">
         <name>__STACK_SIZE</name>
         <value>0x200000</value>
      </symbol>
      <symbol id="sm-7">
         <name>__STACK_END</name>
         <value>0x200000</value>
      </symbol>
      <symbol id="sm-8">
         <name>__SYSMEM_SIZE</name>
         <value>0x200000</value>
      </symbol>
      <symbol id="sm-9">
         <name>___c_args__</name>
         <value>0xffffffff</value>
      </symbol>
      <symbol id="sm-a">
         <name>.text</name>
         <value>0x400000</value>
      </symbol>
      <symbol id="sm-b">
         <name>___text__</name>
         <value>0x400000</value>
      </symbol>
      <symbol id="sm-c">
         <name>etext</name>
         <value>0x40a080</value>
      </symbol>
      <symbol id="sm-d">
         <name>___etext__</name>
         <value>0x40a080</value>
      </symbol>
      <symbol id="sm-e">
         <name>.data</name>
         <value>0x0</value>
      </symbol>
      <symbol id="sm-f">
         <name>___data__</name>
         <value>0x0</value>
      </symbol>
      <symbol id="sm-10">
         <name>edata</name>
         <value>0x0</value>
      </symbol>
      <symbol id="sm-11">
         <name>___edata__</name>
         <value>0x0</value>
      </symbol>
      <symbol id="sm-12">
         <name>.bss</name>
         <value>0x0</value>
      </symbol>
      <symbol id="sm-13">
         <name>___bss__</name>
         <value>0x0</value>
      </symbol>
      <symbol id="sm-14">
         <name>end</name>
         <value>0x0</value>
      </symbol>
      <symbol id="sm-15">
         <name>___end__</name>
         <value>0x0</value>
      </symbol>
      <symbol id="sm-16">
         <name>___TI_pprof_out_hndl</name>
         <value>0xffffffff</value>
      </symbol>
      <symbol id="sm-17">
         <name>___TI_prof_data_start</name>
         <value>0xffffffff</value>
      </symbol>
      <symbol id="sm-18">
         <name>___TI_prof_data_size</name>
         <value>0xffffffff</value>
      </symbol>
      <symbol id="sm-19">
         <name>$bss</name>
         <value>0x0</value>
      </symbol>
      <symbol id="sm-c1">
         <name>_main</name>
         <value>0x400000</value>
         <object_component_ref idref="oc-10a"/>
      </symbol>
      <symbol id="sm-c2">
         <name>_iFileName</name>
         <value>0x40a648</value>
         <object_component_ref idref="oc-10f"/>
      </symbol>
      <symbol id="sm-c3">
         <name>_output_size</name>
         <value>0x40a678</value>
         <object_component_ref idref="oc-114"/>
      </symbol>
      <symbol id="sm-c4">
         <name>_oFileName</name>
         <value>0x40a658</value>
         <object_component_ref idref="oc-110"/>
      </symbol>
      <symbol id="sm-c5">
         <name>_imresize</name>
         <value>0x4003c4</value>
         <object_component_ref idref="oc-10a"/>
      </symbol>
      <symbol id="sm-cf">
         <name>__addf</name>
         <value>0x403680</value>
         <object_component_ref idref="oc-120"/>
      </symbol>
      <symbol id="sm-db">
         <name>_c_int00</name>
         <value>0x409ce0</value>
         <object_component_ref idref="oc-17"/>
      </symbol>
      <symbol id="sm-dc">
         <name>__stack</name>
         <value>0x0</value>
         <object_component_ref idref="oc-21"/>
      </symbol>
      <symbol id="sm-e6">
         <name>_ceil</name>
         <value>0x409720</value>
         <object_component_ref idref="oc-11f"/>
      </symbol>
      <symbol id="sm-f0">
         <name>__cmpd</name>
         <value>0x407fa0</value>
         <object_component_ref idref="oc-139"/>
      </symbol>
      <symbol id="sm-fa">
         <name>__cvtdf</name>
         <value>0x408820</value>
         <object_component_ref idref="oc-11e"/>
      </symbol>
      <symbol id="sm-104">
         <name>__cvtfd</name>
         <value>0x409aa0</value>
         <object_component_ref idref="oc-11c"/>
      </symbol>
      <symbol id="sm-110">
         <name>__divf</name>
         <value>0x4032e0</value>
         <object_component_ref idref="oc-11a"/>
      </symbol>
      <symbol id="sm-120">
         <name>C$$EXIT</name>
         <value>0x40a020</value>
         <object_component_ref idref="oc-10b"/>
      </symbol>
      <symbol id="sm-121">
         <name>_exit</name>
         <value>0x408be0</value>
         <object_component_ref idref="oc-fe"/>
      </symbol>
      <symbol id="sm-122">
         <name>___TI_enable_exit_profile_output</name>
         <value>0x40a4cc</value>
         <object_component_ref idref="oc-35"/>
      </symbol>
      <symbol id="sm-123">
         <name>_abort</name>
         <value>0x40a020</value>
         <object_component_ref idref="oc-10b"/>
      </symbol>
      <symbol id="sm-124">
         <name>__cleanup_ptr</name>
         <value>0x40a4c4</value>
         <object_component_ref idref="oc-35"/>
      </symbol>
      <symbol id="sm-125">
         <name>__dtors_ptr</name>
         <value>0x40a4c8</value>
         <object_component_ref idref="oc-35"/>
      </symbol>
      <symbol id="sm-131">
         <name>__closefile</name>
         <value>0x406ec0</value>
         <object_component_ref idref="oc-134"/>
      </symbol>
      <symbol id="sm-132">
         <name>_fclose</name>
         <value>0x4097a0</value>
         <object_component_ref idref="oc-118"/>
      </symbol>
      <symbol id="sm-13c">
         <name>__doflush</name>
         <value>0x408160</value>
         <object_component_ref idref="oc-130"/>
      </symbol>
      <symbol id="sm-146">
         <name>__fixfi</name>
         <value>0x409520</value>
         <object_component_ref idref="oc-121"/>
      </symbol>
      <symbol id="sm-150">
         <name>__fixfu</name>
         <value>0x409180</value>
         <object_component_ref idref="oc-124"/>
      </symbol>
      <symbol id="sm-15a">
         <name>_floor</name>
         <value>0x409820</value>
         <object_component_ref idref="oc-11d"/>
      </symbol>
      <symbol id="sm-164">
         <name>__fltif</name>
         <value>0x409b00</value>
         <object_component_ref idref="oc-119"/>
      </symbol>
      <symbol id="sm-16e">
         <name>__fltuf</name>
         <value>0x409e60</value>
         <object_component_ref idref="oc-122"/>
      </symbol>
      <symbol id="sm-182">
         <name>__cleanup</name>
         <value>0x408760</value>
         <object_component_ref idref="oc-13c"/>
      </symbol>
      <symbol id="sm-183">
         <name>_fopen</name>
         <value>0x4098a0</value>
         <object_component_ref idref="oc-10e"/>
      </symbol>
      <symbol id="sm-18d">
         <name>__frcmpyf_div</name>
         <value>0x409ea0</value>
         <object_component_ref idref="oc-136"/>
      </symbol>
      <symbol id="sm-197">
         <name>_fread</name>
         <value>0x404020</value>
         <object_component_ref idref="oc-111"/>
      </symbol>
      <symbol id="sm-1a1">
         <name>_fwrite</name>
         <value>0x401400</value>
         <object_component_ref idref="oc-115"/>
      </symbol>
      <symbol id="sm-1bf">
         <name>_read</name>
         <value>0x408e20</value>
         <object_component_ref idref="oc-12a"/>
      </symbol>
      <symbol id="sm-1c0">
         <name>_unlink</name>
         <value>0x409a20</value>
         <object_component_ref idref="oc-150"/>
      </symbol>
      <symbol id="sm-1c1">
         <name>_open</name>
         <value>0x4065a0</value>
         <object_component_ref idref="oc-13d"/>
      </symbol>
      <symbol id="sm-1c2">
         <name>_lseek</name>
         <value>0x408ca0</value>
         <object_component_ref idref="oc-145"/>
      </symbol>
      <symbol id="sm-1c3">
         <name>_close</name>
         <value>0x407ae0</value>
         <object_component_ref idref="oc-147"/>
      </symbol>
      <symbol id="sm-1c4">
         <name>_write</name>
         <value>0x408ee0</value>
         <object_component_ref idref="oc-131"/>
      </symbol>
      <symbol id="sm-1cc">
         <name>_memcpy</name>
         <value>0x408320</value>
         <object_component_ref idref="oc-108"/>
      </symbol>
      <symbol id="sm-1e2">
         <name>__sys_memory</name>
         <value>0x200000</value>
         <object_component_ref idref="oc-66"/>
      </symbol>
      <symbol id="sm-1e3">
         <name>_free</name>
         <value>0x404320</value>
         <object_component_ref idref="oc-146"/>
      </symbol>
      <symbol id="sm-1e4">
         <name>_malloc</name>
         <value>0x4063e0</value>
         <object_component_ref idref="oc-116"/>
      </symbol>
      <symbol id="sm-1ee">
         <name>_memset</name>
         <value>0x407ce0</value>
         <object_component_ref idref="oc-117"/>
      </symbol>
      <symbol id="sm-1f8">
         <name>_modf</name>
         <value>0x408400</value>
         <object_component_ref idref="oc-138"/>
      </symbol>
      <symbol id="sm-202">
         <name>__mpyf</name>
         <value>0x405740</value>
         <object_component_ref idref="oc-11b"/>
      </symbol>
      <symbol id="sm-210">
         <name>_printf</name>
         <value>0x4085c0</value>
         <object_component_ref idref="oc-112"/>
      </symbol>
      <symbol id="sm-21a">
         <name>_remove</name>
         <value>0x40a040</value>
         <object_component_ref idref="oc-148"/>
      </symbol>
      <symbol id="sm-224">
         <name>_rewind</name>
         <value>0x40a060</value>
         <object_component_ref idref="oc-113"/>
      </symbol>
      <symbol id="sm-22e">
         <name>__subd</name>
         <value>0x409f20</value>
         <object_component_ref idref="oc-13a"/>
      </symbol>
      <symbol id="sm-238">
         <name>__subf</name>
         <value>0x409f60</value>
         <object_component_ref idref="oc-123"/>
      </symbol>
      <symbol id="sm-250">
         <name>_HOSTopen</name>
         <value>0x4076e0</value>
         <object_component_ref idref="oc-ff"/>
      </symbol>
      <symbol id="sm-251">
         <name>_HOSTread</name>
         <value>0x4077e0</value>
         <object_component_ref idref="oc-101"/>
      </symbol>
      <symbol id="sm-252">
         <name>_HOSTrename</name>
         <value>0x405e00</value>
         <object_component_ref idref="oc-105"/>
      </symbol>
      <symbol id="sm-253">
         <name>_HOSTwrite</name>
         <value>0x4078e0</value>
         <object_component_ref idref="oc-102"/>
      </symbol>
      <symbol id="sm-254">
         <name>_HOSTlseek</name>
         <value>0x407140</value>
         <object_component_ref idref="oc-103"/>
      </symbol>
      <symbol id="sm-255">
         <name>_HOSTunlink</name>
         <value>0x407de0</value>
         <object_component_ref idref="oc-104"/>
      </symbol>
      <symbol id="sm-256">
         <name>_HOSTclose</name>
         <value>0x4086a0</value>
         <object_component_ref idref="oc-100"/>
      </symbol>
      <symbol id="sm-264">
         <name>C$$IO$$</name>
         <value>0x409d98</value>
         <object_component_ref idref="oc-10c"/>
      </symbol>
      <symbol id="sm-265">
         <name>__CIOBUF_</name>
         <value>0x40a7d8</value>
         <object_component_ref idref="oc-86"/>
      </symbol>
      <symbol id="sm-266">
         <name>_readmsg</name>
         <value>0x4099a0</value>
         <object_component_ref idref="oc-10d"/>
      </symbol>
      <symbol id="sm-267">
         <name>_writemsg</name>
         <value>0x409d40</value>
         <object_component_ref idref="oc-10c"/>
      </symbol>
      <symbol id="sm-271">
         <name>__buff_read</name>
         <value>0x407260</value>
         <object_component_ref idref="oc-128"/>
      </symbol>
      <symbol id="sm-27d">
         <name>__rd_ok</name>
         <value>0x408b20</value>
         <object_component_ref idref="oc-127"/>
      </symbol>
      <symbol id="sm-27e">
         <name>__wrt_ok</name>
         <value>0x4074a0</value>
         <object_component_ref idref="oc-12f"/>
      </symbol>
      <symbol id="sm-28c">
         <name>__unlock</name>
         <value>0x40a4d4</value>
         <object_component_ref idref="oc-91"/>
      </symbol>
      <symbol id="sm-28d">
         <name>__lock</name>
         <value>0x40a4d0</value>
         <object_component_ref idref="oc-91"/>
      </symbol>
      <symbol id="sm-28e">
         <name>__nop</name>
         <value>0x409fc0</value>
         <object_component_ref idref="oc-106"/>
      </symbol>
      <symbol id="sm-2be">
         <name>__printfi</name>
         <value>0x401e60</value>
         <object_component_ref idref="oc-12c"/>
      </symbol>
      <symbol id="sm-2c8">
         <name>__addd</name>
         <value>0x405500</value>
         <object_component_ref idref="oc-13b"/>
      </symbol>
      <symbol id="sm-2d2">
         <name>__args_main</name>
         <value>0x409e20</value>
         <object_component_ref idref="oc-fd"/>
      </symbol>
      <symbol id="sm-2d3">
         <name>__TI_args_main</name>
         <value>0x1</value>
      </symbol>
      <symbol id="sm-2dd">
         <name>_atoi</name>
         <value>0x4075c0</value>
         <object_component_ref idref="oc-14c"/>
      </symbol>
      <symbol id="sm-2e7">
         <name>__auto_init</name>
         <value>0x407ec0</value>
         <object_component_ref idref="oc-fc"/>
      </symbol>
      <symbol id="sm-2f1">
         <name>___TI_cpp_init</name>
         <value>0x4094a0</value>
         <object_component_ref idref="oc-109"/>
      </symbol>
      <symbol id="sm-2fb">
         <name>_copy_in</name>
         <value>0x4092c0</value>
         <object_component_ref idref="oc-107"/>
      </symbol>
      <symbol id="sm-303">
         <name>__ctypes_</name>
         <value>0x40a4e8</value>
         <object_component_ref idref="oc-153"/>
      </symbol>
      <symbol id="sm-30d">
         <name>__tmpnams</name>
         <value>0x40a260</value>
         <object_component_ref idref="oc-ae"/>
      </symbol>
      <symbol id="sm-30e">
         <name>__ft_end</name>
         <value>0x40a3a0</value>
         <object_component_ref idref="oc-ae"/>
      </symbol>
      <symbol id="sm-30f">
         <name>__ftable</name>
         <value>0x40a080</value>
         <object_component_ref idref="oc-ae"/>
      </symbol>
      <symbol id="sm-31b">
         <name>__divd</name>
         <value>0x400e40</value>
         <object_component_ref idref="oc-163"/>
      </symbol>
      <symbol id="sm-323">
         <name>__c6xabi_divu</name>
         <value>0x4088e0</value>
         <object_component_ref idref="oc-129"/>
      </symbol>
      <symbol id="sm-324">
         <name>__divu</name>
         <value>0x4088e0</value>
         <object_component_ref idref="oc-129"/>
      </symbol>
      <symbol id="sm-32e">
         <name>__fixdi</name>
         <value>0x409040</value>
         <object_component_ref idref="oc-169"/>
      </symbol>
      <symbol id="sm-338">
         <name>__fixdli</name>
         <value>0x4090e0</value>
         <object_component_ref idref="oc-166"/>
      </symbol>
      <symbol id="sm-342">
         <name>__fltlid</name>
         <value>0x4095a0</value>
         <object_component_ref idref="oc-168"/>
      </symbol>
      <symbol id="sm-34c">
         <name>_putc</name>
         <value>0x4052a0</value>
         <object_component_ref idref="oc-144"/>
      </symbol>
      <symbol id="sm-34d">
         <name>_fputc</name>
         <value>0x4052a0</value>
         <object_component_ref idref="oc-144"/>
      </symbol>
      <symbol id="sm-359">
         <name>_fputs</name>
         <value>0x402320</value>
         <object_component_ref idref="oc-13f"/>
      </symbol>
      <symbol id="sm-363">
         <name>__frcaddd</name>
         <value>0x404de0</value>
         <object_component_ref idref="oc-149"/>
      </symbol>
      <symbol id="sm-36d">
         <name>__frcmpyd_div</name>
         <value>0x4079e0</value>
         <object_component_ref idref="oc-16c"/>
      </symbol>
      <symbol id="sm-377">
         <name>__frcmpyf</name>
         <value>0x409b60</value>
         <object_component_ref idref="oc-137"/>
      </symbol>
      <symbol id="sm-381">
         <name>_fseek</name>
         <value>0x406900</value>
         <object_component_ref idref="oc-12e"/>
      </symbol>
      <symbol id="sm-38f">
         <name>__divul</name>
         <value>0x406760</value>
         <object_component_ref idref="oc-16d"/>
      </symbol>
      <symbol id="sm-390">
         <name>__remli</name>
         <value>0x409c20</value>
         <object_component_ref idref="oc-16f"/>
      </symbol>
      <symbol id="sm-391">
         <name>__divli</name>
         <value>0x408fa0</value>
         <object_component_ref idref="oc-170"/>
      </symbol>
      <symbol id="sm-39d">
         <name>__subcull</name>
         <value>0x409c80</value>
         <object_component_ref idref="oc-172"/>
      </symbol>
      <symbol id="sm-39e">
         <name>__divull</name>
         <value>0x404600</value>
         <object_component_ref idref="oc-16e"/>
      </symbol>
      <symbol id="sm-3a8">
         <name>___isinf</name>
         <value>0x409da0</value>
         <object_component_ref idref="oc-155"/>
      </symbol>
      <symbol id="sm-3b4">
         <name>__llshl</name>
         <value>0x409620</value>
         <object_component_ref idref="oc-171"/>
      </symbol>
      <symbol id="sm-3b5">
         <name>__llshru</name>
         <value>0x409bc0</value>
         <object_component_ref idref="oc-173"/>
      </symbol>
      <symbol id="sm-3bf">
         <name>_ltoa</name>
         <value>0x407be0</value>
         <object_component_ref idref="oc-167"/>
      </symbol>
      <symbol id="sm-3c9">
         <name>_memccpy</name>
         <value>0x409920</value>
         <object_component_ref idref="oc-14f"/>
      </symbol>
      <symbol id="sm-3d3">
         <name>__mpyd</name>
         <value>0x404b60</value>
         <object_component_ref idref="oc-162"/>
      </symbol>
      <symbol id="sm-3dd">
         <name>__mpyll</name>
         <value>0x4096a0</value>
         <object_component_ref idref="oc-165"/>
      </symbol>
      <symbol id="sm-3e7">
         <name>__negd</name>
         <value>0x409ee0</value>
         <object_component_ref idref="oc-156"/>
      </symbol>
      <symbol id="sm-3f1">
         <name>__negll</name>
         <value>0x409fa0</value>
         <object_component_ref idref="oc-15b"/>
      </symbol>
      <symbol id="sm-3fb">
         <name>__renormd</name>
         <value>0x409220</value>
         <object_component_ref idref="oc-151"/>
      </symbol>
      <symbol id="sm-405">
         <name>_setvbuf</name>
         <value>0x405bc0</value>
         <object_component_ref idref="oc-13e"/>
      </symbol>
      <symbol id="sm-416">
         <name>__frcmpyd</name>
         <value>0x407380</value>
         <object_component_ref idref="oc-16a"/>
      </symbol>
   </symbol_table>
</link_info>
