<?xml version="1.0"?>
<link_info>
   <banner>TMS320C6x Linker PC v7.4.4</banner>
   <copyright>Copyright (c) 1996-2013 Texas Instruments Incorporated</copyright>
   <link_time>0x5ff31b1d</link_time>
   <output_file>hw1_bilinear.out</output_file>
   <entry_point>
      <name>_c_int00</name>
      <address>0x40b2a0</address>
   </entry_point>
   <input_file_list>
      <input_file id="fl-2">
         <path>.\</path>
         <kind>object</kind>
         <file>main.obj</file>
         <name>main.obj</name>
      </input_file>
      <input_file id="fl-7d">
         <path>C:\Program Files\ccsv5\tools\compiler\c6000_7.4.4\lib\</path>
         <kind>archive</kind>
         <file>rts6400.lib</file>
         <name>addf.obj</name>
      </input_file>
      <input_file id="fl-7e">
         <path>C:\Program Files\ccsv5\tools\compiler\c6000_7.4.4\lib\</path>
         <kind>archive</kind>
         <file>rts6400.lib</file>
         <name>boot.obj</name>
      </input_file>
      <input_file id="fl-7f">
         <path>C:\Program Files\ccsv5\tools\compiler\c6000_7.4.4\lib\</path>
         <kind>archive</kind>
         <file>rts6400.lib</file>
         <name>ceil.obj</name>
      </input_file>
      <input_file id="fl-80">
         <path>C:\Program Files\ccsv5\tools\compiler\c6000_7.4.4\lib\</path>
         <kind>archive</kind>
         <file>rts6400.lib</file>
         <name>cmpd.obj</name>
      </input_file>
      <input_file id="fl-81">
         <path>C:\Program Files\ccsv5\tools\compiler\c6000_7.4.4\lib\</path>
         <kind>archive</kind>
         <file>rts6400.lib</file>
         <name>cvtdf.obj</name>
      </input_file>
      <input_file id="fl-82">
         <path>C:\Program Files\ccsv5\tools\compiler\c6000_7.4.4\lib\</path>
         <kind>archive</kind>
         <file>rts6400.lib</file>
         <name>cvtfd.obj</name>
      </input_file>
      <input_file id="fl-83">
         <path>C:\Program Files\ccsv5\tools\compiler\c6000_7.4.4\lib\</path>
         <kind>archive</kind>
         <file>rts6400.lib</file>
         <name>divf.obj</name>
      </input_file>
      <input_file id="fl-84">
         <path>C:\Program Files\ccsv5\tools\compiler\c6000_7.4.4\lib\</path>
         <kind>archive</kind>
         <file>rts6400.lib</file>
         <name>exit.obj</name>
      </input_file>
      <input_file id="fl-85">
         <path>C:\Program Files\ccsv5\tools\compiler\c6000_7.4.4\lib\</path>
         <kind>archive</kind>
         <file>rts6400.lib</file>
         <name>fclose.obj</name>
      </input_file>
      <input_file id="fl-86">
         <path>C:\Program Files\ccsv5\tools\compiler\c6000_7.4.4\lib\</path>
         <kind>archive</kind>
         <file>rts6400.lib</file>
         <name>fflush.obj</name>
      </input_file>
      <input_file id="fl-87">
         <path>C:\Program Files\ccsv5\tools\compiler\c6000_7.4.4\lib\</path>
         <kind>archive</kind>
         <file>rts6400.lib</file>
         <name>fixfi.obj</name>
      </input_file>
      <input_file id="fl-88">
         <path>C:\Program Files\ccsv5\tools\compiler\c6000_7.4.4\lib\</path>
         <kind>archive</kind>
         <file>rts6400.lib</file>
         <name>fixfu.obj</name>
      </input_file>
      <input_file id="fl-89">
         <path>C:\Program Files\ccsv5\tools\compiler\c6000_7.4.4\lib\</path>
         <kind>archive</kind>
         <file>rts6400.lib</file>
         <name>floor.obj</name>
      </input_file>
      <input_file id="fl-8a">
         <path>C:\Program Files\ccsv5\tools\compiler\c6000_7.4.4\lib\</path>
         <kind>archive</kind>
         <file>rts6400.lib</file>
         <name>fltif.obj</name>
      </input_file>
      <input_file id="fl-8b">
         <path>C:\Program Files\ccsv5\tools\compiler\c6000_7.4.4\lib\</path>
         <kind>archive</kind>
         <file>rts6400.lib</file>
         <name>fltuf.obj</name>
      </input_file>
      <input_file id="fl-8c">
         <path>C:\Program Files\ccsv5\tools\compiler\c6000_7.4.4\lib\</path>
         <kind>archive</kind>
         <file>rts6400.lib</file>
         <name>fopen.obj</name>
      </input_file>
      <input_file id="fl-8d">
         <path>C:\Program Files\ccsv5\tools\compiler\c6000_7.4.4\lib\</path>
         <kind>archive</kind>
         <file>rts6400.lib</file>
         <name>frcmpyf_div.obj</name>
      </input_file>
      <input_file id="fl-8e">
         <path>C:\Program Files\ccsv5\tools\compiler\c6000_7.4.4\lib\</path>
         <kind>archive</kind>
         <file>rts6400.lib</file>
         <name>fread.obj</name>
      </input_file>
      <input_file id="fl-8f">
         <path>C:\Program Files\ccsv5\tools\compiler\c6000_7.4.4\lib\</path>
         <kind>archive</kind>
         <file>rts6400.lib</file>
         <name>fwrite.obj</name>
      </input_file>
      <input_file id="fl-90">
         <path>C:\Program Files\ccsv5\tools\compiler\c6000_7.4.4\lib\</path>
         <kind>archive</kind>
         <file>rts6400.lib</file>
         <name>localtim.obj</name>
      </input_file>
      <input_file id="fl-91">
         <path>C:\Program Files\ccsv5\tools\compiler\c6000_7.4.4\lib\</path>
         <kind>archive</kind>
         <file>rts6400.lib</file>
         <name>lowlev.obj</name>
      </input_file>
      <input_file id="fl-92">
         <path>C:\Program Files\ccsv5\tools\compiler\c6000_7.4.4\lib\</path>
         <kind>archive</kind>
         <file>rts6400.lib</file>
         <name>memcpy64.obj</name>
      </input_file>
      <input_file id="fl-93">
         <path>C:\Program Files\ccsv5\tools\compiler\c6000_7.4.4\lib\</path>
         <kind>archive</kind>
         <file>rts6400.lib</file>
         <name>memory.obj</name>
      </input_file>
      <input_file id="fl-94">
         <path>C:\Program Files\ccsv5\tools\compiler\c6000_7.4.4\lib\</path>
         <kind>archive</kind>
         <file>rts6400.lib</file>
         <name>memset.obj</name>
      </input_file>
      <input_file id="fl-95">
         <path>C:\Program Files\ccsv5\tools\compiler\c6000_7.4.4\lib\</path>
         <kind>archive</kind>
         <file>rts6400.lib</file>
         <name>mktime.obj</name>
      </input_file>
      <input_file id="fl-96">
         <path>C:\Program Files\ccsv5\tools\compiler\c6000_7.4.4\lib\</path>
         <kind>archive</kind>
         <file>rts6400.lib</file>
         <name>modf.obj</name>
      </input_file>
      <input_file id="fl-97">
         <path>C:\Program Files\ccsv5\tools\compiler\c6000_7.4.4\lib\</path>
         <kind>archive</kind>
         <file>rts6400.lib</file>
         <name>mpyf.obj</name>
      </input_file>
      <input_file id="fl-98">
         <path>C:\Program Files\ccsv5\tools\compiler\c6000_7.4.4\lib\</path>
         <kind>archive</kind>
         <file>rts6400.lib</file>
         <name>printf.obj</name>
      </input_file>
      <input_file id="fl-99">
         <path>C:\Program Files\ccsv5\tools\compiler\c6000_7.4.4\lib\</path>
         <kind>archive</kind>
         <file>rts6400.lib</file>
         <name>remi.obj</name>
      </input_file>
      <input_file id="fl-9a">
         <path>C:\Program Files\ccsv5\tools\compiler\c6000_7.4.4\lib\</path>
         <kind>archive</kind>
         <file>rts6400.lib</file>
         <name>remove.obj</name>
      </input_file>
      <input_file id="fl-9b">
         <path>C:\Program Files\ccsv5\tools\compiler\c6000_7.4.4\lib\</path>
         <kind>archive</kind>
         <file>rts6400.lib</file>
         <name>remu.obj</name>
      </input_file>
      <input_file id="fl-9c">
         <path>C:\Program Files\ccsv5\tools\compiler\c6000_7.4.4\lib\</path>
         <kind>archive</kind>
         <file>rts6400.lib</file>
         <name>rewind.obj</name>
      </input_file>
      <input_file id="fl-9d">
         <path>C:\Program Files\ccsv5\tools\compiler\c6000_7.4.4\lib\</path>
         <kind>archive</kind>
         <file>rts6400.lib</file>
         <name>strftime.obj</name>
      </input_file>
      <input_file id="fl-9e">
         <path>C:\Program Files\ccsv5\tools\compiler\c6000_7.4.4\lib\</path>
         <kind>archive</kind>
         <file>rts6400.lib</file>
         <name>strlen.obj</name>
      </input_file>
      <input_file id="fl-9f">
         <path>C:\Program Files\ccsv5\tools\compiler\c6000_7.4.4\lib\</path>
         <kind>archive</kind>
         <file>rts6400.lib</file>
         <name>strncpy.obj</name>
      </input_file>
      <input_file id="fl-a0">
         <path>C:\Program Files\ccsv5\tools\compiler\c6000_7.4.4\lib\</path>
         <kind>archive</kind>
         <file>rts6400.lib</file>
         <name>subd.obj</name>
      </input_file>
      <input_file id="fl-a1">
         <path>C:\Program Files\ccsv5\tools\compiler\c6000_7.4.4\lib\</path>
         <kind>archive</kind>
         <file>rts6400.lib</file>
         <name>subf.obj</name>
      </input_file>
      <input_file id="fl-a2">
         <path>C:\Program Files\ccsv5\tools\compiler\c6000_7.4.4\lib\</path>
         <kind>archive</kind>
         <file>rts6400.lib</file>
         <name>time.obj</name>
      </input_file>
      <input_file id="fl-a3">
         <path>C:\Program Files\ccsv5\tools\compiler\c6000_7.4.4\lib\</path>
         <kind>archive</kind>
         <file>rts6400.lib</file>
         <name>tmzone.obj</name>
      </input_file>
      <input_file id="fl-a4">
         <path>C:\Program Files\ccsv5\tools\compiler\c6000_7.4.4\lib\</path>
         <kind>archive</kind>
         <file>rts6400.lib</file>
         <name>trgdrv.obj</name>
      </input_file>
      <input_file id="fl-a5">
         <path>C:\Program Files\ccsv5\tools\compiler\c6000_7.4.4\lib\</path>
         <kind>archive</kind>
         <file>rts6400.lib</file>
         <name>trgmsg.obj</name>
      </input_file>
      <input_file id="fl-a6">
         <path>C:\Program Files\ccsv5\tools\compiler\c6000_7.4.4\lib\</path>
         <kind>archive</kind>
         <file>rts6400.lib</file>
         <name>_bufread.obj</name>
      </input_file>
      <input_file id="fl-a7">
         <path>C:\Program Files\ccsv5\tools\compiler\c6000_7.4.4\lib\</path>
         <kind>archive</kind>
         <file>rts6400.lib</file>
         <name>_io_perm.obj</name>
      </input_file>
      <input_file id="fl-a8">
         <path>C:\Program Files\ccsv5\tools\compiler\c6000_7.4.4\lib\</path>
         <kind>archive</kind>
         <file>rts6400.lib</file>
         <name>_lock.obj</name>
      </input_file>
      <input_file id="fl-a9">
         <path>C:\Program Files\ccsv5\tools\compiler\c6000_7.4.4\lib\</path>
         <kind>archive</kind>
         <file>rts6400.lib</file>
         <name>_printfi.obj</name>
      </input_file>
      <input_file id="fl-aa">
         <path>C:\Program Files\ccsv5\tools\compiler\c6000_7.4.4\lib\</path>
         <kind>archive</kind>
         <file>rts6400.lib</file>
         <name>_tvaltostr.obj</name>
      </input_file>
      <input_file id="fl-ab">
         <path>C:\Program Files\ccsv5\tools\compiler\c6000_7.4.4\lib\</path>
         <kind>archive</kind>
         <file>rts6400.lib</file>
         <name>addd.obj</name>
      </input_file>
      <input_file id="fl-ac">
         <path>C:\Program Files\ccsv5\tools\compiler\c6000_7.4.4\lib\</path>
         <kind>archive</kind>
         <file>rts6400.lib</file>
         <name>args_main.obj</name>
      </input_file>
      <input_file id="fl-ad">
         <path>C:\Program Files\ccsv5\tools\compiler\c6000_7.4.4\lib\</path>
         <kind>archive</kind>
         <file>rts6400.lib</file>
         <name>atoi.obj</name>
      </input_file>
      <input_file id="fl-ae">
         <path>C:\Program Files\ccsv5\tools\compiler\c6000_7.4.4\lib\</path>
         <kind>archive</kind>
         <file>rts6400.lib</file>
         <name>autoinit.obj</name>
      </input_file>
      <input_file id="fl-af">
         <path>C:\Program Files\ccsv5\tools\compiler\c6000_7.4.4\lib\</path>
         <kind>archive</kind>
         <file>rts6400.lib</file>
         <name>cpp_init.obj</name>
      </input_file>
      <input_file id="fl-b0">
         <path>C:\Program Files\ccsv5\tools\compiler\c6000_7.4.4\lib\</path>
         <kind>archive</kind>
         <file>rts6400.lib</file>
         <name>cpy_tbl.obj</name>
      </input_file>
      <input_file id="fl-b1">
         <path>C:\Program Files\ccsv5\tools\compiler\c6000_7.4.4\lib\</path>
         <kind>archive</kind>
         <file>rts6400.lib</file>
         <name>ctype.obj</name>
      </input_file>
      <input_file id="fl-b2">
         <path>C:\Program Files\ccsv5\tools\compiler\c6000_7.4.4\lib\</path>
         <kind>archive</kind>
         <file>rts6400.lib</file>
         <name>defs.obj</name>
      </input_file>
      <input_file id="fl-b3">
         <path>C:\Program Files\ccsv5\tools\compiler\c6000_7.4.4\lib\</path>
         <kind>archive</kind>
         <file>rts6400.lib</file>
         <name>divd.obj</name>
      </input_file>
      <input_file id="fl-b4">
         <path>C:\Program Files\ccsv5\tools\compiler\c6000_7.4.4\lib\</path>
         <kind>archive</kind>
         <file>rts6400.lib</file>
         <name>divi.obj</name>
      </input_file>
      <input_file id="fl-b5">
         <path>C:\Program Files\ccsv5\tools\compiler\c6000_7.4.4\lib\</path>
         <kind>archive</kind>
         <file>rts6400.lib</file>
         <name>divu.obj</name>
      </input_file>
      <input_file id="fl-b6">
         <path>C:\Program Files\ccsv5\tools\compiler\c6000_7.4.4\lib\</path>
         <kind>archive</kind>
         <file>rts6400.lib</file>
         <name>fixdi.obj</name>
      </input_file>
      <input_file id="fl-b7">
         <path>C:\Program Files\ccsv5\tools\compiler\c6000_7.4.4\lib\</path>
         <kind>archive</kind>
         <file>rts6400.lib</file>
         <name>fixdli.obj</name>
      </input_file>
      <input_file id="fl-b8">
         <path>C:\Program Files\ccsv5\tools\compiler\c6000_7.4.4\lib\</path>
         <kind>archive</kind>
         <file>rts6400.lib</file>
         <name>fltlid.obj</name>
      </input_file>
      <input_file id="fl-b9">
         <path>C:\Program Files\ccsv5\tools\compiler\c6000_7.4.4\lib\</path>
         <kind>archive</kind>
         <file>rts6400.lib</file>
         <name>fputc.obj</name>
      </input_file>
      <input_file id="fl-ba">
         <path>C:\Program Files\ccsv5\tools\compiler\c6000_7.4.4\lib\</path>
         <kind>archive</kind>
         <file>rts6400.lib</file>
         <name>fputs.obj</name>
      </input_file>
      <input_file id="fl-bb">
         <path>C:\Program Files\ccsv5\tools\compiler\c6000_7.4.4\lib\</path>
         <kind>archive</kind>
         <file>rts6400.lib</file>
         <name>frcaddd.obj</name>
      </input_file>
      <input_file id="fl-bc">
         <path>C:\Program Files\ccsv5\tools\compiler\c6000_7.4.4\lib\</path>
         <kind>archive</kind>
         <file>rts6400.lib</file>
         <name>frcmpyd_div.obj</name>
      </input_file>
      <input_file id="fl-bd">
         <path>C:\Program Files\ccsv5\tools\compiler\c6000_7.4.4\lib\</path>
         <kind>archive</kind>
         <file>rts6400.lib</file>
         <name>frcmpyf.obj</name>
      </input_file>
      <input_file id="fl-be">
         <path>C:\Program Files\ccsv5\tools\compiler\c6000_7.4.4\lib\</path>
         <kind>archive</kind>
         <file>rts6400.lib</file>
         <name>fseek.obj</name>
      </input_file>
      <input_file id="fl-bf">
         <path>C:\Program Files\ccsv5\tools\compiler\c6000_7.4.4\lib\</path>
         <kind>archive</kind>
         <file>rts6400.lib</file>
         <name>imath40.obj</name>
      </input_file>
      <input_file id="fl-c0">
         <path>C:\Program Files\ccsv5\tools\compiler\c6000_7.4.4\lib\</path>
         <kind>archive</kind>
         <file>rts6400.lib</file>
         <name>imath64.obj</name>
      </input_file>
      <input_file id="fl-c1">
         <path>C:\Program Files\ccsv5\tools\compiler\c6000_7.4.4\lib\</path>
         <kind>archive</kind>
         <file>rts6400.lib</file>
         <name>isinf.obj</name>
      </input_file>
      <input_file id="fl-c2">
         <path>C:\Program Files\ccsv5\tools\compiler\c6000_7.4.4\lib\</path>
         <kind>archive</kind>
         <file>rts6400.lib</file>
         <name>llshift.obj</name>
      </input_file>
      <input_file id="fl-c3">
         <path>C:\Program Files\ccsv5\tools\compiler\c6000_7.4.4\lib\</path>
         <kind>archive</kind>
         <file>rts6400.lib</file>
         <name>ltoa.obj</name>
      </input_file>
      <input_file id="fl-c4">
         <path>C:\Program Files\ccsv5\tools\compiler\c6000_7.4.4\lib\</path>
         <kind>archive</kind>
         <file>rts6400.lib</file>
         <name>memccpy.obj</name>
      </input_file>
      <input_file id="fl-c5">
         <path>C:\Program Files\ccsv5\tools\compiler\c6000_7.4.4\lib\</path>
         <kind>archive</kind>
         <file>rts6400.lib</file>
         <name>mpyd.obj</name>
      </input_file>
      <input_file id="fl-c6">
         <path>C:\Program Files\ccsv5\tools\compiler\c6000_7.4.4\lib\</path>
         <kind>archive</kind>
         <file>rts6400.lib</file>
         <name>mpyll.obj</name>
      </input_file>
      <input_file id="fl-c7">
         <path>C:\Program Files\ccsv5\tools\compiler\c6000_7.4.4\lib\</path>
         <kind>archive</kind>
         <file>rts6400.lib</file>
         <name>negd.obj</name>
      </input_file>
      <input_file id="fl-c8">
         <path>C:\Program Files\ccsv5\tools\compiler\c6000_7.4.4\lib\</path>
         <kind>archive</kind>
         <file>rts6400.lib</file>
         <name>negll.obj</name>
      </input_file>
      <input_file id="fl-c9">
         <path>C:\Program Files\ccsv5\tools\compiler\c6000_7.4.4\lib\</path>
         <kind>archive</kind>
         <file>rts6400.lib</file>
         <name>renormd.obj</name>
      </input_file>
      <input_file id="fl-ca">
         <path>C:\Program Files\ccsv5\tools\compiler\c6000_7.4.4\lib\</path>
         <kind>archive</kind>
         <file>rts6400.lib</file>
         <name>setvbuf.obj</name>
      </input_file>
      <input_file id="fl-cb">
         <path>C:\Program Files\ccsv5\tools\compiler\c6000_7.4.4\lib\</path>
         <kind>archive</kind>
         <file>rts6400.lib</file>
         <name>strcat.obj</name>
      </input_file>
      <input_file id="fl-cc">
         <path>C:\Program Files\ccsv5\tools\compiler\c6000_7.4.4\lib\</path>
         <kind>archive</kind>
         <file>rts6400.lib</file>
         <name>strcpy.obj</name>
      </input_file>
      <input_file id="fl-cd">
         <path>C:\Program Files\ccsv5\tools\compiler\c6000_7.4.4\lib\</path>
         <kind>archive</kind>
         <file>rts6400.lib</file>
         <name>abs.obj</name>
      </input_file>
      <input_file id="fl-ce">
         <path>C:\Program Files\ccsv5\tools\compiler\c6000_7.4.4\lib\</path>
         <kind>archive</kind>
         <file>rts6400.lib</file>
         <name>frcmpyd.obj</name>
      </input_file>
   </input_file_list>
   <object_component_list>
      <object_component id="oc-136">
         <name>.text</name>
         <load_address>0x400000</load_address>
         <run_address>0x400000</run_address>
         <size>0x9c0</size>
         <input_file_ref idref="fl-2"/>
      </object_component>
      <object_component id="oc-146">
         <name>.text:_strftime</name>
         <load_address>0x4009c0</load_address>
         <run_address>0x4009c0</run_address>
         <size>0x840</size>
         <input_file_ref idref="fl-9d"/>
      </object_component>
      <object_component id="oc-198">
         <name>.text:__getarg_diouxp</name>
         <load_address>0x401200</load_address>
         <run_address>0x401200</run_address>
         <size>0x620</size>
         <input_file_ref idref="fl-a9"/>
      </object_component>
      <object_component id="oc-1a1">
         <name>.text:__divd</name>
         <load_address>0x401820</load_address>
         <run_address>0x401820</run_address>
         <size>0x5c0</size>
         <input_file_ref idref="fl-b3"/>
      </object_component>
      <object_component id="oc-141">
         <name>.text:_fwrite</name>
         <load_address>0x401de0</load_address>
         <run_address>0x401de0</run_address>
         <size>0x580</size>
         <input_file_ref idref="fl-8f"/>
      </object_component>
      <object_component id="oc-165">
         <name>.text:_mktime</name>
         <load_address>0x402360</load_address>
         <run_address>0x402360</run_address>
         <size>0x540</size>
         <input_file_ref idref="fl-95"/>
      </object_component>
      <object_component id="oc-17e">
         <name>.text:__setfield</name>
         <load_address>0x4028a0</load_address>
         <run_address>0x4028a0</run_address>
         <size>0x4e0</size>
         <input_file_ref idref="fl-a9"/>
      </object_component>
      <object_component id="oc-15b">
         <name>.text:__printfi</name>
         <load_address>0x402d80</load_address>
         <run_address>0x402d80</run_address>
         <size>0x4c0</size>
         <input_file_ref idref="fl-a9"/>
      </object_component>
      <object_component id="oc-17b">
         <name>.text:_fputs</name>
         <load_address>0x403240</load_address>
         <run_address>0x403240</run_address>
         <size>0x420</size>
         <input_file_ref idref="fl-ba"/>
      </object_component>
      <object_component id="oc-19e">
         <name>.text:_fcvt</name>
         <load_address>0x403660</load_address>
         <run_address>0x403660</run_address>
         <size>0x400</size>
         <input_file_ref idref="fl-a9"/>
      </object_component>
      <object_component id="oc-18b">
         <name>.text:__pproc_fge</name>
         <load_address>0x403a60</load_address>
         <run_address>0x403a60</run_address>
         <size>0x3e0</size>
         <input_file_ref idref="fl-a9"/>
      </object_component>
      <object_component id="oc-19b">
         <name>.text:_ecvt</name>
         <load_address>0x403e40</load_address>
         <run_address>0x403e40</run_address>
         <size>0x3c0</size>
         <input_file_ref idref="fl-a9"/>
      </object_component>
      <object_component id="oc-149">
         <name>.text:__divf</name>
         <load_address>0x404200</load_address>
         <run_address>0x404200</run_address>
         <size>0x3a0</size>
         <input_file_ref idref="fl-83"/>
      </object_component>
      <object_component id="oc-14f">
         <name>.text:__addf</name>
         <load_address>0x4045a0</load_address>
         <run_address>0x4045a0</run_address>
         <size>0x380</size>
         <input_file_ref idref="fl-7d"/>
      </object_component>
      <object_component id="oc-197">
         <name>.text:__pconv_e</name>
         <load_address>0x404920</load_address>
         <run_address>0x404920</run_address>
         <size>0x320</size>
         <input_file_ref idref="fl-a9"/>
      </object_component>
      <object_component id="oc-17d">
         <name>.text:__pproc_fwp</name>
         <load_address>0x404c40</load_address>
         <run_address>0x404c40</run_address>
         <size>0x300</size>
         <input_file_ref idref="fl-a9"/>
      </object_component>
      <object_component id="oc-13d">
         <name>.text:_fread</name>
         <load_address>0x404f40</load_address>
         <run_address>0x404f40</run_address>
         <size>0x300</size>
         <input_file_ref idref="fl-8e"/>
      </object_component>
      <object_component id="oc-184">
         <name>.text:_free</name>
         <load_address>0x405240</load_address>
         <run_address>0x405240</run_address>
         <size>0x2e0</size>
         <input_file_ref idref="fl-93"/>
      </object_component>
      <object_component id="oc-1ac">
         <name>.text:__divull</name>
         <load_address>0x405520</load_address>
         <run_address>0x405520</run_address>
         <size>0x2c0</size>
         <input_file_ref idref="fl-c0"/>
      </object_component>
      <object_component id="oc-18c">
         <name>.text:__pproc_diouxp</name>
         <load_address>0x4057e0</load_address>
         <run_address>0x4057e0</run_address>
         <size>0x2a0</size>
         <input_file_ref idref="fl-a9"/>
      </object_component>
      <object_component id="oc-1a0">
         <name>.text:__mpyd</name>
         <load_address>0x405a80</load_address>
         <run_address>0x405a80</run_address>
         <size>0x280</size>
         <input_file_ref idref="fl-c5"/>
      </object_component>
      <object_component id="oc-187">
         <name>.text:__frcaddd</name>
         <load_address>0x405d00</load_address>
         <run_address>0x405d00</run_address>
         <size>0x260</size>
         <input_file_ref idref="fl-bb"/>
      </object_component>
      <object_component id="oc-17f">
         <name>.text:__pproc_str</name>
         <load_address>0x405f60</load_address>
         <run_address>0x405f60</run_address>
         <size>0x260</size>
         <input_file_ref idref="fl-a9"/>
      </object_component>
      <object_component id="oc-180">
         <name>.text:_fputc</name>
         <load_address>0x4061c0</load_address>
         <run_address>0x4061c0</run_address>
         <size>0x260</size>
         <input_file_ref idref="fl-b9"/>
      </object_component>
      <object_component id="oc-177">
         <name>.text:__addd</name>
         <load_address>0x406420</load_address>
         <run_address>0x406420</run_address>
         <size>0x240</size>
         <input_file_ref idref="fl-ab"/>
      </object_component>
      <object_component id="oc-14a">
         <name>.text:__mpyf</name>
         <load_address>0x406660</load_address>
         <run_address>0x406660</run_address>
         <size>0x240</size>
         <input_file_ref idref="fl-97"/>
      </object_component>
      <object_component id="oc-195">
         <name>.text:__pconv_g</name>
         <load_address>0x4068a0</load_address>
         <run_address>0x4068a0</run_address>
         <size>0x240</size>
         <input_file_ref idref="fl-a9"/>
      </object_component>
      <object_component id="oc-17a">
         <name>.text:_setvbuf</name>
         <load_address>0x406ae0</load_address>
         <run_address>0x406ae0</run_address>
         <size>0x240</size>
         <input_file_ref idref="fl-ca"/>
      </object_component>
      <object_component id="oc-131">
         <name>.text:_HOSTrename</name>
         <load_address>0x406d20</load_address>
         <run_address>0x406d20</run_address>
         <size>0x200</size>
         <input_file_ref idref="fl-a4"/>
      </object_component>
      <object_component id="oc-19d">
         <name>.text:__mcpy</name>
         <load_address>0x406f20</load_address>
         <run_address>0x406f20</run_address>
         <size>0x200</size>
         <input_file_ref idref="fl-a9"/>
      </object_component>
      <object_component id="oc-155">
         <name>.text:__openfile</name>
         <load_address>0x407120</load_address>
         <run_address>0x407120</run_address>
         <size>0x1e0</size>
         <input_file_ref idref="fl-8c"/>
      </object_component>
      <object_component id="oc-142">
         <name>.text:_malloc</name>
         <load_address>0x407300</load_address>
         <run_address>0x407300</run_address>
         <size>0x1c0</size>
         <input_file_ref idref="fl-93"/>
      </object_component>
      <object_component id="oc-179">
         <name>.text:_open</name>
         <load_address>0x4074c0</load_address>
         <run_address>0x4074c0</run_address>
         <size>0x1c0</size>
         <input_file_ref idref="fl-91"/>
      </object_component>
      <object_component id="oc-1ab">
         <name>.text:__divul</name>
         <load_address>0x407680</load_address>
         <run_address>0x407680</run_address>
         <size>0x1a0</size>
         <input_file_ref idref="fl-bf"/>
      </object_component>
      <object_component id="oc-15d">
         <name>.text:_fseek</name>
         <load_address>0x407820</load_address>
         <run_address>0x407820</run_address>
         <size>0x180</size>
         <input_file_ref idref="fl-be"/>
      </object_component>
      <object_component id="oc-189">
         <name>.text:_getdevice</name>
         <load_address>0x4079a0</load_address>
         <run_address>0x4079a0</run_address>
         <size>0x180</size>
         <input_file_ref idref="fl-91"/>
      </object_component>
      <object_component id="oc-19a">
         <name>.text:__ltostr</name>
         <load_address>0x407b20</load_address>
         <run_address>0x407b20</run_address>
         <size>0x160</size>
         <input_file_ref idref="fl-a9"/>
      </object_component>
      <object_component id="oc-17c">
         <name>.text:__pproc_fflags</name>
         <load_address>0x407c80</load_address>
         <run_address>0x407c80</run_address>
         <size>0x160</size>
         <input_file_ref idref="fl-a9"/>
      </object_component>
      <object_component id="oc-170">
         <name>.text:__closefile</name>
         <load_address>0x407de0</load_address>
         <run_address>0x407de0</run_address>
         <size>0x140</size>
         <input_file_ref idref="fl-85"/>
      </object_component>
      <object_component id="oc-154">
         <name>.text:__search_fp</name>
         <load_address>0x407f20</load_address>
         <run_address>0x407f20</run_address>
         <size>0x140</size>
         <input_file_ref idref="fl-8c"/>
      </object_component>
      <object_component id="oc-12f">
         <name>.text:_HOSTlseek</name>
         <load_address>0x408060</load_address>
         <run_address>0x408060</run_address>
         <size>0x120</size>
         <input_file_ref idref="fl-a4"/>
      </object_component>
      <object_component id="oc-157">
         <name>.text:__buff_read</name>
         <load_address>0x408180</load_address>
         <run_address>0x408180</run_address>
         <size>0x120</size>
         <input_file_ref idref="fl-a6"/>
      </object_component>
      <object_component id="oc-1a8">
         <name>.text:__frcmpyd</name>
         <load_address>0x4082a0</load_address>
         <run_address>0x4082a0</run_address>
         <size>0x120</size>
         <input_file_ref idref="fl-ce"/>
      </object_component>
      <object_component id="oc-15e">
         <name>.text:__wrt_ok</name>
         <load_address>0x4083c0</load_address>
         <run_address>0x4083c0</run_address>
         <size>0x120</size>
         <input_file_ref idref="fl-a7"/>
      </object_component>
      <object_component id="oc-18a">
         <name>.text:_atoi</name>
         <load_address>0x4084e0</load_address>
         <run_address>0x4084e0</run_address>
         <size>0x120</size>
         <input_file_ref idref="fl-ad"/>
      </object_component>
      <object_component id="oc-12b">
         <name>.text:_HOSTopen</name>
         <load_address>0x408600</load_address>
         <run_address>0x408600</run_address>
         <size>0x100</size>
         <input_file_ref idref="fl-a4"/>
      </object_component>
      <object_component id="oc-12d">
         <name>.text:_HOSTread</name>
         <load_address>0x408700</load_address>
         <run_address>0x408700</run_address>
         <size>0x100</size>
         <input_file_ref idref="fl-a4"/>
      </object_component>
      <object_component id="oc-12e">
         <name>.text:_HOSTwrite</name>
         <load_address>0x408800</load_address>
         <run_address>0x408800</run_address>
         <size>0x100</size>
         <input_file_ref idref="fl-a4"/>
      </object_component>
      <object_component id="oc-16f">
         <name>.text:__divi</name>
         <load_address>0x408900</load_address>
         <run_address>0x408900</run_address>
         <size>0x100</size>
         <input_file_ref idref="fl-b4"/>
      </object_component>
      <object_component id="oc-1aa">
         <name>.text:__frcmpyd_div</name>
         <load_address>0x408a00</load_address>
         <run_address>0x408a00</run_address>
         <size>0x100</size>
         <input_file_ref idref="fl-bc"/>
      </object_component>
      <object_component id="oc-185">
         <name>.text:_close</name>
         <load_address>0x408b00</load_address>
         <run_address>0x408b00</run_address>
         <size>0x100</size>
         <input_file_ref idref="fl-91"/>
      </object_component>
      <object_component id="oc-1a5">
         <name>.text:_ltoa</name>
         <load_address>0x408c00</load_address>
         <run_address>0x408c00</run_address>
         <size>0x100</size>
         <input_file_ref idref="fl-c3"/>
      </object_component>
      <object_component id="oc-143">
         <name>.text:_memset</name>
         <load_address>0x408d00</load_address>
         <run_address>0x408d00</run_address>
         <size>0x100</size>
         <input_file_ref idref="fl-94"/>
      </object_component>
      <object_component id="oc-130">
         <name>.text:_HOSTunlink</name>
         <load_address>0x408e00</load_address>
         <run_address>0x408e00</run_address>
         <size>0xe0</size>
         <input_file_ref idref="fl-a4"/>
      </object_component>
      <object_component id="oc-128">
         <name>.text:__auto_init</name>
         <load_address>0x408ee0</load_address>
         <run_address>0x408ee0</run_address>
         <size>0xe0</size>
         <input_file_ref idref="fl-ae"/>
      </object_component>
      <object_component id="oc-175">
         <name>.text:__cmpd</name>
         <load_address>0x408fc0</load_address>
         <run_address>0x408fc0</run_address>
         <size>0xe0</size>
         <input_file_ref idref="fl-80"/>
      </object_component>
      <object_component id="oc-1a2">
         <name>.text:__div</name>
         <load_address>0x4090a0</load_address>
         <run_address>0x4090a0</run_address>
         <size>0xe0</size>
         <input_file_ref idref="fl-a9"/>
      </object_component>
      <object_component id="oc-15f">
         <name>.text:__doflush</name>
         <load_address>0x409180</load_address>
         <run_address>0x409180</run_address>
         <size>0xe0</size>
         <input_file_ref idref="fl-86"/>
      </object_component>
      <object_component id="oc-196">
         <name>.text:__pconv_f</name>
         <load_address>0x409260</load_address>
         <run_address>0x409260</run_address>
         <size>0xe0</size>
         <input_file_ref idref="fl-a9"/>
      </object_component>
      <object_component id="oc-145">
         <name>.text:_localtime</name>
         <load_address>0x409340</load_address>
         <run_address>0x409340</run_address>
         <size>0xe0</size>
         <input_file_ref idref="fl-90"/>
      </object_component>
      <object_component id="oc-134">
         <name>.text:_memcpy</name>
         <load_address>0x409420</load_address>
         <run_address>0x409420</run_address>
         <size>0xe0</size>
         <input_file_ref idref="fl-92"/>
      </object_component>
      <object_component id="oc-174">
         <name>.text:_modf</name>
         <load_address>0x409500</load_address>
         <run_address>0x409500</run_address>
         <size>0xe0</size>
         <input_file_ref idref="fl-96"/>
      </object_component>
      <object_component id="oc-161">
         <name>.text:_mremove</name>
         <load_address>0x4095e0</load_address>
         <run_address>0x4095e0</run_address>
         <size>0xe0</size>
         <input_file_ref idref="fl-93"/>
      </object_component>
      <object_component id="oc-13e">
         <name>.text:_printf</name>
         <load_address>0x4096c0</load_address>
         <run_address>0x4096c0</run_address>
         <size>0xe0</size>
         <input_file_ref idref="fl-98"/>
      </object_component>
      <object_component id="oc-12c">
         <name>.text:_HOSTclose</name>
         <load_address>0x4097a0</load_address>
         <run_address>0x4097a0</run_address>
         <size>0xc0</size>
         <input_file_ref idref="fl-a4"/>
      </object_component>
      <object_component id="oc-163">
         <name>.text:_HOSTtime</name>
         <load_address>0x409860</load_address>
         <run_address>0x409860</run_address>
         <size>0xc0</size>
         <input_file_ref idref="fl-a4"/>
      </object_component>
      <object_component id="oc-178">
         <name>.text:__cleanup</name>
         <load_address>0x409920</load_address>
         <run_address>0x409920</run_address>
         <size>0xc0</size>
         <input_file_ref idref="fl-8c"/>
      </object_component>
      <object_component id="oc-14d">
         <name>.text:__cvtdf</name>
         <load_address>0x4099e0</load_address>
         <run_address>0x4099e0</run_address>
         <size>0xc0</size>
         <input_file_ref idref="fl-81"/>
      </object_component>
      <object_component id="oc-158">
         <name>.text:__divu</name>
         <load_address>0x409aa0</load_address>
         <run_address>0x409aa0</run_address>
         <size>0xc0</size>
         <input_file_ref idref="fl-b5"/>
      </object_component>
      <object_component id="oc-19c">
         <name>.text:__ecpy</name>
         <load_address>0x409b60</load_address>
         <run_address>0x409b60</run_address>
         <size>0xc0</size>
         <input_file_ref idref="fl-a9"/>
      </object_component>
      <object_component id="oc-19f">
         <name>.text:__fcpy</name>
         <load_address>0x409c20</load_address>
         <run_address>0x409c20</run_address>
         <size>0xc0</size>
         <input_file_ref idref="fl-a9"/>
      </object_component>
      <object_component id="oc-156">
         <name>.text:__rd_ok</name>
         <load_address>0x409ce0</load_address>
         <run_address>0x409ce0</run_address>
         <size>0xc0</size>
         <input_file_ref idref="fl-a7"/>
      </object_component>
      <object_component id="oc-169">
         <name>.text:__remi</name>
         <load_address>0x409da0</load_address>
         <run_address>0x409da0</run_address>
         <size>0xc0</size>
         <input_file_ref idref="fl-99"/>
      </object_component>
      <object_component id="oc-16a">
         <name>.text:__tvaltostr</name>
         <load_address>0x409e60</load_address>
         <run_address>0x409e60</run_address>
         <size>0xc0</size>
         <input_file_ref idref="fl-aa"/>
      </object_component>
      <object_component id="oc-12a">
         <name>.text:_exit</name>
         <load_address>0x409f20</load_address>
         <run_address>0x409f20</run_address>
         <size>0xc0</size>
         <input_file_ref idref="fl-84"/>
      </object_component>
      <object_component id="oc-181">
         <name>.text:_lseek</name>
         <load_address>0x409fe0</load_address>
         <run_address>0x409fe0</run_address>
         <size>0xc0</size>
         <input_file_ref idref="fl-91"/>
      </object_component>
      <object_component id="oc-162">
         <name>.text:_minsert</name>
         <load_address>0x40a0a0</load_address>
         <run_address>0x40a0a0</run_address>
         <size>0xc0</size>
         <input_file_ref idref="fl-93"/>
      </object_component>
      <object_component id="oc-159">
         <name>.text:_read</name>
         <load_address>0x40a160</load_address>
         <run_address>0x40a160</run_address>
         <size>0xc0</size>
         <input_file_ref idref="fl-91"/>
      </object_component>
      <object_component id="oc-16e">
         <name>.text:_strncpy</name>
         <load_address>0x40a220</load_address>
         <run_address>0x40a220</run_address>
         <size>0xc0</size>
         <input_file_ref idref="fl-9f"/>
      </object_component>
      <object_component id="oc-160">
         <name>.text:_write</name>
         <load_address>0x40a2e0</load_address>
         <run_address>0x40a2e0</run_address>
         <size>0xc0</size>
         <input_file_ref idref="fl-91"/>
      </object_component>
      <object_component id="oc-1ae">
         <name>.text:__divli</name>
         <load_address>0x40a3a0</load_address>
         <run_address>0x40a3a0</run_address>
         <size>0xa0</size>
         <input_file_ref idref="fl-bf"/>
      </object_component>
      <object_component id="oc-1a7">
         <name>.text:__fixdi</name>
         <load_address>0x40a440</load_address>
         <run_address>0x40a440</run_address>
         <size>0xa0</size>
         <input_file_ref idref="fl-b6"/>
      </object_component>
      <object_component id="oc-1a4">
         <name>.text:__fixdli</name>
         <load_address>0x40a4e0</load_address>
         <run_address>0x40a4e0</run_address>
         <size>0xa0</size>
         <input_file_ref idref="fl-b7"/>
      </object_component>
      <object_component id="oc-153">
         <name>.text:__fixfu</name>
         <load_address>0x40a580</load_address>
         <run_address>0x40a580</run_address>
         <size>0xa0</size>
         <input_file_ref idref="fl-88"/>
      </object_component>
      <object_component id="oc-164">
         <name>.text:__remu</name>
         <load_address>0x40a620</load_address>
         <run_address>0x40a620</run_address>
         <size>0xa0</size>
         <input_file_ref idref="fl-9b"/>
      </object_component>
      <object_component id="oc-18f">
         <name>.text:__renormd</name>
         <load_address>0x40a6c0</load_address>
         <run_address>0x40a6c0</run_address>
         <size>0xa0</size>
         <input_file_ref idref="fl-c9"/>
      </object_component>
      <object_component id="oc-133">
         <name>.text:_copy_in</name>
         <load_address>0x40a760</load_address>
         <run_address>0x40a760</run_address>
         <size>0xa0</size>
         <input_file_ref idref="fl-b0"/>
      </object_component>
      <object_component id="oc-190">
         <name>.text:_finddevice</name>
         <load_address>0x40a800</load_address>
         <run_address>0x40a800</run_address>
         <size>0xa0</size>
         <input_file_ref idref="fl-91"/>
      </object_component>
      <object_component id="oc-16c">
         <name>.text:_strcat</name>
         <load_address>0x40a8a0</load_address>
         <run_address>0x40a8a0</run_address>
         <size>0xa0</size>
         <input_file_ref idref="fl-cb"/>
      </object_component>
      <object_component id="oc-188">
         <name>.text:_tabinit</name>
         <load_address>0x40a940</load_address>
         <run_address>0x40a940</run_address>
         <size>0xa0</size>
         <input_file_ref idref="fl-91"/>
      </object_component>
      <object_component id="oc-135">
         <name>.text:___TI_cpp_init</name>
         <load_address>0x40a9e0</load_address>
         <run_address>0x40a9e0</run_address>
         <size>0x80</size>
         <input_file_ref idref="fl-af"/>
      </object_component>
      <object_component id="oc-150">
         <name>.text:__fixfi</name>
         <load_address>0x40aa60</load_address>
         <run_address>0x40aa60</run_address>
         <size>0x80</size>
         <input_file_ref idref="fl-87"/>
      </object_component>
      <object_component id="oc-1a6">
         <name>.text:__fltlid</name>
         <load_address>0x40aae0</load_address>
         <run_address>0x40aae0</run_address>
         <size>0x80</size>
         <input_file_ref idref="fl-b8"/>
      </object_component>
      <object_component id="oc-1af">
         <name>.text:__llshl</name>
         <load_address>0x40ab60</load_address>
         <run_address>0x40ab60</run_address>
         <size>0x80</size>
         <input_file_ref idref="fl-c2"/>
      </object_component>
      <object_component id="oc-1a3">
         <name>.text:__mpyll</name>
         <load_address>0x40abe0</load_address>
         <run_address>0x40abe0</run_address>
         <size>0x80</size>
         <input_file_ref idref="fl-c6"/>
      </object_component>
      <object_component id="oc-14e">
         <name>.text:_ceil</name>
         <load_address>0x40ac60</load_address>
         <run_address>0x40ac60</run_address>
         <size>0x80</size>
         <input_file_ref idref="fl-7f"/>
      </object_component>
      <object_component id="oc-147">
         <name>.text:_fclose</name>
         <load_address>0x40ace0</load_address>
         <run_address>0x40ace0</run_address>
         <size>0x80</size>
         <input_file_ref idref="fl-85"/>
      </object_component>
      <object_component id="oc-14c">
         <name>.text:_floor</name>
         <load_address>0x40ad60</load_address>
         <run_address>0x40ad60</run_address>
         <size>0x80</size>
         <input_file_ref idref="fl-89"/>
      </object_component>
      <object_component id="oc-13a">
         <name>.text:_fopen</name>
         <load_address>0x40ade0</load_address>
         <run_address>0x40ade0</run_address>
         <size>0x80</size>
         <input_file_ref idref="fl-8c"/>
      </object_component>
      <object_component id="oc-18d">
         <name>.text:_memccpy</name>
         <load_address>0x40ae60</load_address>
         <run_address>0x40ae60</run_address>
         <size>0x80</size>
         <input_file_ref idref="fl-c4"/>
      </object_component>
      <object_component id="oc-139">
         <name>.text:_readmsg</name>
         <load_address>0x40aee0</load_address>
         <run_address>0x40aee0</run_address>
         <size>0x80</size>
         <input_file_ref idref="fl-a5"/>
      </object_component>
      <object_component id="oc-168">
         <name>.text:_strcpy</name>
         <load_address>0x40af60</load_address>
         <run_address>0x40af60</run_address>
         <size>0x80</size>
         <input_file_ref idref="fl-cc"/>
      </object_component>
      <object_component id="oc-18e">
         <name>.text:_unlink</name>
         <load_address>0x40afe0</load_address>
         <run_address>0x40afe0</run_address>
         <size>0x80</size>
         <input_file_ref idref="fl-91"/>
      </object_component>
      <object_component id="oc-14b">
         <name>.text:__cvtfd</name>
         <load_address>0x40b060</load_address>
         <run_address>0x40b060</run_address>
         <size>0x60</size>
         <input_file_ref idref="fl-82"/>
      </object_component>
      <object_component id="oc-148">
         <name>.text:__fltif</name>
         <load_address>0x40b0c0</load_address>
         <run_address>0x40b0c0</run_address>
         <size>0x60</size>
         <input_file_ref idref="fl-8a"/>
      </object_component>
      <object_component id="oc-173">
         <name>.text:__frcmpyf</name>
         <load_address>0x40b120</load_address>
         <run_address>0x40b120</run_address>
         <size>0x60</size>
         <input_file_ref idref="fl-bd"/>
      </object_component>
      <object_component id="oc-1b1">
         <name>.text:__llshru</name>
         <load_address>0x40b180</load_address>
         <run_address>0x40b180</run_address>
         <size>0x60</size>
         <input_file_ref idref="fl-c2"/>
      </object_component>
      <object_component id="oc-1ad">
         <name>.text:__remli</name>
         <load_address>0x40b1e0</load_address>
         <run_address>0x40b1e0</run_address>
         <size>0x60</size>
         <input_file_ref idref="fl-bf"/>
      </object_component>
      <object_component id="oc-1b0">
         <name>.text:__subcull</name>
         <load_address>0x40b240</load_address>
         <run_address>0x40b240</run_address>
         <size>0x60</size>
         <input_file_ref idref="fl-c0"/>
      </object_component>
      <object_component id="oc-17">
         <name>.text:_c_int00</name>
         <load_address>0x40b2a0</load_address>
         <run_address>0x40b2a0</run_address>
         <size>0x60</size>
         <input_file_ref idref="fl-7e"/>
      </object_component>
      <object_component id="oc-138">
         <name>.text:_writemsg</name>
         <load_address>0x40b300</load_address>
         <run_address>0x40b300</run_address>
         <size>0x60</size>
         <input_file_ref idref="fl-a5"/>
      </object_component>
      <object_component id="oc-193">
         <name>.text:___isinf</name>
         <load_address>0x40b360</load_address>
         <run_address>0x40b360</run_address>
         <size>0x40</size>
         <input_file_ref idref="fl-c1"/>
      </object_component>
      <object_component id="oc-192">
         <name>.text:___isnan</name>
         <load_address>0x40b3a0</load_address>
         <run_address>0x40b3a0</run_address>
         <size>0x40</size>
         <input_file_ref idref="fl-a9"/>
      </object_component>
      <object_component id="oc-129">
         <name>.text:__args_main</name>
         <load_address>0x40b3e0</load_address>
         <run_address>0x40b3e0</run_address>
         <size>0x40</size>
         <input_file_ref idref="fl-ac"/>
      </object_component>
      <object_component id="oc-151">
         <name>.text:__fltuf</name>
         <load_address>0x40b420</load_address>
         <run_address>0x40b420</run_address>
         <size>0x40</size>
         <input_file_ref idref="fl-8b"/>
      </object_component>
      <object_component id="oc-172">
         <name>.text:__frcmpyf_div</name>
         <load_address>0x40b460</load_address>
         <run_address>0x40b460</run_address>
         <size>0x40</size>
         <input_file_ref idref="fl-8d"/>
      </object_component>
      <object_component id="oc-194">
         <name>.text:__negd</name>
         <load_address>0x40b4a0</load_address>
         <run_address>0x40b4a0</run_address>
         <size>0x40</size>
         <input_file_ref idref="fl-c7"/>
      </object_component>
      <object_component id="oc-176">
         <name>.text:__subd</name>
         <load_address>0x40b4e0</load_address>
         <run_address>0x40b4e0</run_address>
         <size>0x40</size>
         <input_file_ref idref="fl-a0"/>
      </object_component>
      <object_component id="oc-152">
         <name>.text:__subf</name>
         <load_address>0x40b520</load_address>
         <run_address>0x40b520</run_address>
         <size>0x40</size>
         <input_file_ref idref="fl-a1"/>
      </object_component>
      <object_component id="oc-167">
         <name>.text:_strlen</name>
         <load_address>0x40b560</load_address>
         <run_address>0x40b560</run_address>
         <size>0x40</size>
         <input_file_ref idref="fl-9e"/>
      </object_component>
      <object_component id="oc-144">
         <name>.text:_time</name>
         <load_address>0x40b5a0</load_address>
         <run_address>0x40b5a0</run_address>
         <size>0x40</size>
         <input_file_ref idref="fl-a2"/>
      </object_component>
      <object_component id="oc-199">
         <name>.text:__negll</name>
         <load_address>0x40b5e0</load_address>
         <run_address>0x40b5e0</run_address>
         <size>0x20</size>
         <input_file_ref idref="fl-c8"/>
      </object_component>
      <object_component id="oc-132">
         <name>.text:__nop</name>
         <load_address>0x40b600</load_address>
         <run_address>0x40b600</run_address>
         <size>0x20</size>
         <input_file_ref idref="fl-a8"/>
      </object_component>
      <object_component id="oc-15c">
         <name>.text:__outc</name>
         <load_address>0x40b620</load_address>
         <run_address>0x40b620</run_address>
         <size>0x20</size>
         <input_file_ref idref="fl-98"/>
      </object_component>
      <object_component id="oc-15a">
         <name>.text:__outs</name>
         <load_address>0x40b640</load_address>
         <run_address>0x40b640</run_address>
         <size>0x20</size>
         <input_file_ref idref="fl-98"/>
      </object_component>
      <object_component id="oc-137">
         <name>.text:_abort</name>
         <load_address>0x40b660</load_address>
         <run_address>0x40b660</run_address>
         <size>0x20</size>
         <input_file_ref idref="fl-84"/>
      </object_component>
      <object_component id="oc-186">
         <name>.text:_remove</name>
         <load_address>0x40b680</load_address>
         <run_address>0x40b680</run_address>
         <size>0x20</size>
         <input_file_ref idref="fl-9a"/>
      </object_component>
      <object_component id="oc-13f">
         <name>.text:_rewind</name>
         <load_address>0x40b6a0</load_address>
         <run_address>0x40b6a0</run_address>
         <size>0x20</size>
         <input_file_ref idref="fl-9c"/>
      </object_component>
      <object_component id="oc-21">
         <name>.stack</name>
         <uninitialized>true</uninitialized>
         <run_address>0x0</run_address>
         <size>0x8</size>
         <input_file_ref idref="fl-7e"/>
      </object_component>
      <object_component id="oc-1ce">
         <name>.stack</name>
         <uninitialized>true</uninitialized>
         <run_address>0x0</run_address>
         <size>0x0</size>
      </object_component>
      <object_component id="oc-a5">
         <name>.cio</name>
         <uninitialized>true</uninitialized>
         <run_address>0x40c078</run_address>
         <size>0x120</size>
         <input_file_ref idref="fl-a5"/>
      </object_component>
      <object_component id="oc-191">
         <name>.const:.string:__ctypes_</name>
         <load_address>0x40bbd0</load_address>
         <run_address>0x40bbd0</run_address>
         <size>0x101</size>
         <input_file_ref idref="fl-b1"/>
      </object_component>
      <object_component id="oc-8a">
         <name>.const:.string</name>
         <load_address>0x40bcd1</load_address>
         <run_address>0x40bcd1</run_address>
         <size>0x99</size>
         <input_file_ref idref="fl-9d"/>
      </object_component>
      <object_component id="oc-1a">
         <name>.const:.string</name>
         <load_address>0x40bd6a</load_address>
         <run_address>0x40bd6a</run_address>
         <size>0x70</size>
         <input_file_ref idref="fl-2"/>
      </object_component>
      <object_component id="oc-e9">
         <name>.const:.string</name>
         <load_address>0x40bdda</load_address>
         <run_address>0x40bdda</run_address>
         <size>0x2</size>
         <input_file_ref idref="fl-ba"/>
      </object_component>
      <object_component id="oc-16b">
         <name>.const:_fmon</name>
         <load_address>0x40bde0</load_address>
         <run_address>0x40bde0</run_address>
         <size>0x30</size>
         <input_file_ref idref="fl-9d"/>
      </object_component>
      <object_component id="oc-183">
         <name>.const:_mon_day</name>
         <load_address>0x40be10</load_address>
         <run_address>0x40be10</run_address>
         <size>0x30</size>
         <input_file_ref idref="fl-95"/>
      </object_component>
      <object_component id="oc-182">
         <name>.const:_mon_len</name>
         <load_address>0x40be40</load_address>
         <run_address>0x40be40</run_address>
         <size>0x30</size>
         <input_file_ref idref="fl-95"/>
      </object_component>
      <object_component id="oc-b4">
         <name>.const:.string</name>
         <load_address>0x40be70</load_address>
         <run_address>0x40be70</run_address>
         <size>0x23</size>
         <input_file_ref idref="fl-a9"/>
      </object_component>
      <object_component id="oc-16d">
         <name>.const:_fday</name>
         <load_address>0x40be98</load_address>
         <run_address>0x40be98</run_address>
         <size>0x1c</size>
         <input_file_ref idref="fl-9d"/>
      </object_component>
      <object_component id="oc-13b">
         <name>.const:.string:_iFileName</name>
         <load_address>0x40beb8</load_address>
         <run_address>0x40beb8</run_address>
         <size>0xc</size>
         <input_file_ref idref="fl-2"/>
      </object_component>
      <object_component id="oc-13c">
         <name>.const:.string:_oFileName</name>
         <load_address>0x40bec8</load_address>
         <run_address>0x40bec8</run_address>
         <size>0xc</size>
         <input_file_ref idref="fl-2"/>
      </object_component>
      <object_component id="oc-1a9">
         <name>.const:.string:_initial_approx$1</name>
         <load_address>0x40bed8</load_address>
         <run_address>0x40bed8</run_address>
         <size>0x8</size>
         <input_file_ref idref="fl-b3"/>
      </object_component>
      <object_component id="oc-171">
         <name>.const:.string:_initial_approx$1</name>
         <load_address>0x40bee0</load_address>
         <run_address>0x40bee0</run_address>
         <size>0x8</size>
         <input_file_ref idref="fl-83"/>
      </object_component>
      <object_component id="oc-140">
         <name>.const:_output_size</name>
         <load_address>0x40bee8</load_address>
         <run_address>0x40bee8</run_address>
         <size>0x8</size>
         <input_file_ref idref="fl-2"/>
      </object_component>
      <object_component id="oc-166">
         <name>.switch:_strftime</name>
         <load_address>0x40c198</load_address>
         <run_address>0x40c198</run_address>
         <size>0xe8</size>
         <input_file_ref idref="fl-9d"/>
      </object_component>
      <object_component id="oc-6b">
         <name>.sysmem</name>
         <uninitialized>true</uninitialized>
         <run_address>0x200000</run_address>
         <size>0x8</size>
         <input_file_ref idref="fl-93"/>
      </object_component>
      <object_component id="oc-1cf">
         <name>.sysmem</name>
         <uninitialized>true</uninitialized>
         <run_address>0x200000</run_address>
         <size>0x0</size>
      </object_component>
      <object_component id="oc-19">
         <name>.far</name>
         <uninitialized>true</uninitialized>
         <run_address>0x40bb08</run_address>
         <size>0x50</size>
         <input_file_ref idref="fl-2"/>
      </object_component>
      <object_component id="oc-35">
         <name>.far</name>
         <uninitialized>true</uninitialized>
         <run_address>0x40bb98</run_address>
         <size>0xc</size>
         <input_file_ref idref="fl-84"/>
      </object_component>
      <object_component id="oc-4f">
         <name>.far</name>
         <uninitialized>true</uninitialized>
         <run_address>0x40b9e4</run_address>
         <size>0x4</size>
         <input_file_ref idref="fl-8c"/>
      </object_component>
      <object_component id="oc-5d">
         <name>.far</name>
         <uninitialized>true</uninitialized>
         <run_address>0x40bb58</run_address>
         <size>0x24</size>
         <input_file_ref idref="fl-90"/>
      </object_component>
      <object_component id="oc-62">
         <name>.far</name>
         <uninitialized>true</uninitialized>
         <run_address>0x40b9e8</run_address>
         <size>0x11c</size>
         <input_file_ref idref="fl-91"/>
      </object_component>
      <object_component id="oc-6a">
         <name>.far</name>
         <uninitialized>true</uninitialized>
         <run_address>0x40bbbc</run_address>
         <size>0x8</size>
         <input_file_ref idref="fl-93"/>
      </object_component>
      <object_component id="oc-9e">
         <name>.far</name>
         <uninitialized>true</uninitialized>
         <run_address>0x40bb80</run_address>
         <size>0x18</size>
         <input_file_ref idref="fl-a3"/>
      </object_component>
      <object_component id="oc-a1">
         <name>.far</name>
         <uninitialized>true</uninitialized>
         <run_address>0x40bbc8</run_address>
         <size>0x8</size>
         <input_file_ref idref="fl-a4"/>
      </object_component>
      <object_component id="oc-b0">
         <name>.far</name>
         <uninitialized>true</uninitialized>
         <run_address>0x40bbb4</run_address>
         <size>0x8</size>
         <input_file_ref idref="fl-a8"/>
      </object_component>
      <object_component id="oc-b8">
         <name>.far</name>
         <uninitialized>true</uninitialized>
         <run_address>0x40bba8</run_address>
         <size>0xa</size>
         <input_file_ref idref="fl-aa"/>
      </object_component>
      <object_component id="oc-d1">
         <name>.far</name>
         <uninitialized>true</uninitialized>
         <run_address>0x40b6c0</run_address>
         <size>0x324</size>
         <input_file_ref idref="fl-b2"/>
      </object_component>
      <object_component id="oc-d0">
         <name>.cinit</name>
         <load_address>0x40bef0</load_address>
         <run_address>0x40bef0</run_address>
         <size>0x5c</size>
         <input_file_ref idref="fl-b2"/>
      </object_component>
      <object_component id="oc-61">
         <name>.cinit</name>
         <load_address>0x40bf50</load_address>
         <run_address>0x40bf50</run_address>
         <size>0x5c</size>
         <input_file_ref idref="fl-91"/>
      </object_component>
      <object_component id="oc-34">
         <name>.cinit</name>
         <load_address>0x40bfb0</load_address>
         <run_address>0x40bfb0</run_address>
         <size>0x2c</size>
         <input_file_ref idref="fl-84"/>
      </object_component>
      <object_component id="oc-69">
         <name>.cinit</name>
         <load_address>0x40bfe0</load_address>
         <run_address>0x40bfe0</run_address>
         <size>0x2c</size>
         <input_file_ref idref="fl-93"/>
      </object_component>
      <object_component id="oc-9d">
         <name>.cinit</name>
         <load_address>0x40c010</load_address>
         <run_address>0x40c010</run_address>
         <size>0x20</size>
         <input_file_ref idref="fl-a3"/>
      </object_component>
      <object_component id="oc-af">
         <name>.cinit</name>
         <load_address>0x40c030</load_address>
         <run_address>0x40c030</run_address>
         <size>0x1c</size>
         <input_file_ref idref="fl-a8"/>
      </object_component>
      <object_component id="oc-4e">
         <name>.cinit</name>
         <load_address>0x40c050</load_address>
         <run_address>0x40c050</run_address>
         <size>0xc</size>
         <input_file_ref idref="fl-8c"/>
      </object_component>
      <object_component id="oc-5c">
         <name>.cinit</name>
         <load_address>0x40c060</load_address>
         <run_address>0x40c060</run_address>
         <size>0xc</size>
         <input_file_ref idref="fl-90"/>
      </object_component>
      <object_component id="oc-18">
         <name>.debug_info</name>
         <load_address>0x0</load_address>
         <run_address>0x0</run_address>
         <size>0x1359</size>
         <input_file_ref idref="fl-2"/>
      </object_component>
      <object_component id="oc-1d">
         <name>.debug_info</name>
         <load_address>0x1359</load_address>
         <run_address>0x1359</run_address>
         <size>0x6b1</size>
         <input_file_ref idref="fl-7d"/>
      </object_component>
      <object_component id="oc-20">
         <name>.debug_info</name>
         <load_address>0x1a0a</load_address>
         <run_address>0x1a0a</run_address>
         <size>0x6f5</size>
         <input_file_ref idref="fl-7e"/>
      </object_component>
      <object_component id="oc-24">
         <name>.debug_info</name>
         <load_address>0x20ff</load_address>
         <run_address>0x20ff</run_address>
         <size>0x64e</size>
         <input_file_ref idref="fl-7f"/>
      </object_component>
      <object_component id="oc-27">
         <name>.debug_info</name>
         <load_address>0x274d</load_address>
         <run_address>0x274d</run_address>
         <size>0x68f</size>
         <input_file_ref idref="fl-80"/>
      </object_component>
      <object_component id="oc-2a">
         <name>.debug_info</name>
         <load_address>0x2ddc</load_address>
         <run_address>0x2ddc</run_address>
         <size>0x68e</size>
         <input_file_ref idref="fl-81"/>
      </object_component>
      <object_component id="oc-2d">
         <name>.debug_info</name>
         <load_address>0x346a</load_address>
         <run_address>0x346a</run_address>
         <size>0x688</size>
         <input_file_ref idref="fl-82"/>
      </object_component>
      <object_component id="oc-30">
         <name>.debug_info</name>
         <load_address>0x3af2</load_address>
         <run_address>0x3af2</run_address>
         <size>0x993</size>
         <input_file_ref idref="fl-83"/>
      </object_component>
      <object_component id="oc-33">
         <name>.debug_info</name>
         <load_address>0x4485</load_address>
         <run_address>0x4485</run_address>
         <size>0x7c2</size>
         <input_file_ref idref="fl-84"/>
      </object_component>
      <object_component id="oc-38">
         <name>.debug_info</name>
         <load_address>0x4c47</load_address>
         <run_address>0x4c47</run_address>
         <size>0x86a</size>
         <input_file_ref idref="fl-85"/>
      </object_component>
      <object_component id="oc-3b">
         <name>.debug_info</name>
         <load_address>0x54b1</load_address>
         <run_address>0x54b1</run_address>
         <size>0x76b</size>
         <input_file_ref idref="fl-86"/>
      </object_component>
      <object_component id="oc-3e">
         <name>.debug_info</name>
         <load_address>0x5c1c</load_address>
         <run_address>0x5c1c</run_address>
         <size>0x636</size>
         <input_file_ref idref="fl-87"/>
      </object_component>
      <object_component id="oc-41">
         <name>.debug_info</name>
         <load_address>0x6252</load_address>
         <run_address>0x6252</run_address>
         <size>0x630</size>
         <input_file_ref idref="fl-88"/>
      </object_component>
      <object_component id="oc-44">
         <name>.debug_info</name>
         <load_address>0x6882</load_address>
         <run_address>0x6882</run_address>
         <size>0x653</size>
         <input_file_ref idref="fl-89"/>
      </object_component>
      <object_component id="oc-47">
         <name>.debug_info</name>
         <load_address>0x6ed5</load_address>
         <run_address>0x6ed5</run_address>
         <size>0x649</size>
         <input_file_ref idref="fl-8a"/>
      </object_component>
      <object_component id="oc-4a">
         <name>.debug_info</name>
         <load_address>0x751e</load_address>
         <run_address>0x751e</run_address>
         <size>0x649</size>
         <input_file_ref idref="fl-8b"/>
      </object_component>
      <object_component id="oc-4d">
         <name>.debug_info</name>
         <load_address>0x7b67</load_address>
         <run_address>0x7b67</run_address>
         <size>0xa95</size>
         <input_file_ref idref="fl-8c"/>
      </object_component>
      <object_component id="oc-52">
         <name>.debug_info</name>
         <load_address>0x85fc</load_address>
         <run_address>0x85fc</run_address>
         <size>0x656</size>
         <input_file_ref idref="fl-8d"/>
      </object_component>
      <object_component id="oc-55">
         <name>.debug_info</name>
         <load_address>0x8c52</load_address>
         <run_address>0x8c52</run_address>
         <size>0x931</size>
         <input_file_ref idref="fl-8e"/>
      </object_component>
      <object_component id="oc-58">
         <name>.debug_info</name>
         <load_address>0x9583</load_address>
         <run_address>0x9583</run_address>
         <size>0xac9</size>
         <input_file_ref idref="fl-8f"/>
      </object_component>
      <object_component id="oc-5b">
         <name>.debug_info</name>
         <load_address>0xa04c</load_address>
         <run_address>0xa04c</run_address>
         <size>0x79d</size>
         <input_file_ref idref="fl-90"/>
      </object_component>
      <object_component id="oc-60">
         <name>.debug_info</name>
         <load_address>0xa7e9</load_address>
         <run_address>0xa7e9</run_address>
         <size>0x10c7</size>
         <input_file_ref idref="fl-91"/>
      </object_component>
      <object_component id="oc-65">
         <name>.debug_info</name>
         <load_address>0xb8b0</load_address>
         <run_address>0xb8b0</run_address>
         <size>0xcb</size>
         <input_file_ref idref="fl-92"/>
      </object_component>
      <object_component id="oc-68">
         <name>.debug_info</name>
         <load_address>0xb97b</load_address>
         <run_address>0xb97b</run_address>
         <size>0xac2</size>
         <input_file_ref idref="fl-93"/>
      </object_component>
      <object_component id="oc-6e">
         <name>.debug_info</name>
         <load_address>0xc43d</load_address>
         <run_address>0xc43d</run_address>
         <size>0x7a0</size>
         <input_file_ref idref="fl-94"/>
      </object_component>
      <object_component id="oc-71">
         <name>.debug_info</name>
         <load_address>0xcbdd</load_address>
         <run_address>0xcbdd</run_address>
         <size>0x9c8</size>
         <input_file_ref idref="fl-95"/>
      </object_component>
      <object_component id="oc-74">
         <name>.debug_info</name>
         <load_address>0xd5a5</load_address>
         <run_address>0xd5a5</run_address>
         <size>0x671</size>
         <input_file_ref idref="fl-96"/>
      </object_component>
      <object_component id="oc-77">
         <name>.debug_info</name>
         <load_address>0xdc16</load_address>
         <run_address>0xdc16</run_address>
         <size>0x69c</size>
         <input_file_ref idref="fl-97"/>
      </object_component>
      <object_component id="oc-7a">
         <name>.debug_info</name>
         <load_address>0xe2b2</load_address>
         <run_address>0xe2b2</run_address>
         <size>0x8ec</size>
         <input_file_ref idref="fl-98"/>
      </object_component>
      <object_component id="oc-7d">
         <name>.debug_info</name>
         <load_address>0xeb9e</load_address>
         <run_address>0xeb9e</run_address>
         <size>0xbc</size>
         <input_file_ref idref="fl-99"/>
      </object_component>
      <object_component id="oc-80">
         <name>.debug_info</name>
         <load_address>0xec5a</load_address>
         <run_address>0xec5a</run_address>
         <size>0x64e</size>
         <input_file_ref idref="fl-9a"/>
      </object_component>
      <object_component id="oc-83">
         <name>.debug_info</name>
         <load_address>0xf2a8</load_address>
         <run_address>0xf2a8</run_address>
         <size>0xbc</size>
         <input_file_ref idref="fl-9b"/>
      </object_component>
      <object_component id="oc-86">
         <name>.debug_info</name>
         <load_address>0xf364</load_address>
         <run_address>0xf364</run_address>
         <size>0x6ce</size>
         <input_file_ref idref="fl-9c"/>
      </object_component>
      <object_component id="oc-89">
         <name>.debug_info</name>
         <load_address>0xfa32</load_address>
         <run_address>0xfa32</run_address>
         <size>0x1075</size>
         <input_file_ref idref="fl-9d"/>
      </object_component>
      <object_component id="oc-8d">
         <name>.debug_info</name>
         <load_address>0x10aa7</load_address>
         <run_address>0x10aa7</run_address>
         <size>0x6d4</size>
         <input_file_ref idref="fl-9e"/>
      </object_component>
      <object_component id="oc-90">
         <name>.debug_info</name>
         <load_address>0x1117b</load_address>
         <run_address>0x1117b</run_address>
         <size>0x75b</size>
         <input_file_ref idref="fl-9f"/>
      </object_component>
      <object_component id="oc-93">
         <name>.debug_info</name>
         <load_address>0x118d6</load_address>
         <run_address>0x118d6</run_address>
         <size>0x62e</size>
         <input_file_ref idref="fl-a0"/>
      </object_component>
      <object_component id="oc-96">
         <name>.debug_info</name>
         <load_address>0x11f04</load_address>
         <run_address>0x11f04</run_address>
         <size>0x62e</size>
         <input_file_ref idref="fl-a1"/>
      </object_component>
      <object_component id="oc-99">
         <name>.debug_info</name>
         <load_address>0x12532</load_address>
         <run_address>0x12532</run_address>
         <size>0x64a</size>
         <input_file_ref idref="fl-a2"/>
      </object_component>
      <object_component id="oc-9c">
         <name>.debug_info</name>
         <load_address>0x12b7c</load_address>
         <run_address>0x12b7c</run_address>
         <size>0x659</size>
         <input_file_ref idref="fl-a3"/>
      </object_component>
      <object_component id="oc-a0">
         <name>.debug_info</name>
         <load_address>0x131d5</load_address>
         <run_address>0x131d5</run_address>
         <size>0xe43</size>
         <input_file_ref idref="fl-a4"/>
      </object_component>
      <object_component id="oc-a4">
         <name>.debug_info</name>
         <load_address>0x14018</load_address>
         <run_address>0x14018</run_address>
         <size>0x853</size>
         <input_file_ref idref="fl-a5"/>
      </object_component>
      <object_component id="oc-a8">
         <name>.debug_info</name>
         <load_address>0x1486b</load_address>
         <run_address>0x1486b</run_address>
         <size>0x7d0</size>
         <input_file_ref idref="fl-a6"/>
      </object_component>
      <object_component id="oc-ab">
         <name>.debug_info</name>
         <load_address>0x1503b</load_address>
         <run_address>0x1503b</run_address>
         <size>0x7b7</size>
         <input_file_ref idref="fl-a7"/>
      </object_component>
      <object_component id="oc-ae">
         <name>.debug_info</name>
         <load_address>0x157f2</load_address>
         <run_address>0x157f2</run_address>
         <size>0x636</size>
         <input_file_ref idref="fl-a8"/>
      </object_component>
      <object_component id="oc-b3">
         <name>.debug_info</name>
         <load_address>0x15e28</load_address>
         <run_address>0x15e28</run_address>
         <size>0x292c</size>
         <input_file_ref idref="fl-a9"/>
      </object_component>
      <object_component id="oc-b7">
         <name>.debug_info</name>
         <load_address>0x18754</load_address>
         <run_address>0x18754</run_address>
         <size>0x71e</size>
         <input_file_ref idref="fl-aa"/>
      </object_component>
      <object_component id="oc-bb">
         <name>.debug_info</name>
         <load_address>0x18e72</load_address>
         <run_address>0x18e72</run_address>
         <size>0x6d4</size>
         <input_file_ref idref="fl-ab"/>
      </object_component>
      <object_component id="oc-be">
         <name>.debug_info</name>
         <load_address>0x19546</load_address>
         <run_address>0x19546</run_address>
         <size>0x6cb</size>
         <input_file_ref idref="fl-ac"/>
      </object_component>
      <object_component id="oc-c1">
         <name>.debug_info</name>
         <load_address>0x19c11</load_address>
         <run_address>0x19c11</run_address>
         <size>0x6d8</size>
         <input_file_ref idref="fl-ad"/>
      </object_component>
      <object_component id="oc-c4">
         <name>.debug_info</name>
         <load_address>0x1a2e9</load_address>
         <run_address>0x1a2e9</run_address>
         <size>0x841</size>
         <input_file_ref idref="fl-ae"/>
      </object_component>
      <object_component id="oc-c7">
         <name>.debug_info</name>
         <load_address>0x1ab2a</load_address>
         <run_address>0x1ab2a</run_address>
         <size>0x6b9</size>
         <input_file_ref idref="fl-af"/>
      </object_component>
      <object_component id="oc-ca">
         <name>.debug_info</name>
         <load_address>0x1b1e3</load_address>
         <run_address>0x1b1e3</run_address>
         <size>0x7af</size>
         <input_file_ref idref="fl-b0"/>
      </object_component>
      <object_component id="oc-cd">
         <name>.debug_info</name>
         <load_address>0x1b992</load_address>
         <run_address>0x1b992</run_address>
         <size>0x5e4</size>
         <input_file_ref idref="fl-b1"/>
      </object_component>
      <object_component id="oc-cf">
         <name>.debug_info</name>
         <load_address>0x1bf76</load_address>
         <run_address>0x1bf76</run_address>
         <size>0x6d1</size>
         <input_file_ref idref="fl-b2"/>
      </object_component>
      <object_component id="oc-d3">
         <name>.debug_info</name>
         <load_address>0x1c647</load_address>
         <run_address>0x1c647</run_address>
         <size>0x993</size>
         <input_file_ref idref="fl-b3"/>
      </object_component>
      <object_component id="oc-d6">
         <name>.debug_info</name>
         <load_address>0x1cfda</load_address>
         <run_address>0x1cfda</run_address>
         <size>0xbc</size>
         <input_file_ref idref="fl-b4"/>
      </object_component>
      <object_component id="oc-d9">
         <name>.debug_info</name>
         <load_address>0x1d096</load_address>
         <run_address>0x1d096</run_address>
         <size>0xbc</size>
         <input_file_ref idref="fl-b5"/>
      </object_component>
      <object_component id="oc-dc">
         <name>.debug_info</name>
         <load_address>0x1d152</load_address>
         <run_address>0x1d152</run_address>
         <size>0x67e</size>
         <input_file_ref idref="fl-b6"/>
      </object_component>
      <object_component id="oc-df">
         <name>.debug_info</name>
         <load_address>0x1d7d0</load_address>
         <run_address>0x1d7d0</run_address>
         <size>0x681</size>
         <input_file_ref idref="fl-b7"/>
      </object_component>
      <object_component id="oc-e2">
         <name>.debug_info</name>
         <load_address>0x1de51</load_address>
         <run_address>0x1de51</run_address>
         <size>0x69a</size>
         <input_file_ref idref="fl-b8"/>
      </object_component>
      <object_component id="oc-e5">
         <name>.debug_info</name>
         <load_address>0x1e4eb</load_address>
         <run_address>0x1e4eb</run_address>
         <size>0x814</size>
         <input_file_ref idref="fl-b9"/>
      </object_component>
      <object_component id="oc-e8">
         <name>.debug_info</name>
[...]
      </symbol>
      <symbol id="sm-5f">
         <name>_output_size</name>
         <value>0x40bee8</value>
         <object_component_ref idref="oc-140"/>
      </symbol>
      <symbol id="sm-60">
         <name>_buffer</name>
         <value>0x40bb08</value>
         <object_component_ref idref="oc-19"/>
      </symbol>
      <symbol id="sm-61">
         <name>_oFileName</name>
         <value>0x40bec8</value>
         <object_component_ref idref="oc-13c"/>
      </symbol>
      <symbol id="sm-62">
         <name>_imresize</name>
         <value>0x400560</value>
         <object_component_ref idref="oc-136"/>
      </symbol>
      <symbol id="sm-6c">
         <name>__addf</name>
         <value>0x4045a0</value>
         <object_component_ref idref="oc-14f"/>
      </symbol>
      <symbol id="sm-78">
         <name>_c_int00</name>
         <value>0x40b2a0</value>
         <object_component_ref idref="oc-17"/>
      </symbol>
      <symbol id="sm-79">
         <name>__stack</name>
         <value>0x0</value>
         <object_component_ref idref="oc-21"/>
      </symbol>
      <symbol id="sm-83">
         <name>_ceil</name>
         <value>0x40ac60</value>
         <object_component_ref idref="oc-14e"/>
      </symbol>
      <symbol id="sm-8d">
         <name>__cmpd</name>
         <value>0x408fc0</value>
         <object_component_ref idref="oc-175"/>
      </symbol>
      <symbol id="sm-97">
         <name>__cvtdf</name>
         <value>0x4099e0</value>
         <object_component_ref idref="oc-14d"/>
      </symbol>
      <symbol id="sm-a1">
         <name>__cvtfd</name>
         <value>0x40b060</value>
         <object_component_ref idref="oc-14b"/>
      </symbol>
      <symbol id="sm-ad">
         <name>__divf</name>
         <value>0x404200</value>
         <object_component_ref idref="oc-149"/>
      </symbol>
      <symbol id="sm-bd">
         <name>C$$EXIT</name>
         <value>0x40b660</value>
         <object_component_ref idref="oc-137"/>
      </symbol>
      <symbol id="sm-be">
         <name>_exit</name>
         <value>0x409f20</value>
         <object_component_ref idref="oc-12a"/>
      </symbol>
      <symbol id="sm-bf">
         <name>___TI_enable_exit_profile_output</name>
         <value>0x40bba0</value>
         <object_component_ref idref="oc-35"/>
      </symbol>
      <symbol id="sm-c0">
         <name>_abort</name>
         <value>0x40b660</value>
         <object_component_ref idref="oc-137"/>
      </symbol>
      <symbol id="sm-c1">
         <name>__cleanup_ptr</name>
         <value>0x40bb98</value>
         <object_component_ref idref="oc-35"/>
      </symbol>
      <symbol id="sm-c2">
         <name>__dtors_ptr</name>
         <value>0x40bb9c</value>
         <object_component_ref idref="oc-35"/>
      </symbol>
      <symbol id="sm-ce">
         <name>__closefile</name>
         <value>0x407de0</value>
         <object_component_ref idref="oc-170"/>
      </symbol>
      <symbol id="sm-cf">
         <name>_fclose</name>
         <value>0x40ace0</value>
         <object_component_ref idref="oc-147"/>
      </symbol>
      <symbol id="sm-d9">
         <name>__doflush</name>
         <value>0x409180</value>
         <object_component_ref idref="oc-15f"/>
      </symbol>
      <symbol id="sm-e3">
         <name>__fixfi</name>
         <value>0x40aa60</value>
         <object_component_ref idref="oc-150"/>
      </symbol>
      <symbol id="sm-ed">
         <name>__fixfu</name>
         <value>0x40a580</value>
         <object_component_ref idref="oc-153"/>
      </symbol>
      <symbol id="sm-f7">
         <name>_floor</name>
         <value>0x40ad60</value>
         <object_component_ref idref="oc-14c"/>
      </symbol>
      <symbol id="sm-101">
         <name>__fltif</name>
         <value>0x40b0c0</value>
         <object_component_ref idref="oc-148"/>
      </symbol>
      <symbol id="sm-10b">
         <name>__fltuf</name>
         <value>0x40b420</value>
         <object_component_ref idref="oc-151"/>
      </symbol>
      <symbol id="sm-11f">
         <name>__cleanup</name>
         <value>0x409920</value>
         <object_component_ref idref="oc-178"/>
      </symbol>
      <symbol id="sm-120">
         <name>_fopen</name>
         <value>0x40ade0</value>
         <object_component_ref idref="oc-13a"/>
      </symbol>
      <symbol id="sm-12a">
         <name>__frcmpyf_div</name>
         <value>0x40b460</value>
         <object_component_ref idref="oc-172"/>
      </symbol>
      <symbol id="sm-134">
         <name>_fread</name>
         <value>0x404f40</value>
         <object_component_ref idref="oc-13d"/>
      </symbol>
      <symbol id="sm-13e">
         <name>_fwrite</name>
         <value>0x401de0</value>
         <object_component_ref idref="oc-141"/>
      </symbol>
      <symbol id="sm-14c">
         <name>_localtime</name>
         <value>0x409340</value>
         <object_component_ref idref="oc-145"/>
      </symbol>
      <symbol id="sm-16a">
         <name>_read</name>
         <value>0x40a160</value>
         <object_component_ref idref="oc-159"/>
      </symbol>
      <symbol id="sm-16b">
         <name>_unlink</name>
         <value>0x40afe0</value>
         <object_component_ref idref="oc-18e"/>
      </symbol>
      <symbol id="sm-16c">
         <name>_open</name>
         <value>0x4074c0</value>
         <object_component_ref idref="oc-179"/>
      </symbol>
      <symbol id="sm-16d">
         <name>_lseek</name>
         <value>0x409fe0</value>
         <object_component_ref idref="oc-181"/>
      </symbol>
      <symbol id="sm-16e">
         <name>_close</name>
         <value>0x408b00</value>
         <object_component_ref idref="oc-185"/>
      </symbol>
      <symbol id="sm-16f">
         <name>_write</name>
         <value>0x40a2e0</value>
         <object_component_ref idref="oc-160"/>
      </symbol>
      <symbol id="sm-177">
         <name>_memcpy</name>
         <value>0x409420</value>
         <object_component_ref idref="oc-134"/>
      </symbol>
      <symbol id="sm-18d">
         <name>__sys_memory</name>
         <value>0x200000</value>
         <object_component_ref idref="oc-6b"/>
      </symbol>
      <symbol id="sm-18e">
         <name>_free</name>
         <value>0x405240</value>
         <object_component_ref idref="oc-184"/>
      </symbol>
      <symbol id="sm-18f">
         <name>_malloc</name>
         <value>0x407300</value>
         <object_component_ref idref="oc-142"/>
      </symbol>
      <symbol id="sm-199">
         <name>_memset</name>
         <value>0x408d00</value>
         <object_component_ref idref="oc-143"/>
      </symbol>
      <symbol id="sm-1a7">
         <name>_mktime</name>
         <value>0x402360</value>
         <object_component_ref idref="oc-165"/>
      </symbol>
      <symbol id="sm-1b1">
         <name>_modf</name>
         <value>0x409500</value>
         <object_component_ref idref="oc-174"/>
      </symbol>
      <symbol id="sm-1bb">
         <name>__mpyf</name>
         <value>0x406660</value>
         <object_component_ref idref="oc-14a"/>
      </symbol>
      <symbol id="sm-1c9">
         <name>_printf</name>
         <value>0x4096c0</value>
         <object_component_ref idref="oc-13e"/>
      </symbol>
      <symbol id="sm-1d1">
         <name>__remi</name>
         <value>0x409da0</value>
         <object_component_ref idref="oc-169"/>
      </symbol>
      <symbol id="sm-1d2">
         <name>__c6xabi_remi</name>
         <value>0x409da0</value>
         <object_component_ref idref="oc-169"/>
      </symbol>
      <symbol id="sm-1dc">
         <name>_remove</name>
         <value>0x40b680</value>
         <object_component_ref idref="oc-186"/>
      </symbol>
      <symbol id="sm-1e4">
         <name>__remu</name>
         <value>0x40a620</value>
         <object_component_ref idref="oc-164"/>
      </symbol>
      <symbol id="sm-1e5">
         <name>__c6xabi_remu</name>
         <value>0x40a620</value>
         <object_component_ref idref="oc-164"/>
      </symbol>
      <symbol id="sm-1ef">
         <name>_rewind</name>
         <value>0x40b6a0</value>
         <object_component_ref idref="oc-13f"/>
      </symbol>
      <symbol id="sm-201">
         <name>_strftime</name>
         <value>0x4009c0</value>
         <object_component_ref idref="oc-146"/>
      </symbol>
      <symbol id="sm-20b">
         <name>_strlen</name>
         <value>0x40b560</value>
         <object_component_ref idref="oc-167"/>
      </symbol>
      <symbol id="sm-215">
         <name>_strncpy</name>
         <value>0x40a220</value>
         <object_component_ref idref="oc-16e"/>
      </symbol>
      <symbol id="sm-21f">
         <name>__subd</name>
         <value>0x40b4e0</value>
         <object_component_ref idref="oc-176"/>
      </symbol>
      <symbol id="sm-229">
         <name>__subf</name>
         <value>0x40b520</value>
         <object_component_ref idref="oc-152"/>
      </symbol>
      <symbol id="sm-233">
         <name>_time</name>
         <value>0x40b5a0</value>
         <object_component_ref idref="oc-144"/>
      </symbol>
      <symbol id="sm-23d">
         <name>__tz</name>
         <value>0x40bb80</value>
         <object_component_ref idref="oc-9e"/>
      </symbol>
      <symbol id="sm-257">
         <name>_HOSTopen</name>
         <value>0x408600</value>
         <object_component_ref idref="oc-12b"/>
      </symbol>
      <symbol id="sm-258">
         <name>_HOSTread</name>
         <value>0x408700</value>
         <object_component_ref idref="oc-12d"/>
      </symbol>
      <symbol id="sm-259">
         <name>_HOSTtime</name>
         <value>0x409860</value>
         <object_component_ref idref="oc-163"/>
      </symbol>
      <symbol id="sm-25a">
         <name>_HOSTrename</name>
         <value>0x406d20</value>
         <object_component_ref idref="oc-131"/>
      </symbol>
      <symbol id="sm-25b">
         <name>_HOSTwrite</name>
         <value>0x408800</value>
         <object_component_ref idref="oc-12e"/>
      </symbol>
      <symbol id="sm-25c">
         <name>_HOSTlseek</name>
         <value>0x408060</value>
         <object_component_ref idref="oc-12f"/>
      </symbol>
      <symbol id="sm-25d">
         <name>_HOSTunlink</name>
         <value>0x408e00</value>
         <object_component_ref idref="oc-130"/>
      </symbol>
      <symbol id="sm-25e">
         <name>_HOSTclose</name>
         <value>0x4097a0</value>
         <object_component_ref idref="oc-12c"/>
      </symbol>
      <symbol id="sm-26c">
         <name>C$$IO$$</name>
         <value>0x40b358</value>
         <object_component_ref idref="oc-138"/>
      </symbol>
      <symbol id="sm-26d">
         <name>__CIOBUF_</name>
         <value>0x40c078</value>
         <object_component_ref idref="oc-a5"/>
      </symbol>
      <symbol id="sm-26e">
         <name>_readmsg</name>
         <value>0x40aee0</value>
         <object_component_ref idref="oc-139"/>
      </symbol>
      <symbol id="sm-26f">
         <name>_writemsg</name>
         <value>0x40b300</value>
         <object_component_ref idref="oc-138"/>
      </symbol>
      <symbol id="sm-279">
         <name>__buff_read</name>
         <value>0x408180</value>
         <object_component_ref idref="oc-157"/>
      </symbol>
      <symbol id="sm-285">
         <name>__rd_ok</name>
         <value>0x409ce0</value>
         <object_component_ref idref="oc-156"/>
      </symbol>
      <symbol id="sm-286">
         <name>__wrt_ok</name>
         <value>0x4083c0</value>
         <object_component_ref idref="oc-15e"/>
      </symbol>
      <symbol id="sm-294">
         <name>__unlock</name>
         <value>0x40bbb8</value>
         <object_component_ref idref="oc-b0"/>
      </symbol>
      <symbol id="sm-295">
         <name>__lock</name>
         <value>0x40bbb4</value>
         <object_component_ref idref="oc-b0"/>
      </symbol>
      <symbol id="sm-296">
         <name>__nop</name>
         <value>0x40b600</value>
         <object_component_ref idref="oc-132"/>
      </symbol>
      <symbol id="sm-2c6">
         <name>__printfi</name>
         <value>0x402d80</value>
         <object_component_ref idref="oc-15b"/>
      </symbol>
      <symbol id="sm-2d2">
         <name>__tvaltostr</name>
         <value>0x409e60</value>
         <object_component_ref idref="oc-16a"/>
      </symbol>
      <symbol id="sm-2dc">
         <name>__addd</name>
         <value>0x406420</value>
         <object_component_ref idref="oc-177"/>
      </symbol>
      <symbol id="sm-2e6">
         <name>__args_main</name>
         <value>0x40b3e0</value>
         <object_component_ref idref="oc-129"/>
      </symbol>
      <symbol id="sm-2e7">
         <name>__TI_args_main</name>
         <value>0x1</value>
      </symbol>
      <symbol id="sm-2f1">
         <name>_atoi</name>
         <value>0x4084e0</value>
         <object_component_ref idref="oc-18a"/>
      </symbol>
      <symbol id="sm-2fb">
         <name>__auto_init</name>
         <value>0x408ee0</value>
         <object_component_ref idref="oc-128"/>
      </symbol>
      <symbol id="sm-305">
         <name>___TI_cpp_init</name>
         <value>0x40a9e0</value>
         <object_component_ref idref="oc-135"/>
      </symbol>
      <symbol id="sm-30f">
         <name>_copy_in</name>
         <value>0x40a760</value>
         <object_component_ref idref="oc-133"/>
      </symbol>
      <symbol id="sm-317">
         <name>__ctypes_</name>
         <value>0x40bbd0</value>
         <object_component_ref idref="oc-191"/>
      </symbol>
      <symbol id="sm-321">
         <name>__tmpnams</name>
         <value>0x40b8a0</value>
         <object_component_ref idref="oc-d1"/>
      </symbol>
      <symbol id="sm-322">
         <name>__ft_end</name>
         <value>0x40b9e0</value>
         <object_component_ref idref="oc-d1"/>
      </symbol>
      <symbol id="sm-323">
         <name>__ftable</name>
         <value>0x40b6c0</value>
         <object_component_ref idref="oc-d1"/>
      </symbol>
      <symbol id="sm-32f">
         <name>__divd</name>
         <value>0x401820</value>
         <object_component_ref idref="oc-1a1"/>
      </symbol>
      <symbol id="sm-337">
         <name>__c6xabi_divi</name>
         <value>0x408900</value>
         <object_component_ref idref="oc-16f"/>
      </symbol>
      <symbol id="sm-338">
         <name>__divi</name>
         <value>0x408900</value>
         <object_component_ref idref="oc-16f"/>
      </symbol>
      <symbol id="sm-340">
         <name>__c6xabi_divu</name>
         <value>0x409aa0</value>
         <object_component_ref idref="oc-158"/>
      </symbol>
      <symbol id="sm-341">
         <name>__divu</name>
         <value>0x409aa0</value>
         <object_component_ref idref="oc-158"/>
      </symbol>
      <symbol id="sm-34b">
         <name>__fixdi</name>
         <value>0x40a440</value>
         <object_component_ref idref="oc-1a7"/>
      </symbol>
      <symbol id="sm-355">
         <name>__fixdli</name>
         <value>0x40a4e0</value>
         <object_component_ref idref="oc-1a4"/>
      </symbol>
      <symbol id="sm-35f">
         <name>__fltlid</name>
         <value>0x40aae0</value>
         <object_component_ref idref="oc-1a6"/>
      </symbol>
      <symbol id="sm-369">
         <name>_putc</name>
         <value>0x4061c0</value>
         <object_component_ref idref="oc-180"/>
      </symbol>
      <symbol id="sm-36a">
         <name>_fputc</name>
         <value>0x4061c0</value>
         <object_component_ref idref="oc-180"/>
      </symbol>
      <symbol id="sm-376">
         <name>_fputs</name>
         <value>0x403240</value>
         <object_component_ref idref="oc-17b"/>
      </symbol>
      <symbol id="sm-380">
         <name>__frcaddd</name>
         <value>0x405d00</value>
         <object_component_ref idref="oc-187"/>
      </symbol>
      <symbol id="sm-38a">
         <name>__frcmpyd_div</name>
         <value>0x408a00</value>
         <object_component_ref idref="oc-1aa"/>
      </symbol>
      <symbol id="sm-394">
         <name>__frcmpyf</name>
         <value>0x40b120</value>
         <object_component_ref idref="oc-173"/>
      </symbol>
      <symbol id="sm-39e">
         <name>_fseek</name>
         <value>0x407820</value>
         <object_component_ref idref="oc-15d"/>
      </symbol>
      <symbol id="sm-3ac">
         <name>__divul</name>
         <value>0x407680</value>
         <object_component_ref idref="oc-1ab"/>
      </symbol>
      <symbol id="sm-3ad">
         <name>__remli</name>
         <value>0x40b1e0</value>
         <object_component_ref idref="oc-1ad"/>
      </symbol>
      <symbol id="sm-3ae">
         <name>__divli</name>
         <value>0x40a3a0</value>
         <object_component_ref idref="oc-1ae"/>
      </symbol>
      <symbol id="sm-3ba">
         <name>__subcull</name>
         <value>0x40b240</value>
         <object_component_ref idref="oc-1b0"/>
      </symbol>
      <symbol id="sm-3bb">
         <name>__divull</name>
         <value>0x405520</value>
         <object_component_ref idref="oc-1ac"/>
      </symbol>
      <symbol id="sm-3c5">
         <name>___isinf</name>
         <value>0x40b360</value>
         <object_component_ref idref="oc-193"/>
      </symbol>
      <symbol id="sm-3d1">
         <name>__llshl</name>
         <value>0x40ab60</value>
         <object_component_ref idref="oc-1af"/>
      </symbol>
      <symbol id="sm-3d2">
         <name>__llshru</name>
         <value>0x40b180</value>
         <object_component_ref idref="oc-1b1"/>
      </symbol>
      <symbol id="sm-3dc">
         <name>_ltoa</name>
         <value>0x408c00</value>
         <object_component_ref idref="oc-1a5"/>
      </symbol>
      <symbol id="sm-3e6">
         <name>_memccpy</name>
         <value>0x40ae60</value>
         <object_component_ref idref="oc-18d"/>
      </symbol>
      <symbol id="sm-3f0">
         <name>__mpyd</name>
         <value>0x405a80</value>
         <object_component_ref idref="oc-1a0"/>
      </symbol>
      <symbol id="sm-3fa">
         <name>__mpyll</name>
         <value>0x40abe0</value>
         <object_component_ref idref="oc-1a3"/>
      </symbol>
      <symbol id="sm-404">
         <name>__negd</name>
         <value>0x40b4a0</value>
         <object_component_ref idref="oc-194"/>
      </symbol>
      <symbol id="sm-40e">
         <name>__negll</name>
         <value>0x40b5e0</value>
         <object_component_ref idref="oc-199"/>
      </symbol>
      <symbol id="sm-418">
         <name>__renormd</name>
         <value>0x40a6c0</value>
         <object_component_ref idref="oc-18f"/>
      </symbol>
      <symbol id="sm-422">
         <name>_setvbuf</name>
         <value>0x406ae0</value>
         <object_component_ref idref="oc-17a"/>
      </symbol>
      <symbol id="sm-42c">
         <name>_strcat</name>
         <value>0x40a8a0</value>
         <object_component_ref idref="oc-16c"/>
      </symbol>
      <symbol id="sm-436">
         <name>_strcpy</name>
         <value>0x40af60</value>
         <object_component_ref idref="oc-168"/>
      </symbol>
      <symbol id="sm-447">
         <name>__frcmpyd</name>
         <value>0x4082a0</value>
         <object_component_ref idref="oc-1a8"/>
      </symbol>
   </symbol_table>
</link_info>
